running egg_info
creating ../../../build/global_planner/global_planner.egg-info
writing ../../../build/global_planner/global_planner.egg-info/PKG-INFO
writing dependency_links to ../../../build/global_planner/global_planner.egg-info/dependency_links.txt
writing entry points to ../../../build/global_planner/global_planner.egg-info/entry_points.txt
writing requirements to ../../../build/global_planner/global_planner.egg-info/requires.txt
writing top-level names to ../../../build/global_planner/global_planner.egg-info/top_level.txt
writing manifest file '../../../build/global_planner/global_planner.egg-info/SOURCES.txt'
reading manifest file '../../../build/global_planner/global_planner.egg-info/SOURCES.txt'
adding license file 'LICENSE'
writing manifest file '../../../build/global_planner/global_planner.egg-info/SOURCES.txt'
running build
running build_py
creating /home/antreas/MsC/Q2/RO47005/finalAssignment/RO47005-Project/build/global_planner/build
creating /home/antreas/MsC/Q2/RO47005/finalAssignment/RO47005-Project/build/global_planner/build/lib
creating /home/antreas/MsC/Q2/RO47005/finalAssignment/RO47005-Project/build/global_planner/build/lib/global_planner
copying global_planner/__init__.py -> /home/antreas/MsC/Q2/RO47005/finalAssignment/RO47005-Project/build/global_planner/build/lib/global_planner
running install
running install_lib
creating /home/antreas/MsC/Q2/RO47005/finalAssignment/RO47005-Project/install/global_planner/lib/python3.10/site-packages/global_planner
copying /home/antreas/MsC/Q2/RO47005/finalAssignment/RO47005-Project/build/global_planner/build/lib/global_planner/__init__.py -> /home/antreas/MsC/Q2/RO47005/finalAssignment/RO47005-Project/install/global_planner/lib/python3.10/site-packages/global_planner
byte-compiling /home/antreas/MsC/Q2/RO47005/finalAssignment/RO47005-Project/install/global_planner/lib/python3.10/site-packages/global_planner/__init__.py to __init__.cpython-310.pyc
running install_data
creating /home/antreas/MsC/Q2/RO47005/finalAssignment/RO47005-Project/install/global_planner/share/ament_index
creating /home/antreas/MsC/Q2/RO47005/finalAssignment/RO47005-Project/install/global_planner/share/ament_index/resource_index
creating /home/antreas/MsC/Q2/RO47005/finalAssignment/RO47005-Project/install/global_planner/share/ament_index/resource_index/packages
copying resource/global_planner -> /home/antreas/MsC/Q2/RO47005/finalAssignment/RO47005-Project/install/global_planner/share/ament_index/resource_index/packages
copying package.xml -> /home/antreas/MsC/Q2/RO47005/finalAssignment/RO47005-Project/install/global_planner/share/global_planner
running install_egg_info
Copying ../../../build/global_planner/global_planner.egg-info to /home/antreas/MsC/Q2/RO47005/finalAssignment/RO47005-Project/install/global_planner/lib/python3.10/site-packages/global_planner-0.0.0-py3.10.egg-info
running install_scripts
writing list of installed files to '/home/antreas/MsC/Q2/RO47005/finalAssignment/RO47005-Project/build/global_planner/install.log'
