[1.801s] Invoking command in '/home/antreas/MsC/Q2/RO47005/finalAssignment/RO47005-Project/drone_ws/src/global_planner': PYTHONPATH=/home/antreas/MsC/Q2/RO47005/finalAssignment/RO47005-Project/build/global_planner/prefix_override:/usr/lib/python3/dist-packages/colcon_core/task/python/colcon_distutils_commands:/home/antreas/MsC/Q2/RO47005/finalAssignment/RO47005-Project/install/global_planner/lib/python3.10/site-packages:${PYTHONPATH} /usr/bin/python3 -W ignore:setup.py install is deprecated setup.py egg_info --egg-base ../../../build/global_planner build --build-base /home/antreas/MsC/Q2/RO47005/finalAssignment/RO47005-Project/build/global_planner/build install --record /home/antreas/MsC/Q2/RO47005/finalAssignment/RO47005-Project/build/global_planner/install.log --single-version-externally-managed install_data
[2.195s] running egg_info
[2.196s] creating ../../../build/global_planner/global_planner.egg-info
[2.197s] writing ../../../build/global_planner/global_planner.egg-info/PKG-INFO
[2.197s] writing dependency_links to ../../../build/global_planner/global_planner.egg-info/dependency_links.txt
[2.197s] writing entry points to ../../../build/global_planner/global_planner.egg-info/entry_points.txt
[2.197s] writing requirements to ../../../build/global_planner/global_planner.egg-info/requires.txt
[2.197s] writing top-level names to ../../../build/global_planner/global_planner.egg-info/top_level.txt
[2.198s] writing manifest file '../../../build/global_planner/global_planner.egg-info/SOURCES.txt'
[2.200s] reading manifest file '../../../build/global_planner/global_planner.egg-info/SOURCES.txt'
[2.200s] adding license file 'LICENSE'
[2.201s] writing manifest file '../../../build/global_planner/global_planner.egg-info/SOURCES.txt'
[2.201s] running build
[2.202s] running build_py
[2.202s] creating /home/antreas/MsC/Q2/RO47005/finalAssignment/RO47005-Project/build/global_planner/build
[2.202s] creating /home/antreas/MsC/Q2/RO47005/finalAssignment/RO47005-Project/build/global_planner/build/lib
[2.202s] creating /home/antreas/MsC/Q2/RO47005/finalAssignment/RO47005-Project/build/global_planner/build/lib/global_planner
[2.202s] copying global_planner/__init__.py -> /home/antreas/MsC/Q2/RO47005/finalAssignment/RO47005-Project/build/global_planner/build/lib/global_planner
[2.202s] running install
[2.203s] running install_lib
[2.204s] creating /home/antreas/MsC/Q2/RO47005/finalAssignment/RO47005-Project/install/global_planner/lib/python3.10/site-packages/global_planner
[2.204s] copying /home/antreas/MsC/Q2/RO47005/finalAssignment/RO47005-Project/build/global_planner/build/lib/global_planner/__init__.py -> /home/antreas/MsC/Q2/RO47005/finalAssignment/RO47005-Project/install/global_planner/lib/python3.10/site-packages/global_planner
[2.204s] byte-compiling /home/antreas/MsC/Q2/RO47005/finalAssignment/RO47005-Project/install/global_planner/lib/python3.10/site-packages/global_planner/__init__.py to __init__.cpython-310.pyc
[2.204s] running install_data
[2.205s] creating /home/antreas/MsC/Q2/RO47005/finalAssignment/RO47005-Project/install/global_planner/share/ament_index
[2.205s] creating /home/antreas/MsC/Q2/RO47005/finalAssignment/RO47005-Project/install/global_planner/share/ament_index/resource_index
[2.205s] creating /home/antreas/MsC/Q2/RO47005/finalAssignment/RO47005-Project/install/global_planner/share/ament_index/resource_index/packages
[2.205s] copying resource/global_planner -> /home/antreas/MsC/Q2/RO47005/finalAssignment/RO47005-Project/install/global_planner/share/ament_index/resource_index/packages
[2.205s] copying package.xml -> /home/antreas/MsC/Q2/RO47005/finalAssignment/RO47005-Project/install/global_planner/share/global_planner
[2.205s] running install_egg_info
[2.207s] Copying ../../../build/global_planner/global_planner.egg-info to /home/antreas/MsC/Q2/RO47005/finalAssignment/RO47005-Project/install/global_planner/lib/python3.10/site-packages/global_planner-0.0.0-py3.10.egg-info
[2.208s] running install_scripts
[2.247s] writing list of installed files to '/home/antreas/MsC/Q2/RO47005/finalAssignment/RO47005-Project/build/global_planner/install.log'
[2.300s] Invoked command in '/home/antreas/MsC/Q2/RO47005/finalAssignment/RO47005-Project/drone_ws/src/global_planner' returned '0': PYTHONPATH=/home/antreas/MsC/Q2/RO47005/finalAssignment/RO47005-Project/build/global_planner/prefix_override:/usr/lib/python3/dist-packages/colcon_core/task/python/colcon_distutils_commands:/home/antreas/MsC/Q2/RO47005/finalAssignment/RO47005-Project/install/global_planner/lib/python3.10/site-packages:${PYTHONPATH} /usr/bin/python3 -W ignore:setup.py install is deprecated setup.py egg_info --egg-base ../../../build/global_planner build --build-base /home/antreas/MsC/Q2/RO47005/finalAssignment/RO47005-Project/build/global_planner/build install --record /home/antreas/MsC/Q2/RO47005/finalAssignment/RO47005-Project/build/global_planner/install.log --single-version-externally-managed install_data
