[1.212s] Invoking command in '/home/antreas/MsC/Q2/RO47005/finalAssignment/RO47005-Project/ro47005_drone_simulator/src/scenario_creator': PYTHONPATH=/home/antreas/MsC/Q2/RO47005/finalAssignment/RO47005-Project/ro47005_drone_simulator/build/scenario_creator/prefix_override:/usr/lib/python3/dist-packages/colcon_core/task/python/colcon_distutils_commands:/home/antreas/MsC/Q2/RO47005/finalAssignment/RO47005-Project/ro47005_drone_simulator/install/scenario_creator/lib/python3.10/site-packages:${PYTHONPATH} /usr/bin/python3 -W ignore:setup.py install is deprecated setup.py egg_info --egg-base ../../build/scenario_creator build --build-base /home/antreas/MsC/Q2/RO47005/finalAssignment/RO47005-Project/ro47005_drone_simulator/build/scenario_creator/build install --record /home/antreas/MsC/Q2/RO47005/finalAssignment/RO47005-Project/ro47005_drone_simulator/build/scenario_creator/install.log --single-version-externally-managed install_data
[1.498s] running egg_info
[1.499s] writing ../../build/scenario_creator/scenario_creator.egg-info/PKG-INFO
[1.499s] writing dependency_links to ../../build/scenario_creator/scenario_creator.egg-info/dependency_links.txt
[1.499s] writing entry points to ../../build/scenario_creator/scenario_creator.egg-info/entry_points.txt
[1.500s] writing requirements to ../../build/scenario_creator/scenario_creator.egg-info/requires.txt
[1.500s] writing top-level names to ../../build/scenario_creator/scenario_creator.egg-info/top_level.txt
[1.502s] reading manifest file '../../build/scenario_creator/scenario_creator.egg-info/SOURCES.txt'
[1.502s] adding license file 'LICENSE'
[1.503s] writing manifest file '../../build/scenario_creator/scenario_creator.egg-info/SOURCES.txt'
[1.503s] running build
[1.504s] running build_py
[1.504s] running install
[1.504s] running install_lib
[1.506s] running install_data
[1.506s] running install_egg_info
[1.508s] removing '/home/antreas/MsC/Q2/RO47005/finalAssignment/RO47005-Project/ro47005_drone_simulator/install/scenario_creator/lib/python3.10/site-packages/scenario_creator-0.0.0-py3.10.egg-info' (and everything under it)
[1.508s] Copying ../../build/scenario_creator/scenario_creator.egg-info to /home/antreas/MsC/Q2/RO47005/finalAssignment/RO47005-Project/ro47005_drone_simulator/install/scenario_creator/lib/python3.10/site-packages/scenario_creator-0.0.0-py3.10.egg-info
[1.509s] running install_scripts
[1.535s] writing list of installed files to '/home/antreas/MsC/Q2/RO47005/finalAssignment/RO47005-Project/ro47005_drone_simulator/build/scenario_creator/install.log'
[1.562s] Invoked command in '/home/antreas/MsC/Q2/RO47005/finalAssignment/RO47005-Project/ro47005_drone_simulator/src/scenario_creator' returned '0': PYTHONPATH=/home/antreas/MsC/Q2/RO47005/finalAssignment/RO47005-Project/ro47005_drone_simulator/build/scenario_creator/prefix_override:/usr/lib/python3/dist-packages/colcon_core/task/python/colcon_distutils_commands:/home/antreas/MsC/Q2/RO47005/finalAssignment/RO47005-Project/ro47005_drone_simulator/install/scenario_creator/lib/python3.10/site-packages:${PYTHONPATH} /usr/bin/python3 -W ignore:setup.py install is deprecated setup.py egg_info --egg-base ../../build/scenario_creator build --build-base /home/antreas/MsC/Q2/RO47005/finalAssignment/RO47005-Project/ro47005_drone_simulator/build/scenario_creator/build install --record /home/antreas/MsC/Q2/RO47005/finalAssignment/RO47005-Project/ro47005_drone_simulator/build/scenario_creator/install.log --single-version-externally-managed install_data
