[0.087s] [34mcolcon[0m [1;30mDEBUG[0m [32mCommand line arguments: ['/usr/bin/colcon', 'build'][0m
[0.087s] [34mcolcon[0m [1;30mDEBUG[0m [32mParsed command line arguments: Namespace(log_base=None, log_level=None, verb_name='build', build_base='build', install_base='install', merge_install=False, symlink_install=False, test_result_base=None, continue_on_error=False, executor='parallel', parallel_workers=8, event_handlers=None, ignore_user_meta=False, metas=['./colcon.meta'], base_paths=['.'], packages_ignore=None, packages_ignore_regex=None, paths=None, packages_up_to=None, packages_up_to_regex=None, packages_above=None, packages_above_and_dependencies=None, packages_above_depth=None, packages_select_by_dep=None, packages_skip_by_dep=None, packages_skip_up_to=None, packages_select_build_failed=False, packages_skip_build_finished=False, packages_select_test_failures=False, packages_skip_test_passed=False, packages_select=None, packages_skip=None, packages_select_regex=None, packages_skip_regex=None, packages_start=None, packages_end=None, allow_overriding=[], cmake_args=None, cmake_target=None, cmake_target_skip_unavailable=False, cmake_clean_cache=False, cmake_clean_first=False, cmake_force_configure=False, ament_cmake_args=None, catkin_cmake_args=None, catkin_skip_building_tests=False, verb_parser=<colcon_defaults.argument_parser.defaults.DefaultArgumentsDecorator object at 0x7b3bae824160>, verb_extension=<colcon_core.verb.build.BuildVerb object at 0x7b3bae9f7100>, main=<bound method BuildVerb.main of <colcon_core.verb.build.BuildVerb object at 0x7b3bae9f7100>>)[0m
[0.245s] [34mcolcon.colcon_core.package_discovery[0m [1;30mLevel 1[0m discover_packages(colcon_meta) check parameters
[0.245s] [34mcolcon.colcon_core.package_discovery[0m [1;30mLevel 1[0m discover_packages(recursive) check parameters
[0.245s] [34mcolcon.colcon_core.package_discovery[0m [1;30mLevel 1[0m discover_packages(ignore) check parameters
[0.245s] [34mcolcon.colcon_core.package_discovery[0m [1;30mLevel 1[0m discover_packages(path) check parameters
[0.245s] [34mcolcon.colcon_core.package_discovery[0m [1;30mLevel 1[0m discover_packages(colcon_meta) discover
[0.245s] [34mcolcon.colcon_core.package_discovery[0m [1;30mLevel 1[0m discover_packages(recursive) discover
[0.245s] [34mcolcon.colcon_core.package_discovery[0m [1;30mINFO[0m Crawling recursively for packages in '/home/antreas/MsC/Q2/RO47005/finalAssignment/RO47005-Project/drone_ws'
[0.245s] [34mcolcon.colcon_core.package_identification[0m [1;30mLevel 1[0m _identify(.) by extensions ['ignore', 'ignore_ament_install']
[0.245s] [34mcolcon.colcon_core.package_identification[0m [1;30mLevel 1[0m _identify(.) by extension 'ignore'
[0.245s] [34mcolcon.colcon_core.package_identification[0m [1;30mLevel 1[0m _identify(.) by extension 'ignore_ament_install'
[0.246s] [34mcolcon.colcon_core.package_identification[0m [1;30mLevel 1[0m _identify(.) by extensions ['colcon_pkg']
[0.246s] [34mcolcon.colcon_core.package_identification[0m [1;30mLevel 1[0m _identify(.) by extension 'colcon_pkg'
[0.246s] [34mcolcon.colcon_core.package_identification[0m [1;30mLevel 1[0m _identify(.) by extensions ['colcon_meta']
[0.246s] [34mcolcon.colcon_core.package_identification[0m [1;30mLevel 1[0m _identify(.) by extension 'colcon_meta'
[0.246s] [34mcolcon.colcon_core.package_identification[0m [1;30mLevel 1[0m _identify(.) by extensions ['ros']
[0.246s] [34mcolcon.colcon_core.package_identification[0m [1;30mLevel 1[0m _identify(.) by extension 'ros'
[0.261s] [34mcolcon.colcon_core.package_identification[0m [1;30mLevel 1[0m _identify(.) by extensions ['cmake', 'python']
[0.261s] [34mcolcon.colcon_core.package_identification[0m [1;30mLevel 1[0m _identify(.) by extension 'cmake'
[0.261s] [34mcolcon.colcon_core.package_identification[0m [1;30mLevel 1[0m _identify(.) by extension 'python'
[0.261s] [34mcolcon.colcon_core.package_identification[0m [1;30mLevel 1[0m _identify(.) by extensions ['python_setup_py']
[0.261s] [34mcolcon.colcon_core.package_identification[0m [1;30mLevel 1[0m _identify(.) by extension 'python_setup_py'
[0.261s] [34mcolcon.colcon_core.package_identification[0m [1;30mLevel 1[0m _identify(build) by extensions ['ignore', 'ignore_ament_install']
[0.261s] [34mcolcon.colcon_core.package_identification[0m [1;30mLevel 1[0m _identify(build) by extension 'ignore'
[0.261s] [34mcolcon.colcon_core.package_identification[0m [1;30mLevel 1[0m _identify(build) ignored
[0.261s] [34mcolcon.colcon_core.package_identification[0m [1;30mLevel 1[0m _identify(install) by extensions ['ignore', 'ignore_ament_install']
[0.262s] [34mcolcon.colcon_core.package_identification[0m [1;30mLevel 1[0m _identify(install) by extension 'ignore'
[0.262s] [34mcolcon.colcon_core.package_identification[0m [1;30mLevel 1[0m _identify(install) ignored
[0.262s] [34mcolcon.colcon_core.package_identification[0m [1;30mLevel 1[0m _identify(log) by extensions ['ignore', 'ignore_ament_install']
[0.262s] [34mcolcon.colcon_core.package_identification[0m [1;30mLevel 1[0m _identify(log) by extension 'ignore'
[0.262s] [34mcolcon.colcon_core.package_identification[0m [1;30mLevel 1[0m _identify(log) ignored
[0.262s] [34mcolcon.colcon_core.package_identification[0m [1;30mLevel 1[0m _identify(src) by extensions ['ignore', 'ignore_ament_install']
[0.262s] [34mcolcon.colcon_core.package_identification[0m [1;30mLevel 1[0m _identify(src) by extension 'ignore'
[0.262s] [34mcolcon.colcon_core.package_identification[0m [1;30mLevel 1[0m _identify(src) by extension 'ignore_ament_install'
[0.262s] [34mcolcon.colcon_core.package_identification[0m [1;30mLevel 1[0m _identify(src) by extensions ['colcon_pkg']
[0.262s] [34mcolcon.colcon_core.package_identification[0m [1;30mLevel 1[0m _identify(src) by extension 'colcon_pkg'
[0.262s] [34mcolcon.colcon_core.package_identification[0m [1;30mLevel 1[0m _identify(src) by extensions ['colcon_meta']
[0.262s] [34mcolcon.colcon_core.package_identification[0m [1;30mLevel 1[0m _identify(src) by extension 'colcon_meta'
[0.262s] [34mcolcon.colcon_core.package_identification[0m [1;30mLevel 1[0m _identify(src) by extensions ['ros']
[0.262s] [34mcolcon.colcon_core.package_identification[0m [1;30mLevel 1[0m _identify(src) by extension 'ros'
[0.262s] [34mcolcon.colcon_core.package_identification[0m [1;30mLevel 1[0m _identify(src) by extensions ['cmake', 'python']
[0.262s] [34mcolcon.colcon_core.package_identification[0m [1;30mLevel 1[0m _identify(src) by extension 'cmake'
[0.262s] [34mcolcon.colcon_core.package_identification[0m [1;30mLevel 1[0m _identify(src) by extension 'python'
[0.262s] [34mcolcon.colcon_core.package_identification[0m [1;30mLevel 1[0m _identify(src) by extensions ['python_setup_py']
[0.262s] [34mcolcon.colcon_core.package_identification[0m [1;30mLevel 1[0m _identify(src) by extension 'python_setup_py'
[0.262s] [34mcolcon.colcon_core.package_identification[0m [1;30mLevel 1[0m _identify(src/drone_mpc) by extensions ['ignore', 'ignore_ament_install']
[0.262s] [34mcolcon.colcon_core.package_identification[0m [1;30mLevel 1[0m _identify(src/drone_mpc) by extension 'ignore'
[0.262s] [34mcolcon.colcon_core.package_identification[0m [1;30mLevel 1[0m _identify(src/drone_mpc) by extension 'ignore_ament_install'
[0.262s] [34mcolcon.colcon_core.package_identification[0m [1;30mLevel 1[0m _identify(src/drone_mpc) by extensions ['colcon_pkg']
[0.262s] [34mcolcon.colcon_core.package_identification[0m [1;30mLevel 1[0m _identify(src/drone_mpc) by extension 'colcon_pkg'
[0.262s] [34mcolcon.colcon_core.package_identification[0m [1;30mLevel 1[0m _identify(src/drone_mpc) by extensions ['colcon_meta']
[0.262s] [34mcolcon.colcon_core.package_identification[0m [1;30mLevel 1[0m _identify(src/drone_mpc) by extension 'colcon_meta'
[0.262s] [34mcolcon.colcon_core.package_identification[0m [1;30mLevel 1[0m _identify(src/drone_mpc) by extensions ['ros']
[0.262s] [34mcolcon.colcon_core.package_identification[0m [1;30mLevel 1[0m _identify(src/drone_mpc) by extension 'ros'
[0.264s] [34mcolcon.colcon_core.package_identification[0m [1;30mDEBUG[0m [32mPackage 'src/drone_mpc' with type 'ros.ament_cmake' and name 'drone_mpc'[0m
[0.264s] [34mcolcon.colcon_core.package_identification[0m [1;30mLevel 1[0m _identify(src/drone_simulator) by extensions ['ignore', 'ignore_ament_install']
[0.264s] [34mcolcon.colcon_core.package_identification[0m [1;30mLevel 1[0m _identify(src/drone_simulator) by extension 'ignore'
[0.264s] [34mcolcon.colcon_core.package_identification[0m [1;30mLevel 1[0m _identify(src/drone_simulator) by extension 'ignore_ament_install'
[0.264s] [34mcolcon.colcon_core.package_identification[0m [1;30mLevel 1[0m _identify(src/drone_simulator) by extensions ['colcon_pkg']
[0.264s] [34mcolcon.colcon_core.package_identification[0m [1;30mLevel 1[0m _identify(src/drone_simulator) by extension 'colcon_pkg'
[0.264s] [34mcolcon.colcon_core.package_identification[0m [1;30mLevel 1[0m _identify(src/drone_simulator) by extensions ['colcon_meta']
[0.265s] [34mcolcon.colcon_core.package_identification[0m [1;30mLevel 1[0m _identify(src/drone_simulator) by extension 'colcon_meta'
[0.265s] [34mcolcon.colcon_core.package_identification[0m [1;30mLevel 1[0m _identify(src/drone_simulator) by extensions ['ros']
[0.265s] [34mcolcon.colcon_core.package_identification[0m [1;30mLevel 1[0m _identify(src/drone_simulator) by extension 'ros'
[0.265s] [34mcolcon.colcon_core.package_identification[0m [1;30mDEBUG[0m [32mPackage 'src/drone_simulator' with type 'ros.ament_python' and name 'drone_simulator'[0m
[0.265s] [34mcolcon.colcon_core.package_identification[0m [1;30mLevel 1[0m _identify(src/global_planner) by extensions ['ignore', 'ignore_ament_install']
[0.265s] [34mcolcon.colcon_core.package_identification[0m [1;30mLevel 1[0m _identify(src/global_planner) by extension 'ignore'
[0.265s] [34mcolcon.colcon_core.package_identification[0m [1;30mLevel 1[0m _identify(src/global_planner) by extension 'ignore_ament_install'
[0.265s] [34mcolcon.colcon_core.package_identification[0m [1;30mLevel 1[0m _identify(src/global_planner) by extensions ['colcon_pkg']
[0.265s] [34mcolcon.colcon_core.package_identification[0m [1;30mLevel 1[0m _identify(src/global_planner) by extension 'colcon_pkg'
[0.265s] [34mcolcon.colcon_core.package_identification[0m [1;30mLevel 1[0m _identify(src/global_planner) by extensions ['colcon_meta']
[0.265s] [34mcolcon.colcon_core.package_identification[0m [1;30mLevel 1[0m _identify(src/global_planner) by extension 'colcon_meta'
[0.265s] [34mcolcon.colcon_core.package_identification[0m [1;30mLevel 1[0m _identify(src/global_planner) by extensions ['ros']
[0.265s] [34mcolcon.colcon_core.package_identification[0m [1;30mLevel 1[0m _identify(src/global_planner) by extension 'ros'
[0.266s] [34mcolcon.colcon_core.package_identification[0m [1;30mDEBUG[0m [32mPackage 'src/global_planner' with type 'ros.ament_python' and name 'global_planner'[0m
[0.266s] [34mcolcon.colcon_core.package_identification[0m [1;30mLevel 1[0m _identify(src/scenario_creator) by extensions ['ignore', 'ignore_ament_install']
[0.266s] [34mcolcon.colcon_core.package_identification[0m [1;30mLevel 1[0m _identify(src/scenario_creator) by extension 'ignore'
[0.266s] [34mcolcon.colcon_core.package_identification[0m [1;30mLevel 1[0m _identify(src/scenario_creator) by extension 'ignore_ament_install'
[0.266s] [34mcolcon.colcon_core.package_identification[0m [1;30mLevel 1[0m _identify(src/scenario_creator) by extensions ['colcon_pkg']
[0.266s] [34mcolcon.colcon_core.package_identification[0m [1;30mLevel 1[0m _identify(src/scenario_creator) by extension 'colcon_pkg'
[0.266s] [34mcolcon.colcon_core.package_identification[0m [1;30mLevel 1[0m _identify(src/scenario_creator) by extensions ['colcon_meta']
[0.266s] [34mcolcon.colcon_core.package_identification[0m [1;30mLevel 1[0m _identify(src/scenario_creator) by extension 'colcon_meta'
[0.266s] [34mcolcon.colcon_core.package_identification[0m [1;30mLevel 1[0m _identify(src/scenario_creator) by extensions ['ros']
[0.266s] [34mcolcon.colcon_core.package_identification[0m [1;30mLevel 1[0m _identify(src/scenario_creator) by extension 'ros'
[0.266s] [34mcolcon.colcon_core.package_identification[0m [1;30mDEBUG[0m [32mPackage 'src/scenario_creator' with type 'ros.ament_python' and name 'scenario_creator'[0m
[0.266s] [34mcolcon.colcon_core.package_discovery[0m [1;30mLevel 1[0m discover_packages(recursive) using defaults
[0.266s] [34mcolcon.colcon_core.package_discovery[0m [1;30mLevel 1[0m discover_packages(ignore) discover
[0.266s] [34mcolcon.colcon_core.package_discovery[0m [1;30mLevel 1[0m discover_packages(ignore) using defaults
[0.266s] [34mcolcon.colcon_core.package_discovery[0m [1;30mLevel 1[0m discover_packages(path) discover
[0.266s] [34mcolcon.colcon_core.package_discovery[0m [1;30mLevel 1[0m discover_packages(path) using defaults
[0.279s] [34mcolcon.colcon_core.package_discovery[0m [1;30mLevel 1[0m discover_packages(prefix_path) check parameters
[0.279s] [34mcolcon.colcon_core.package_discovery[0m [1;30mLevel 1[0m discover_packages(prefix_path) discover
[0.280s] [34mcolcon.colcon_core.prefix_path.colcon[0m [1;30mWARNING[0m [33mThe path '/home/antreas/MsC/Q2/RO47005/finalAssignment/RO47005-Project/ro47005_drone_simulator/install' in the environment variable COLCON_PREFIX_PATH doesn't exist[0m
[0.280s] [34mcolcon.colcon_ros.prefix_path.ament[0m [1;30mWARNING[0m [33mThe path '/home/antreas/MsC/Q2/RO47005/finalAssignment/RO47005-Project/drone_ws/install/scenario_creator' in the environment variable AMENT_PREFIX_PATH doesn't exist[0m
[0.280s] [34mcolcon.colcon_ros.prefix_path.ament[0m [1;30mWARNING[0m [33mThe path '/home/antreas/MsC/Q2/RO47005/finalAssignment/RO47005-Project/drone_ws/install/global_planner' in the environment variable AMENT_PREFIX_PATH doesn't exist[0m
[0.280s] [34mcolcon.colcon_ros.prefix_path.ament[0m [1;30mWARNING[0m [33mThe path '/home/antreas/MsC/Q2/RO47005/finalAssignment/RO47005-Project/drone_ws/install/drone_simulator' in the environment variable AMENT_PREFIX_PATH doesn't exist[0m
[0.280s] [34mcolcon.colcon_ros.prefix_path.ament[0m [1;30mWARNING[0m [33mThe path '/home/antreas/MsC/Q2/RO47005/finalAssignment/RO47005-Project/drone_ws/install/drone_mpc' in the environment variable AMENT_PREFIX_PATH doesn't exist[0m
[0.280s] [34mcolcon.colcon_ros.prefix_path.ament[0m [1;30mWARNING[0m [33mThe path '/home/antreas/MsC/Q2/RO47005/finalAssignment/RO47005-Project/ro47005_drone_simulator/install/scenario_creator' in the environment variable AMENT_PREFIX_PATH doesn't exist[0m
[0.280s] [34mcolcon.colcon_ros.prefix_path.ament[0m [1;30mWARNING[0m [33mThe path '/home/antreas/MsC/Q2/RO47005/finalAssignment/RO47005-Project/ro47005_drone_simulator/install/global_planner' in the environment variable AMENT_PREFIX_PATH doesn't exist[0m
[0.280s] [34mcolcon.colcon_ros.prefix_path.ament[0m [1;30mWARNING[0m [33mThe path '/home/antreas/MsC/Q2/RO47005/finalAssignment/RO47005-Project/ro47005_drone_simulator/install/drone_simulator' in the environment variable AMENT_PREFIX_PATH doesn't exist[0m
[0.280s] [34mcolcon.colcon_ros.prefix_path.ament[0m [1;30mWARNING[0m [33mThe path '/home/antreas/MsC/Q2/RO47005/finalAssignment/RO47005-Project/ro47005_drone_simulator/install/drone_mpc' in the environment variable AMENT_PREFIX_PATH doesn't exist[0m
[0.280s] [34mcolcon.colcon_ros.prefix_path.catkin[0m [1;30mWARNING[0m [33mThe path '/home/antreas/MsC/Q2/RO47005/finalAssignment/RO47005-Project/drone_ws/install/drone_mpc' in the environment variable CMAKE_PREFIX_PATH doesn't exist[0m
[0.280s] [34mcolcon.colcon_ros.prefix_path.catkin[0m [1;30mWARNING[0m [33mThe path '/home/antreas/MsC/Q2/RO47005/finalAssignment/RO47005-Project/ro47005_drone_simulator/install/drone_mpc' in the environment variable CMAKE_PREFIX_PATH doesn't exist[0m
[0.281s] [34mcolcon.colcon_installed_package_information.package_discovery[0m [1;30mDEBUG[0m [32mFound 0 installed packages in /home/antreas/MsC/Q2/RO47005/finalAssignment/RO47005-Project/drone_ws/install[0m
[0.282s] [34mcolcon.colcon_installed_package_information.package_discovery[0m [1;30mDEBUG[0m [32mFound 301 installed packages in /opt/ros/humble[0m
[0.283s] [34mcolcon.colcon_core.package_discovery[0m [1;30mLevel 1[0m discover_packages(prefix_path) using defaults
[0.312s] [34mcolcon.colcon_core.verb[0m [1;30mLevel 5[0m set package 'drone_mpc' build argument 'cmake_args' from command line to 'None'
[0.312s] [34mcolcon.colcon_core.verb[0m [1;30mLevel 5[0m set package 'drone_mpc' build argument 'cmake_target' from command line to 'None'
[0.312s] [34mcolcon.colcon_core.verb[0m [1;30mLevel 5[0m set package 'drone_mpc' build argument 'cmake_target_skip_unavailable' from command line to 'False'
[0.312s] [34mcolcon.colcon_core.verb[0m [1;30mLevel 5[0m set package 'drone_mpc' build argument 'cmake_clean_cache' from command line to 'False'
[0.312s] [34mcolcon.colcon_core.verb[0m [1;30mLevel 5[0m set package 'drone_mpc' build argument 'cmake_clean_first' from command line to 'False'
[0.312s] [34mcolcon.colcon_core.verb[0m [1;30mLevel 5[0m set package 'drone_mpc' build argument 'cmake_force_configure' from command line to 'False'
[0.312s] [34mcolcon.colcon_core.verb[0m [1;30mLevel 5[0m set package 'drone_mpc' build argument 'ament_cmake_args' from command line to 'None'
[0.312s] [34mcolcon.colcon_core.verb[0m [1;30mLevel 5[0m set package 'drone_mpc' build argument 'catkin_cmake_args' from command line to 'None'
[0.312s] [34mcolcon.colcon_core.verb[0m [1;30mLevel 5[0m set package 'drone_mpc' build argument 'catkin_skip_building_tests' from command line to 'False'
[0.312s] [34mcolcon.colcon_core.verb[0m [1;30mDEBUG[0m [32mBuilding package 'drone_mpc' with the following arguments: {'ament_cmake_args': None, 'build_base': '/home/antreas/MsC/Q2/RO47005/finalAssignment/RO47005-Project/drone_ws/build/drone_mpc', 'catkin_cmake_args': None, 'catkin_skip_building_tests': False, 'cmake_args': None, 'cmake_clean_cache': False, 'cmake_clean_first': False, 'cmake_force_configure': False, 'cmake_target': None, 'cmake_target_skip_unavailable': False, 'install_base': '/home/antreas/MsC/Q2/RO47005/finalAssignment/RO47005-Project/drone_ws/install/drone_mpc', 'merge_install': False, 'path': '/home/antreas/MsC/Q2/RO47005/finalAssignment/RO47005-Project/drone_ws/src/drone_mpc', 'symlink_install': False, 'test_result_base': None}[0m
[0.312s] [34mcolcon.colcon_core.verb[0m [1;30mLevel 5[0m set package 'drone_simulator' build argument 'cmake_args' from command line to 'None'
[0.312s] [34mcolcon.colcon_core.verb[0m [1;30mLevel 5[0m set package 'drone_simulator' build argument 'cmake_target' from command line to 'None'
[0.312s] [34mcolcon.colcon_core.verb[0m [1;30mLevel 5[0m set package 'drone_simulator' build argument 'cmake_target_skip_unavailable' from command line to 'False'
[0.312s] [34mcolcon.colcon_core.verb[0m [1;30mLevel 5[0m set package 'drone_simulator' build argument 'cmake_clean_cache' from command line to 'False'
[0.312s] [34mcolcon.colcon_core.verb[0m [1;30mLevel 5[0m set package 'drone_simulator' build argument 'cmake_clean_first' from command line to 'False'
[0.312s] [34mcolcon.colcon_core.verb[0m [1;30mLevel 5[0m set package 'drone_simulator' build argument 'cmake_force_configure' from command line to 'False'
[0.312s] [34mcolcon.colcon_core.verb[0m [1;30mLevel 5[0m set package 'drone_simulator' build argument 'ament_cmake_args' from command line to 'None'
[0.312s] [34mcolcon.colcon_core.verb[0m [1;30mLevel 5[0m set package 'drone_simulator' build argument 'catkin_cmake_args' from command line to 'None'
[0.312s] [34mcolcon.colcon_core.verb[0m [1;30mLevel 5[0m set package 'drone_simulator' build argument 'catkin_skip_building_tests' from command line to 'False'
[0.312s] [34mcolcon.colcon_core.verb[0m [1;30mDEBUG[0m [32mBuilding package 'drone_simulator' with the following arguments: {'ament_cmake_args': None, 'build_base': '/home/antreas/MsC/Q2/RO47005/finalAssignment/RO47005-Project/drone_ws/build/drone_simulator', 'catkin_cmake_args': None, 'catkin_skip_building_tests': False, 'cmake_args': None, 'cmake_clean_cache': False, 'cmake_clean_first': False, 'cmake_force_configure': False, 'cmake_target': None, 'cmake_target_skip_unavailable': False, 'install_base': '/home/antreas/MsC/Q2/RO47005/finalAssignment/RO47005-Project/drone_ws/install/drone_simulator', 'merge_install': False, 'path': '/home/antreas/MsC/Q2/RO47005/finalAssignment/RO47005-Project/drone_ws/src/drone_simulator', 'symlink_install': False, 'test_result_base': None}[0m
[0.313s] [34mcolcon.colcon_core.verb[0m [1;30mLevel 5[0m set package 'global_planner' build argument 'cmake_args' from command line to 'None'
[0.313s] [34mcolcon.colcon_core.verb[0m [1;30mLevel 5[0m set package 'global_planner' build argument 'cmake_target' from command line to 'None'
[0.313s] [34mcolcon.colcon_core.verb[0m [1;30mLevel 5[0m set package 'global_planner' build argument 'cmake_target_skip_unavailable' from command line to 'False'
[0.313s] [34mcolcon.colcon_core.verb[0m [1;30mLevel 5[0m set package 'global_planner' build argument 'cmake_clean_cache' from command line to 'False'
[0.313s] [34mcolcon.colcon_core.verb[0m [1;30mLevel 5[0m set package 'global_planner' build argument 'cmake_clean_first' from command line to 'False'
[0.313s] [34mcolcon.colcon_core.verb[0m [1;30mLevel 5[0m set package 'global_planner' build argument 'cmake_force_configure' from command line to 'False'
[0.313s] [34mcolcon.colcon_core.verb[0m [1;30mLevel 5[0m set package 'global_planner' build argument 'ament_cmake_args' from command line to 'None'
[0.313s] [34mcolcon.colcon_core.verb[0m [1;30mLevel 5[0m set package 'global_planner' build argument 'catkin_cmake_args' from command line to 'None'
[0.313s] [34mcolcon.colcon_core.verb[0m [1;30mLevel 5[0m set package 'global_planner' build argument 'catkin_skip_building_tests' from command line to 'False'
[0.313s] [34mcolcon.colcon_core.verb[0m [1;30mDEBUG[0m [32mBuilding package 'global_planner' with the following arguments: {'ament_cmake_args': None, 'build_base': '/home/antreas/MsC/Q2/RO47005/finalAssignment/RO47005-Project/drone_ws/build/global_planner', 'catkin_cmake_args': None, 'catkin_skip_building_tests': False, 'cmake_args': None, 'cmake_clean_cache': False, 'cmake_clean_first': False, 'cmake_force_configure': False, 'cmake_target': None, 'cmake_target_skip_unavailable': False, 'install_base': '/home/antreas/MsC/Q2/RO47005/finalAssignment/RO47005-Project/drone_ws/install/global_planner', 'merge_install': False, 'path': '/home/antreas/MsC/Q2/RO47005/finalAssignment/RO47005-Project/drone_ws/src/global_planner', 'symlink_install': False, 'test_result_base': None}[0m
[0.313s] [34mcolcon.colcon_core.verb[0m [1;30mLevel 5[0m set package 'scenario_creator' build argument 'cmake_args' from command line to 'None'
[0.313s] [34mcolcon.colcon_core.verb[0m [1;30mLevel 5[0m set package 'scenario_creator' build argument 'cmake_target' from command line to 'None'
[0.313s] [34mcolcon.colcon_core.verb[0m [1;30mLevel 5[0m set package 'scenario_creator' build argument 'cmake_target_skip_unavailable' from command line to 'False'
[0.313s] [34mcolcon.colcon_core.verb[0m [1;30mLevel 5[0m set package 'scenario_creator' build argument 'cmake_clean_cache' from command line to 'False'
[0.313s] [34mcolcon.colcon_core.verb[0m [1;30mLevel 5[0m set package 'scenario_creator' build argument 'cmake_clean_first' from command line to 'False'
[0.313s] [34mcolcon.colcon_core.verb[0m [1;30mLevel 5[0m set package 'scenario_creator' build argument 'cmake_force_configure' from command line to 'False'
[0.313s] [34mcolcon.colcon_core.verb[0m [1;30mLevel 5[0m set package 'scenario_creator' build argument 'ament_cmake_args' from command line to 'None'
[0.313s] [34mcolcon.colcon_core.verb[0m [1;30mLevel 5[0m set package 'scenario_creator' build argument 'catkin_cmake_args' from command line to 'None'
[0.313s] [34mcolcon.colcon_core.verb[0m [1;30mLevel 5[0m set package 'scenario_creator' build argument 'catkin_skip_building_tests' from command line to 'False'
[0.313s] [34mcolcon.colcon_core.verb[0m [1;30mDEBUG[0m [32mBuilding package 'scenario_creator' with the following arguments: {'ament_cmake_args': None, 'build_base': '/home/antreas/MsC/Q2/RO47005/finalAssignment/RO47005-Project/drone_ws/build/scenario_creator', 'catkin_cmake_args': None, 'catkin_skip_building_tests': False, 'cmake_args': None, 'cmake_clean_cache': False, 'cmake_clean_first': False, 'cmake_force_configure': False, 'cmake_target': None, 'cmake_target_skip_unavailable': False, 'install_base': '/home/antreas/MsC/Q2/RO47005/finalAssignment/RO47005-Project/drone_ws/install/scenario_creator', 'merge_install': False, 'path': '/home/antreas/MsC/Q2/RO47005/finalAssignment/RO47005-Project/drone_ws/src/scenario_creator', 'symlink_install': False, 'test_result_base': None}[0m
[0.313s] [34mcolcon.colcon_core.executor[0m [1;30mINFO[0m Executing jobs using 'parallel' executor
[0.314s] [34mcolcon.colcon_parallel_executor.executor.parallel[0m [1;30mDEBUG[0m [32mrun_until_complete[0m
[0.314s] [34mcolcon.colcon_ros.task.ament_cmake.build[0m [1;30mINFO[0m Building ROS package in '/home/antreas/MsC/Q2/RO47005/finalAssignment/RO47005-Project/drone_ws/src/drone_mpc' with build type 'ament_cmake'
[0.315s] [34mcolcon.colcon_cmake.task.cmake.build[0m [1;30mINFO[0m Building CMake package in '/home/antreas/MsC/Q2/RO47005/finalAssignment/RO47005-Project/drone_ws/src/drone_mpc'
[0.316s] [34mcolcon.colcon_core.plugin_system[0m [1;30mINFO[0m Skipping extension 'colcon_core.shell.bat': Not used on non-Windows systems
[0.316s] [34mcolcon.colcon_core.shell[0m [1;30mINFO[0m Skip shell extension 'powershell' for command environment: Not usable outside of PowerShell
[0.316s] [34mcolcon.colcon_core.shell[0m [1;30mDEBUG[0m [32mSkip shell extension 'dsv' for command environment[0m
[0.318s] [34mcolcon.colcon_ros.task.ament_python.build[0m [1;30mINFO[0m Building ROS package in '/home/antreas/MsC/Q2/RO47005/finalAssignment/RO47005-Project/drone_ws/src/drone_simulator' with build type 'ament_python'
[0.318s] [34mcolcon.colcon_core.shell[0m [1;30mLevel 1[0m create_environment_hook('drone_simulator', 'ament_prefix_path')
[0.319s] [34mcolcon.colcon_core.shell[0m [1;30mINFO[0m Creating environment hook '/home/antreas/MsC/Q2/RO47005/finalAssignment/RO47005-Project/drone_ws/install/drone_simulator/share/drone_simulator/hook/ament_prefix_path.ps1'
[0.319s] [34mcolcon.colcon_core.shell[0m [1;30mINFO[0m Creating environment descriptor '/home/antreas/MsC/Q2/RO47005/finalAssignment/RO47005-Project/drone_ws/install/drone_simulator/share/drone_simulator/hook/ament_prefix_path.dsv'
[0.320s] [34mcolcon.colcon_core.shell[0m [1;30mINFO[0m Creating environment hook '/home/antreas/MsC/Q2/RO47005/finalAssignment/RO47005-Project/drone_ws/install/drone_simulator/share/drone_simulator/hook/ament_prefix_path.sh'
[0.320s] [34mcolcon.colcon_core.shell[0m [1;30mINFO[0m Skip shell extension 'powershell' for command environment: Not usable outside of PowerShell
[0.320s] [34mcolcon.colcon_core.shell[0m [1;30mDEBUG[0m [32mSkip shell extension 'dsv' for command environment[0m
[0.322s] [34mcolcon.colcon_ros.task.ament_python.build[0m [1;30mINFO[0m Building ROS package in '/home/antreas/MsC/Q2/RO47005/finalAssignment/RO47005-Project/drone_ws/src/global_planner' with build type 'ament_python'
[0.323s] [34mcolcon.colcon_core.shell[0m [1;30mLevel 1[0m create_environment_hook('global_planner', 'ament_prefix_path')
[0.323s] [34mcolcon.colcon_core.shell[0m [1;30mINFO[0m Creating environment hook '/home/antreas/MsC/Q2/RO47005/finalAssignment/RO47005-Project/drone_ws/install/global_planner/share/global_planner/hook/ament_prefix_path.ps1'
[0.324s] [34mcolcon.colcon_core.shell[0m [1;30mINFO[0m Creating environment descriptor '/home/antreas/MsC/Q2/RO47005/finalAssignment/RO47005-Project/drone_ws/install/global_planner/share/global_planner/hook/ament_prefix_path.dsv'
[0.324s] [34mcolcon.colcon_core.shell[0m [1;30mINFO[0m Creating environment hook '/home/antreas/MsC/Q2/RO47005/finalAssignment/RO47005-Project/drone_ws/install/global_planner/share/global_planner/hook/ament_prefix_path.sh'
[0.324s] [34mcolcon.colcon_core.shell[0m [1;30mINFO[0m Skip shell extension 'powershell' for command environment: Not usable outside of PowerShell
[0.324s] [34mcolcon.colcon_core.shell[0m [1;30mDEBUG[0m [32mSkip shell extension 'dsv' for command environment[0m
[0.327s] [34mcolcon.colcon_ros.task.ament_python.build[0m [1;30mINFO[0m Building ROS package in '/home/antreas/MsC/Q2/RO47005/finalAssignment/RO47005-Project/drone_ws/src/scenario_creator' with build type 'ament_python'
[0.327s] [34mcolcon.colcon_core.shell[0m [1;30mLevel 1[0m create_environment_hook('scenario_creator', 'ament_prefix_path')
[0.327s] [34mcolcon.colcon_core.shell[0m [1;30mINFO[0m Creating environment hook '/home/antreas/MsC/Q2/RO47005/finalAssignment/RO47005-Project/drone_ws/install/scenario_creator/share/scenario_creator/hook/ament_prefix_path.ps1'
[0.327s] [34mcolcon.colcon_core.shell[0m [1;30mINFO[0m Creating environment descriptor '/home/antreas/MsC/Q2/RO47005/finalAssignment/RO47005-Project/drone_ws/install/scenario_creator/share/scenario_creator/hook/ament_prefix_path.dsv'
[0.328s] [34mcolcon.colcon_core.shell[0m [1;30mINFO[0m Creating environment hook '/home/antreas/MsC/Q2/RO47005/finalAssignment/RO47005-Project/drone_ws/install/scenario_creator/share/scenario_creator/hook/ament_prefix_path.sh'
[0.328s] [34mcolcon.colcon_core.shell[0m [1;30mINFO[0m Skip shell extension 'powershell' for command environment: Not usable outside of PowerShell
[0.328s] [34mcolcon.colcon_core.shell[0m [1;30mDEBUG[0m [32mSkip shell extension 'dsv' for command environment[0m
[0.334s] [34mcolcon.colcon_core.event_handler.log_command[0m [1;30mDEBUG[0m [32mInvoking command in '/home/antreas/MsC/Q2/RO47005/finalAssignment/RO47005-Project/drone_ws/build/drone_mpc': CMAKE_PREFIX_PATH=${CMAKE_PREFIX_PATH}:/home/antreas/MsC/Q2/RO47005/finalAssignment/RO47005-Project/drone_ws/install/scenario_creator:/home/antreas/MsC/Q2/RO47005/finalAssignment/RO47005-Project/drone_ws/install/global_planner:/home/antreas/MsC/Q2/RO47005/finalAssignment/RO47005-Project/drone_ws/install/drone_simulator:/home/antreas/MsC/Q2/RO47005/finalAssignment/RO47005-Project/ro47005_drone_simulator/install/scenario_creator:/home/antreas/MsC/Q2/RO47005/finalAssignment/RO47005-Project/ro47005_drone_simulator/install/global_planner:/home/antreas/MsC/Q2/RO47005/finalAssignment/RO47005-Project/ro47005_drone_simulator/install/drone_simulator:/opt/ros/humble /home/antreas/.local/bin/cmake /home/antreas/MsC/Q2/RO47005/finalAssignment/RO47005-Project/drone_ws/src/drone_mpc -DCMAKE_INSTALL_PREFIX=/home/antreas/MsC/Q2/RO47005/finalAssignment/RO47005-Project/drone_ws/install/drone_mpc[0m
[0.616s] [34mcolcon.colcon_core.task.python.build[0m [1;30mINFO[0m Building Python package in '/home/antreas/MsC/Q2/RO47005/finalAssignment/RO47005-Project/drone_ws/src/drone_simulator'
[0.616s] [34mcolcon.colcon_core.shell[0m [1;30mINFO[0m Skip shell extension 'powershell' for command environment: Not usable outside of PowerShell
[0.617s] [34mcolcon.colcon_core.shell[0m [1;30mDEBUG[0m [32mSkip shell extension 'dsv' for command environment[0m
[0.891s] [34mcolcon.colcon_core.task.python.build[0m [1;30mINFO[0m Building Python package in '/home/antreas/MsC/Q2/RO47005/finalAssignment/RO47005-Project/drone_ws/src/global_planner'
[0.892s] [34mcolcon.colcon_core.shell[0m [1;30mINFO[0m Skip shell extension 'powershell' for command environment: Not usable outside of PowerShell
[0.892s] [34mcolcon.colcon_core.shell[0m [1;30mDEBUG[0m [32mSkip shell extension 'dsv' for command environment[0m
[1.109s] [34mcolcon.colcon_core.task.python.build[0m [1;30mINFO[0m Building Python package in '/home/antreas/MsC/Q2/RO47005/finalAssignment/RO47005-Project/drone_ws/src/scenario_creator'
[1.110s] [34mcolcon.colcon_core.shell[0m [1;30mINFO[0m Skip shell extension 'powershell' for command environment: Not usable outside of PowerShell
[1.110s] [34mcolcon.colcon_core.shell[0m [1;30mDEBUG[0m [32mSkip shell extension 'dsv' for command environment[0m
[1.116s] [34mcolcon.colcon_core.event_handler.log_command[0m [1;30mDEBUG[0m [32mInvoked command in '/home/antreas/MsC/Q2/RO47005/finalAssignment/RO47005-Project/drone_ws/build/drone_mpc' returned '0': CMAKE_PREFIX_PATH=${CMAKE_PREFIX_PATH}:/home/antreas/MsC/Q2/RO47005/finalAssignment/RO47005-Project/drone_ws/install/scenario_creator:/home/antreas/MsC/Q2/RO47005/finalAssignment/RO47005-Project/drone_ws/install/global_planner:/home/antreas/MsC/Q2/RO47005/finalAssignment/RO47005-Project/drone_ws/install/drone_simulator:/home/antreas/MsC/Q2/RO47005/finalAssignment/RO47005-Project/ro47005_drone_simulator/install/scenario_creator:/home/antreas/MsC/Q2/RO47005/finalAssignment/RO47005-Project/ro47005_drone_simulator/install/global_planner:/home/antreas/MsC/Q2/RO47005/finalAssignment/RO47005-Project/ro47005_drone_simulator/install/drone_simulator:/opt/ros/humble /home/antreas/.local/bin/cmake /home/antreas/MsC/Q2/RO47005/finalAssignment/RO47005-Project/drone_ws/src/drone_mpc -DCMAKE_INSTALL_PREFIX=/home/antreas/MsC/Q2/RO47005/finalAssignment/RO47005-Project/drone_ws/install/drone_mpc[0m
[1.118s] [34mcolcon.colcon_core.event_handler.log_command[0m [1;30mDEBUG[0m [32mInvoking command in '/home/antreas/MsC/Q2/RO47005/finalAssignment/RO47005-Project/drone_ws/build/drone_mpc': CMAKE_PREFIX_PATH=${CMAKE_PREFIX_PATH}:/home/antreas/MsC/Q2/RO47005/finalAssignment/RO47005-Project/drone_ws/install/scenario_creator:/home/antreas/MsC/Q2/RO47005/finalAssignment/RO47005-Project/drone_ws/install/global_planner:/home/antreas/MsC/Q2/RO47005/finalAssignment/RO47005-Project/drone_ws/install/drone_simulator:/home/antreas/MsC/Q2/RO47005/finalAssignment/RO47005-Project/ro47005_drone_simulator/install/scenario_creator:/home/antreas/MsC/Q2/RO47005/finalAssignment/RO47005-Project/ro47005_drone_simulator/install/global_planner:/home/antreas/MsC/Q2/RO47005/finalAssignment/RO47005-Project/ro47005_drone_simulator/install/drone_simulator:/opt/ros/humble /home/antreas/.local/bin/cmake --build /home/antreas/MsC/Q2/RO47005/finalAssignment/RO47005-Project/drone_ws/build/drone_mpc -- -j8 -l8[0m
[1.175s] [34mcolcon.colcon_core.event_handler.log_command[0m [1;30mDEBUG[0m [32mInvoked command in '/home/antreas/MsC/Q2/RO47005/finalAssignment/RO47005-Project/drone_ws/build/drone_mpc' returned '0': CMAKE_PREFIX_PATH=${CMAKE_PREFIX_PATH}:/home/antreas/MsC/Q2/RO47005/finalAssignment/RO47005-Project/drone_ws/install/scenario_creator:/home/antreas/MsC/Q2/RO47005/finalAssignment/RO47005-Project/drone_ws/install/global_planner:/home/antreas/MsC/Q2/RO47005/finalAssignment/RO47005-Project/drone_ws/install/drone_simulator:/home/antreas/MsC/Q2/RO47005/finalAssignment/RO47005-Project/ro47005_drone_simulator/install/scenario_creator:/home/antreas/MsC/Q2/RO47005/finalAssignment/RO47005-Project/ro47005_drone_simulator/install/global_planner:/home/antreas/MsC/Q2/RO47005/finalAssignment/RO47005-Project/ro47005_drone_simulator/install/drone_simulator:/opt/ros/humble /home/antreas/.local/bin/cmake --build /home/antreas/MsC/Q2/RO47005/finalAssignment/RO47005-Project/drone_ws/build/drone_mpc -- -j8 -l8[0m
[1.278s] [34mcolcon.colcon_core.event_handler.log_command[0m [1;30mDEBUG[0m [32mInvoking command in '/home/antreas/MsC/Q2/RO47005/finalAssignment/RO47005-Project/drone_ws/build/drone_mpc': CMAKE_PREFIX_PATH=${CMAKE_PREFIX_PATH}:/home/antreas/MsC/Q2/RO47005/finalAssignment/RO47005-Project/drone_ws/install/scenario_creator:/home/antreas/MsC/Q2/RO47005/finalAssignment/RO47005-Project/drone_ws/install/global_planner:/home/antreas/MsC/Q2/RO47005/finalAssignment/RO47005-Project/drone_ws/install/drone_simulator:/home/antreas/MsC/Q2/RO47005/finalAssignment/RO47005-Project/ro47005_drone_simulator/install/scenario_creator:/home/antreas/MsC/Q2/RO47005/finalAssignment/RO47005-Project/ro47005_drone_simulator/install/global_planner:/home/antreas/MsC/Q2/RO47005/finalAssignment/RO47005-Project/ro47005_drone_simulator/install/drone_simulator:/opt/ros/humble /home/antreas/.local/bin/cmake --install /home/antreas/MsC/Q2/RO47005/finalAssignment/RO47005-Project/drone_ws/build/drone_mpc[0m
[1.340s] [34mcolcon.colcon_core.environment[0m [1;30mLevel 1[0m create_environment_scripts_only(drone_mpc)
[1.341s] [34mcolcon.colcon_core.event_handler.log_command[0m [1;30mDEBUG[0m [32mInvoked command in '/home/antreas/MsC/Q2/RO47005/finalAssignment/RO47005-Project/drone_ws/build/drone_mpc' returned '0': CMAKE_PREFIX_PATH=${CMAKE_PREFIX_PATH}:/home/antreas/MsC/Q2/RO47005/finalAssignment/RO47005-Project/drone_ws/install/scenario_creator:/home/antreas/MsC/Q2/RO47005/finalAssignment/RO47005-Project/drone_ws/install/global_planner:/home/antreas/MsC/Q2/RO47005/finalAssignment/RO47005-Project/drone_ws/install/drone_simulator:/home/antreas/MsC/Q2/RO47005/finalAssignment/RO47005-Project/ro47005_drone_simulator/install/scenario_creator:/home/antreas/MsC/Q2/RO47005/finalAssignment/RO47005-Project/ro47005_drone_simulator/install/global_planner:/home/antreas/MsC/Q2/RO47005/finalAssignment/RO47005-Project/ro47005_drone_simulator/install/drone_simulator:/opt/ros/humble /home/antreas/.local/bin/cmake --install /home/antreas/MsC/Q2/RO47005/finalAssignment/RO47005-Project/drone_ws/build/drone_mpc[0m
[1.345s] [34mcolcon.colcon_core.environment[0m [1;30mLevel 1[0m checking '/home/antreas/MsC/Q2/RO47005/finalAssignment/RO47005-Project/drone_ws/install/drone_mpc' for CMake module files
[1.346s] [34mcolcon.colcon_core.environment[0m [1;30mLevel 1[0m checking '/home/antreas/MsC/Q2/RO47005/finalAssignment/RO47005-Project/drone_ws/install/drone_mpc' for CMake config files
[1.346s] [34mcolcon.colcon_core.shell[0m [1;30mLevel 1[0m create_environment_hook('drone_mpc', 'cmake_prefix_path')
[1.347s] [34mcolcon.colcon_core.shell[0m [1;30mINFO[0m Creating environment hook '/home/antreas/MsC/Q2/RO47005/finalAssignment/RO47005-Project/drone_ws/install/drone_mpc/share/drone_mpc/hook/cmake_prefix_path.ps1'
[1.347s] [34mcolcon.colcon_core.shell[0m [1;30mINFO[0m Creating environment descriptor '/home/antreas/MsC/Q2/RO47005/finalAssignment/RO47005-Project/drone_ws/install/drone_mpc/share/drone_mpc/hook/cmake_prefix_path.dsv'
[1.348s] [34mcolcon.colcon_core.shell[0m [1;30mINFO[0m Creating environment hook '/home/antreas/MsC/Q2/RO47005/finalAssignment/RO47005-Project/drone_ws/install/drone_mpc/share/drone_mpc/hook/cmake_prefix_path.sh'
[1.349s] [34mcolcon.colcon_core.environment[0m [1;30mLevel 1[0m checking '/home/antreas/MsC/Q2/RO47005/finalAssignment/RO47005-Project/drone_ws/install/drone_mpc/bin'
[1.349s] [34mcolcon.colcon_core.environment[0m [1;30mLevel 1[0m checking '/home/antreas/MsC/Q2/RO47005/finalAssignment/RO47005-Project/drone_ws/install/drone_mpc/lib/pkgconfig/drone_mpc.pc'
[1.349s] [34mcolcon.colcon_core.environment[0m [1;30mLevel 1[0m checking '/home/antreas/MsC/Q2/RO47005/finalAssignment/RO47005-Project/drone_ws/install/drone_mpc/lib/python3.10/site-packages'
[1.350s] [34mcolcon.colcon_core.environment[0m [1;30mLevel 1[0m checking '/home/antreas/MsC/Q2/RO47005/finalAssignment/RO47005-Project/drone_ws/install/drone_mpc/bin'
[1.350s] [34mcolcon.colcon_core.shell[0m [1;30mINFO[0m Creating package script '/home/antreas/MsC/Q2/RO47005/finalAssignment/RO47005-Project/drone_ws/install/drone_mpc/share/drone_mpc/package.ps1'
[1.352s] [34mcolcon.colcon_core.shell[0m [1;30mINFO[0m Creating package descriptor '/home/antreas/MsC/Q2/RO47005/finalAssignment/RO47005-Project/drone_ws/install/drone_mpc/share/drone_mpc/package.dsv'
[1.353s] [34mcolcon.colcon_core.shell[0m [1;30mINFO[0m Creating package script '/home/antreas/MsC/Q2/RO47005/finalAssignment/RO47005-Project/drone_ws/install/drone_mpc/share/drone_mpc/package.sh'
[1.354s] [34mcolcon.colcon_core.shell[0m [1;30mINFO[0m Creating package script '/home/antreas/MsC/Q2/RO47005/finalAssignment/RO47005-Project/drone_ws/install/drone_mpc/share/drone_mpc/package.bash'
[1.355s] [34mcolcon.colcon_core.shell[0m [1;30mINFO[0m Creating package script '/home/antreas/MsC/Q2/RO47005/finalAssignment/RO47005-Project/drone_ws/install/drone_mpc/share/drone_mpc/package.zsh'
[1.356s] [34mcolcon.colcon_core.environment[0m [1;30mLevel 1[0m create_file_with_runtime_dependencies(/home/antreas/MsC/Q2/RO47005/finalAssignment/RO47005-Project/drone_ws/install/drone_mpc/share/colcon-core/packages/drone_mpc)
[1.412s] [34mcolcon.colcon_core.environment[0m [1;30mLevel 1[0m create_environment_scripts_only(drone_mpc)
[1.413s] [34mcolcon.colcon_core.environment[0m [1;30mLevel 1[0m checking '/home/antreas/MsC/Q2/RO47005/finalAssignment/RO47005-Project/drone_ws/install/drone_mpc' for CMake module files
[1.413s] [34mcolcon.colcon_core.environment[0m [1;30mLevel 1[0m checking '/home/antreas/MsC/Q2/RO47005/finalAssignment/RO47005-Project/drone_ws/install/drone_mpc' for CMake config files
[1.413s] [34mcolcon.colcon_core.shell[0m [1;30mLevel 1[0m create_environment_hook('drone_mpc', 'cmake_prefix_path')
[1.414s] [34mcolcon.colcon_core.shell[0m [1;30mINFO[0m Creating environment hook '/home/antreas/MsC/Q2/RO47005/finalAssignment/RO47005-Project/drone_ws/install/drone_mpc/share/drone_mpc/hook/cmake_prefix_path.ps1'
[1.414s] [34mcolcon.colcon_core.shell[0m [1;30mINFO[0m Creating environment descriptor '/home/antreas/MsC/Q2/RO47005/finalAssignment/RO47005-Project/drone_ws/install/drone_mpc/share/drone_mpc/hook/cmake_prefix_path.dsv'
[1.415s] [34mcolcon.colcon_core.shell[0m [1;30mINFO[0m Creating environment hook '/home/antreas/MsC/Q2/RO47005/finalAssignment/RO47005-Project/drone_ws/install/drone_mpc/share/drone_mpc/hook/cmake_prefix_path.sh'
[1.415s] [34mcolcon.colcon_core.environment[0m [1;30mLevel 1[0m checking '/home/antreas/MsC/Q2/RO47005/finalAssignment/RO47005-Project/drone_ws/install/drone_mpc/bin'
[1.415s] [34mcolcon.colcon_core.environment[0m [1;30mLevel 1[0m checking '/home/antreas/MsC/Q2/RO47005/finalAssignment/RO47005-Project/drone_ws/install/drone_mpc/lib/pkgconfig/drone_mpc.pc'
[1.416s] [34mcolcon.colcon_core.environment[0m [1;30mLevel 1[0m checking '/home/antreas/MsC/Q2/RO47005/finalAssignment/RO47005-Project/drone_ws/install/drone_mpc/lib/python3.10/site-packages'
[1.416s] [34mcolcon.colcon_core.environment[0m [1;30mLevel 1[0m checking '/home/antreas/MsC/Q2/RO47005/finalAssignment/RO47005-Project/drone_ws/install/drone_mpc/bin'
[1.416s] [34mcolcon.colcon_core.shell[0m [1;30mINFO[0m Creating package script '/home/antreas/MsC/Q2/RO47005/finalAssignment/RO47005-Project/drone_ws/install/drone_mpc/share/drone_mpc/package.ps1'
[1.417s] [34mcolcon.colcon_core.shell[0m [1;30mINFO[0m Creating package descriptor '/home/antreas/MsC/Q2/RO47005/finalAssignment/RO47005-Project/drone_ws/install/drone_mpc/share/drone_mpc/package.dsv'
[1.418s] [34mcolcon.colcon_core.shell[0m [1;30mINFO[0m Creating package script '/home/antreas/MsC/Q2/RO47005/finalAssignment/RO47005-Project/drone_ws/install/drone_mpc/share/drone_mpc/package.sh'
[1.418s] [34mcolcon.colcon_core.shell[0m [1;30mINFO[0m Creating package script '/home/antreas/MsC/Q2/RO47005/finalAssignment/RO47005-Project/drone_ws/install/drone_mpc/share/drone_mpc/package.bash'
[1.419s] [34mcolcon.colcon_core.shell[0m [1;30mINFO[0m Creating package script '/home/antreas/MsC/Q2/RO47005/finalAssignment/RO47005-Project/drone_ws/install/drone_mpc/share/drone_mpc/package.zsh'
[1.419s] [34mcolcon.colcon_core.environment[0m [1;30mLevel 1[0m create_file_with_runtime_dependencies(/home/antreas/MsC/Q2/RO47005/finalAssignment/RO47005-Project/drone_ws/install/drone_mpc/share/colcon-core/packages/drone_mpc)
[1.622s] [34mcolcon.colcon_core.event_handler.log_command[0m [1;30mDEBUG[0m [32mInvoking command in '/home/antreas/MsC/Q2/RO47005/finalAssignment/RO47005-Project/drone_ws/src/global_planner': PYTHONPATH=/home/antreas/MsC/Q2/RO47005/finalAssignment/RO47005-Project/drone_ws/build/global_planner/prefix_override:/usr/lib/python3/dist-packages/colcon_core/task/python/colcon_distutils_commands:/home/antreas/MsC/Q2/RO47005/finalAssignment/RO47005-Project/drone_ws/install/global_planner/lib/python3.10/site-packages:${PYTHONPATH} /usr/bin/python3 -W ignore:setup.py install is deprecated setup.py egg_info --egg-base ../../build/global_planner build --build-base /home/antreas/MsC/Q2/RO47005/finalAssignment/RO47005-Project/drone_ws/build/global_planner/build install --record /home/antreas/MsC/Q2/RO47005/finalAssignment/RO47005-Project/drone_ws/build/global_planner/install.log --single-version-externally-managed install_data[0m
[1.634s] [34mcolcon.colcon_core.event_handler.log_command[0m [1;30mDEBUG[0m [32mInvoking command in '/home/antreas/MsC/Q2/RO47005/finalAssignment/RO47005-Project/drone_ws/src/drone_simulator': PYTHONPATH=/home/antreas/MsC/Q2/RO47005/finalAssignment/RO47005-Project/drone_ws/build/drone_simulator/prefix_override:/usr/lib/python3/dist-packages/colcon_core/task/python/colcon_distutils_commands:/home/antreas/MsC/Q2/RO47005/finalAssignment/RO47005-Project/drone_ws/install/drone_simulator/lib/python3.10/site-packages:${PYTHONPATH} /usr/bin/python3 -W ignore:setup.py install is deprecated setup.py egg_info --egg-base ../../build/drone_simulator build --build-base /home/antreas/MsC/Q2/RO47005/finalAssignment/RO47005-Project/drone_ws/build/drone_simulator/build install --record /home/antreas/MsC/Q2/RO47005/finalAssignment/RO47005-Project/drone_ws/build/drone_simulator/install.log --single-version-externally-managed install_data[0m
[1.660s] [34mcolcon.colcon_core.event_handler.log_command[0m [1;30mDEBUG[0m [32mInvoking command in '/home/antreas/MsC/Q2/RO47005/finalAssignment/RO47005-Project/drone_ws/src/scenario_creator': PYTHONPATH=/home/antreas/MsC/Q2/RO47005/finalAssignment/RO47005-Project/drone_ws/build/scenario_creator/prefix_override:/usr/lib/python3/dist-packages/colcon_core/task/python/colcon_distutils_commands:/home/antreas/MsC/Q2/RO47005/finalAssignment/RO47005-Project/drone_ws/install/scenario_creator/lib/python3.10/site-packages:${PYTHONPATH} /usr/bin/python3 -W ignore:setup.py install is deprecated setup.py egg_info --egg-base ../../build/scenario_creator build --build-base /home/antreas/MsC/Q2/RO47005/finalAssignment/RO47005-Project/drone_ws/build/scenario_creator/build install --record /home/antreas/MsC/Q2/RO47005/finalAssignment/RO47005-Project/drone_ws/build/scenario_creator/install.log --single-version-externally-managed install_data[0m
[1.985s] [34mcolcon.colcon_core.environment[0m [1;30mLevel 1[0m checking '/home/antreas/MsC/Q2/RO47005/finalAssignment/RO47005-Project/drone_ws/install/global_planner' for CMake module files
[1.986s] [34mcolcon.colcon_core.event_handler.log_command[0m [1;30mDEBUG[0m [32mInvoked command in '/home/antreas/MsC/Q2/RO47005/finalAssignment/RO47005-Project/drone_ws/src/global_planner' returned '0': PYTHONPATH=/home/antreas/MsC/Q2/RO47005/finalAssignment/RO47005-Project/drone_ws/build/global_planner/prefix_override:/usr/lib/python3/dist-packages/colcon_core/task/python/colcon_distutils_commands:/home/antreas/MsC/Q2/RO47005/finalAssignment/RO47005-Project/drone_ws/install/global_planner/lib/python3.10/site-packages:${PYTHONPATH} /usr/bin/python3 -W ignore:setup.py install is deprecated setup.py egg_info --egg-base ../../build/global_planner build --build-base /home/antreas/MsC/Q2/RO47005/finalAssignment/RO47005-Project/drone_ws/build/global_planner/build install --record /home/antreas/MsC/Q2/RO47005/finalAssignment/RO47005-Project/drone_ws/build/global_planner/install.log --single-version-externally-managed install_data[0m
[1.986s] [34mcolcon.colcon_core.environment[0m [1;30mLevel 1[0m checking '/home/antreas/MsC/Q2/RO47005/finalAssignment/RO47005-Project/drone_ws/install/global_planner' for CMake config files
[1.987s] [34mcolcon.colcon_core.environment[0m [1;30mLevel 1[0m checking '/home/antreas/MsC/Q2/RO47005/finalAssignment/RO47005-Project/drone_ws/install/global_planner/lib'
[1.987s] [34mcolcon.colcon_core.environment[0m [1;30mLevel 1[0m checking '/home/antreas/MsC/Q2/RO47005/finalAssignment/RO47005-Project/drone_ws/install/global_planner/bin'
[1.987s] [34mcolcon.colcon_core.environment[0m [1;30mLevel 1[0m checking '/home/antreas/MsC/Q2/RO47005/finalAssignment/RO47005-Project/drone_ws/install/global_planner/lib/pkgconfig/global_planner.pc'
[1.988s] [34mcolcon.colcon_core.environment[0m [1;30mLevel 1[0m checking '/home/antreas/MsC/Q2/RO47005/finalAssignment/RO47005-Project/drone_ws/install/global_planner/lib/python3.10/site-packages'
[1.988s] [34mcolcon.colcon_core.shell[0m [1;30mLevel 1[0m create_environment_hook('global_planner', 'pythonpath')
[1.988s] [34mcolcon.colcon_core.shell[0m [1;30mINFO[0m Creating environment hook '/home/antreas/MsC/Q2/RO47005/finalAssignment/RO47005-Project/drone_ws/install/global_planner/share/global_planner/hook/pythonpath.ps1'
[1.989s] [34mcolcon.colcon_core.shell[0m [1;30mINFO[0m Creating environment descriptor '/home/antreas/MsC/Q2/RO47005/finalAssignment/RO47005-Project/drone_ws/install/global_planner/share/global_planner/hook/pythonpath.dsv'
[1.989s] [34mcolcon.colcon_core.shell[0m [1;30mINFO[0m Creating environment hook '/home/antreas/MsC/Q2/RO47005/finalAssignment/RO47005-Project/drone_ws/install/global_planner/share/global_planner/hook/pythonpath.sh'
[1.990s] [34mcolcon.colcon_core.environment[0m [1;30mLevel 1[0m checking '/home/antreas/MsC/Q2/RO47005/finalAssignment/RO47005-Project/drone_ws/install/global_planner/bin'
[1.990s] [34mcolcon.colcon_core.environment[0m [1;30mLevel 1[0m create_environment_scripts_only(global_planner)
[1.991s] [34mcolcon.colcon_core.shell[0m [1;30mINFO[0m Creating package script '/home/antreas/MsC/Q2/RO47005/finalAssignment/RO47005-Project/drone_ws/install/global_planner/share/global_planner/package.ps1'
[1.992s] [34mcolcon.colcon_core.shell[0m [1;30mINFO[0m Creating package descriptor '/home/antreas/MsC/Q2/RO47005/finalAssignment/RO47005-Project/drone_ws/install/global_planner/share/global_planner/package.dsv'
[1.992s] [34mcolcon.colcon_core.shell[0m [1;30mINFO[0m Creating package script '/home/antreas/MsC/Q2/RO47005/finalAssignment/RO47005-Project/drone_ws/install/global_planner/share/global_planner/package.sh'
[1.993s] [34mcolcon.colcon_core.shell[0m [1;30mINFO[0m Creating package script '/home/antreas/MsC/Q2/RO47005/finalAssignment/RO47005-Project/drone_ws/install/global_planner/share/global_planner/package.bash'
[1.993s] [34mcolcon.colcon_core.shell[0m [1;30mINFO[0m Creating package script '/home/antreas/MsC/Q2/RO47005/finalAssignment/RO47005-Project/drone_ws/install/global_planner/share/global_planner/package.zsh'
[1.994s] [34mcolcon.colcon_core.environment[0m [1;30mLevel 1[0m create_file_with_runtime_dependencies(/home/antreas/MsC/Q2/RO47005/finalAssignment/RO47005-Project/drone_ws/install/global_planner/share/colcon-core/packages/global_planner)
[2.011s] [34mcolcon.colcon_core.environment[0m [1;30mLevel 1[0m checking '/home/antreas/MsC/Q2/RO47005/finalAssignment/RO47005-Project/drone_ws/install/drone_simulator' for CMake module files
[2.011s] [34mcolcon.colcon_core.event_handler.log_command[0m [1;30mDEBUG[0m [32mInvoked command in '/home/antreas/MsC/Q2/RO47005/finalAssignment/RO47005-Project/drone_ws/src/drone_simulator' returned '0': PYTHONPATH=/home/antreas/MsC/Q2/RO47005/finalAssignment/RO47005-Project/drone_ws/build/drone_simulator/prefix_override:/usr/lib/python3/dist-packages/colcon_core/task/python/colcon_distutils_commands:/home/antreas/MsC/Q2/RO47005/finalAssignment/RO47005-Project/drone_ws/install/drone_simulator/lib/python3.10/site-packages:${PYTHONPATH} /usr/bin/python3 -W ignore:setup.py install is deprecated setup.py egg_info --egg-base ../../build/drone_simulator build --build-base /home/antreas/MsC/Q2/RO47005/finalAssignment/RO47005-Project/drone_ws/build/drone_simulator/build install --record /home/antreas/MsC/Q2/RO47005/finalAssignment/RO47005-Project/drone_ws/build/drone_simulator/install.log --single-version-externally-managed install_data[0m
[2.012s] [34mcolcon.colcon_core.environment[0m [1;30mLevel 1[0m checking '/home/antreas/MsC/Q2/RO47005/finalAssignment/RO47005-Project/drone_ws/install/drone_simulator' for CMake config files
[2.012s] [34mcolcon.colcon_core.environment[0m [1;30mLevel 1[0m checking '/home/antreas/MsC/Q2/RO47005/finalAssignment/RO47005-Project/drone_ws/install/drone_simulator/lib'
[2.012s] [34mcolcon.colcon_core.environment[0m [1;30mLevel 1[0m checking '/home/antreas/MsC/Q2/RO47005/finalAssignment/RO47005-Project/drone_ws/install/drone_simulator/bin'
[2.012s] [34mcolcon.colcon_core.environment[0m [1;30mLevel 1[0m checking '/home/antreas/MsC/Q2/RO47005/finalAssignment/RO47005-Project/drone_ws/install/drone_simulator/lib/pkgconfig/drone_simulator.pc'
[2.012s] [34mcolcon.colcon_core.environment[0m [1;30mLevel 1[0m checking '/home/antreas/MsC/Q2/RO47005/finalAssignment/RO47005-Project/drone_ws/install/drone_simulator/lib/python3.10/site-packages'
[2.012s] [34mcolcon.colcon_core.shell[0m [1;30mLevel 1[0m create_environment_hook('drone_simulator', 'pythonpath')
[2.013s] [34mcolcon.colcon_core.shell[0m [1;30mINFO[0m Creating environment hook '/home/antreas/MsC/Q2/RO47005/finalAssignment/RO47005-Project/drone_ws/install/drone_simulator/share/drone_simulator/hook/pythonpath.ps1'
[2.013s] [34mcolcon.colcon_core.shell[0m [1;30mINFO[0m Creating environment descriptor '/home/antreas/MsC/Q2/RO47005/finalAssignment/RO47005-Project/drone_ws/install/drone_simulator/share/drone_simulator/hook/pythonpath.dsv'
[2.013s] [34mcolcon.colcon_core.shell[0m [1;30mINFO[0m Creating environment hook '/home/antreas/MsC/Q2/RO47005/finalAssignment/RO47005-Project/drone_ws/install/drone_simulator/share/drone_simulator/hook/pythonpath.sh'
[2.014s] [34mcolcon.colcon_core.environment[0m [1;30mLevel 1[0m checking '/home/antreas/MsC/Q2/RO47005/finalAssignment/RO47005-Project/drone_ws/install/drone_simulator/bin'
[2.014s] [34mcolcon.colcon_core.environment[0m [1;30mLevel 1[0m create_environment_scripts_only(drone_simulator)
[2.014s] [34mcolcon.colcon_core.shell[0m [1;30mINFO[0m Creating package script '/home/antreas/MsC/Q2/RO47005/finalAssignment/RO47005-Project/drone_ws/install/drone_simulator/share/drone_simulator/package.ps1'
[2.015s] [34mcolcon.colcon_core.shell[0m [1;30mINFO[0m Creating package descriptor '/home/antreas/MsC/Q2/RO47005/finalAssignment/RO47005-Project/drone_ws/install/drone_simulator/share/drone_simulator/package.dsv'
[2.015s] [34mcolcon.colcon_core.shell[0m [1;30mINFO[0m Creating package script '/home/antreas/MsC/Q2/RO47005/finalAssignment/RO47005-Project/drone_ws/install/drone_simulator/share/drone_simulator/package.sh'
[2.015s] [34mcolcon.colcon_core.shell[0m [1;30mINFO[0m Creating package script '/home/antreas/MsC/Q2/RO47005/finalAssignment/RO47005-Project/drone_ws/install/drone_simulator/share/drone_simulator/package.bash'
[2.015s] [34mcolcon.colcon_core.shell[0m [1;30mINFO[0m Creating package script '/home/antreas/MsC/Q2/RO47005/finalAssignment/RO47005-Project/drone_ws/install/drone_simulator/share/drone_simulator/package.zsh'
[2.016s] [34mcolcon.colcon_core.environment[0m [1;30mLevel 1[0m create_file_with_runtime_dependencies(/home/antreas/MsC/Q2/RO47005/finalAssignment/RO47005-Project/drone_ws/install/drone_simulator/share/colcon-core/packages/drone_simulator)
[2.021s] [34mcolcon.colcon_core.environment[0m [1;30mLevel 1[0m checking '/home/antreas/MsC/Q2/RO47005/finalAssignment/RO47005-Project/drone_ws/install/scenario_creator' for CMake module files
[2.021s] [34mcolcon.colcon_core.event_handler.log_command[0m [1;30mDEBUG[0m [32mInvoked command in '/home/antreas/MsC/Q2/RO47005/finalAssignment/RO47005-Project/drone_ws/src/scenario_creator' returned '0': PYTHONPATH=/home/antreas/MsC/Q2/RO47005/finalAssignment/RO47005-Project/drone_ws/build/scenario_creator/prefix_override:/usr/lib/python3/dist-packages/colcon_core/task/python/colcon_distutils_commands:/home/antreas/MsC/Q2/RO47005/finalAssignment/RO47005-Project/drone_ws/install/scenario_creator/lib/python3.10/site-packages:${PYTHONPATH} /usr/bin/python3 -W ignore:setup.py install is deprecated setup.py egg_info --egg-base ../../build/scenario_creator build --build-base /home/antreas/MsC/Q2/RO47005/finalAssignment/RO47005-Project/drone_ws/build/scenario_creator/build install --record /home/antreas/MsC/Q2/RO47005/finalAssignment/RO47005-Project/drone_ws/build/scenario_creator/install.log --single-version-externally-managed install_data[0m
[2.021s] [34mcolcon.colcon_core.environment[0m [1;30mLevel 1[0m checking '/home/antreas/MsC/Q2/RO47005/finalAssignment/RO47005-Project/drone_ws/install/scenario_creator' for CMake config files
[2.022s] [34mcolcon.colcon_core.environment[0m [1;30mLevel 1[0m checking '/home/antreas/MsC/Q2/RO47005/finalAssignment/RO47005-Project/drone_ws/install/scenario_creator/lib'
[2.022s] [34mcolcon.colcon_core.environment[0m [1;30mLevel 1[0m checking '/home/antreas/MsC/Q2/RO47005/finalAssignment/RO47005-Project/drone_ws/install/scenario_creator/bin'
[2.022s] [34mcolcon.colcon_core.environment[0m [1;30mLevel 1[0m checking '/home/antreas/MsC/Q2/RO47005/finalAssignment/RO47005-Project/drone_ws/install/scenario_creator/lib/pkgconfig/scenario_creator.pc'
[2.022s] [34mcolcon.colcon_core.environment[0m [1;30mLevel 1[0m checking '/home/antreas/MsC/Q2/RO47005/finalAssignment/RO47005-Project/drone_ws/install/scenario_creator/lib/python3.10/site-packages'
[2.022s] [34mcolcon.colcon_core.shell[0m [1;30mLevel 1[0m create_environment_hook('scenario_creator', 'pythonpath')
[2.022s] [34mcolcon.colcon_core.shell[0m [1;30mINFO[0m Creating environment hook '/home/antreas/MsC/Q2/RO47005/finalAssignment/RO47005-Project/drone_ws/install/scenario_creator/share/scenario_creator/hook/pythonpath.ps1'
[2.023s] [34mcolcon.colcon_core.shell[0m [1;30mINFO[0m Creating environment descriptor '/home/antreas/MsC/Q2/RO47005/finalAssignment/RO47005-Project/drone_ws/install/scenario_creator/share/scenario_creator/hook/pythonpath.dsv'
[2.023s] [34mcolcon.colcon_core.shell[0m [1;30mINFO[0m Creating environment hook '/home/antreas/MsC/Q2/RO47005/finalAssignment/RO47005-Project/drone_ws/install/scenario_creator/share/scenario_creator/hook/pythonpath.sh'
[2.023s] [34mcolcon.colcon_core.environment[0m [1;30mLevel 1[0m checking '/home/antreas/MsC/Q2/RO47005/finalAssignment/RO47005-Project/drone_ws/install/scenario_creator/bin'
[2.023s] [34mcolcon.colcon_core.environment[0m [1;30mLevel 1[0m create_environment_scripts_only(scenario_creator)
[2.024s] [34mcolcon.colcon_core.shell[0m [1;30mINFO[0m Creating package script '/home/antreas/MsC/Q2/RO47005/finalAssignment/RO47005-Project/drone_ws/install/scenario_creator/share/scenario_creator/package.ps1'
[2.024s] [34mcolcon.colcon_core.shell[0m [1;30mINFO[0m Creating package descriptor '/home/antreas/MsC/Q2/RO47005/finalAssignment/RO47005-Project/drone_ws/install/scenario_creator/share/scenario_creator/package.dsv'
[2.024s] [34mcolcon.colcon_core.shell[0m [1;30mINFO[0m Creating package script '/home/antreas/MsC/Q2/RO47005/finalAssignment/RO47005-Project/drone_ws/install/scenario_creator/share/scenario_creator/package.sh'
[2.025s] [34mcolcon.colcon_core.shell[0m [1;30mINFO[0m Creating package script '/home/antreas/MsC/Q2/RO47005/finalAssignment/RO47005-Project/drone_ws/install/scenario_creator/share/scenario_creator/package.bash'
[2.025s] [34mcolcon.colcon_core.shell[0m [1;30mINFO[0m Creating package script '/home/antreas/MsC/Q2/RO47005/finalAssignment/RO47005-Project/drone_ws/install/scenario_creator/share/scenario_creator/package.zsh'
[2.025s] [34mcolcon.colcon_core.environment[0m [1;30mLevel 1[0m create_file_with_runtime_dependencies(/home/antreas/MsC/Q2/RO47005/finalAssignment/RO47005-Project/drone_ws/install/scenario_creator/share/colcon-core/packages/scenario_creator)
[2.026s] [34mcolcon.colcon_parallel_executor.executor.parallel[0m [1;30mDEBUG[0m [32mclosing loop[0m
[2.026s] [34mcolcon.colcon_parallel_executor.executor.parallel[0m [1;30mDEBUG[0m [32mloop closed[0m
[2.026s] [34mcolcon.colcon_parallel_executor.executor.parallel[0m [1;30mDEBUG[0m [32mrun_until_complete finished with '0'[0m
[2.026s] [34mcolcon.colcon_core.event_reactor[0m [1;30mDEBUG[0m [32mjoining thread[0m
[2.031s] [34mcolcon.colcon_core.plugin_system[0m [1;30mINFO[0m Skipping extension 'colcon_notification.desktop_notification.terminal_notifier': Not used on non-Darwin systems
[2.031s] [34mcolcon.colcon_core.plugin_system[0m [1;30mINFO[0m Skipping extension 'colcon_notification.desktop_notification.win32': Not used on non-Windows systems
[2.031s] [34mcolcon.colcon_notification.desktop_notification[0m [1;30mINFO[0m Sending desktop notification using 'notify2'
[2.039s] [34mcolcon.colcon_core.event_reactor[0m [1;30mDEBUG[0m [32mjoined thread[0m
[2.039s] [34mcolcon.colcon_core.shell[0m [1;30mINFO[0m Creating prefix script '/home/antreas/MsC/Q2/RO47005/finalAssignment/RO47005-Project/drone_ws/install/local_setup.ps1'
[2.040s] [34mcolcon.colcon_core.shell[0m [1;30mINFO[0m Creating prefix util module '/home/antreas/MsC/Q2/RO47005/finalAssignment/RO47005-Project/drone_ws/install/_local_setup_util_ps1.py'
[2.042s] [34mcolcon.colcon_core.shell[0m [1;30mINFO[0m Creating prefix chain script '/home/antreas/MsC/Q2/RO47005/finalAssignment/RO47005-Project/drone_ws/install/setup.ps1'
[2.043s] [34mcolcon.colcon_core.shell[0m [1;30mINFO[0m Creating prefix script '/home/antreas/MsC/Q2/RO47005/finalAssignment/RO47005-Project/drone_ws/install/local_setup.sh'
[2.044s] [34mcolcon.colcon_core.shell[0m [1;30mINFO[0m Creating prefix util module '/home/antreas/MsC/Q2/RO47005/finalAssignment/RO47005-Project/drone_ws/install/_local_setup_util_sh.py'
[2.044s] [34mcolcon.colcon_core.shell[0m [1;30mINFO[0m Creating prefix chain script '/home/antreas/MsC/Q2/RO47005/finalAssignment/RO47005-Project/drone_ws/install/setup.sh'
[2.045s] [34mcolcon.colcon_core.shell[0m [1;30mINFO[0m Creating prefix script '/home/antreas/MsC/Q2/RO47005/finalAssignment/RO47005-Project/drone_ws/install/local_setup.bash'
[2.046s] [34mcolcon.colcon_core.shell[0m [1;30mINFO[0m Creating prefix chain script '/home/antreas/MsC/Q2/RO47005/finalAssignment/RO47005-Project/drone_ws/install/setup.bash'
[2.046s] [34mcolcon.colcon_core.shell[0m [1;30mINFO[0m Creating prefix script '/home/antreas/MsC/Q2/RO47005/finalAssignment/RO47005-Project/drone_ws/install/local_setup.zsh'
[2.047s] [34mcolcon.colcon_core.shell[0m [1;30mINFO[0m Creating prefix chain script '/home/antreas/MsC/Q2/RO47005/finalAssignment/RO47005-Project/drone_ws/install/setup.zsh'
