[1.461s] Invoking command in '/home/mukil/MSc_Robotics/Quarter2/Planning_&_Decision_Making_(RO47005)/Project/RO47005-Project/drone_ws/src/scenario_creator': PYTHONPATH=/home/mukil/MSc_Robotics/Quarter2/Planning_&_Decision_Making_(RO47005)/Project/RO47005-Project/drone_ws/build/scenario_creator/prefix_override:/usr/lib/python3/dist-packages/colcon_core/task/python/colcon_distutils_commands:/home/mukil/MSc_Robotics/Quarter2/Planning_&_Decision_Making_(RO47005)/Project/RO47005-Project/drone_ws/install/scenario_creator/lib/python3.10/site-packages:${PYTHONPATH} /usr/bin/python3 -W ignore:setup.py install is deprecated setup.py egg_info --egg-base ../../build/scenario_creator build --build-base /home/mukil/MSc_Robotics/Quarter2/Planning_&_Decision_Making_(RO47005)/Project/RO47005-Project/drone_ws/build/scenario_creator/build install --record /home/mukil/MSc_Robotics/Quarter2/Planning_&_Decision_Making_(RO47005)/Project/RO47005-Project/drone_ws/build/scenario_creator/install.log --single-version-externally-managed install_data
[1.726s] running egg_info
[1.726s] creating ../../build/scenario_creator/scenario_creator.egg-info
[1.727s] writing ../../build/scenario_creator/scenario_creator.egg-info/PKG-INFO
[1.727s] writing dependency_links to ../../build/scenario_creator/scenario_creator.egg-info/dependency_links.txt
[1.727s] writing entry points to ../../build/scenario_creator/scenario_creator.egg-info/entry_points.txt
[1.727s] writing requirements to ../../build/scenario_creator/scenario_creator.egg-info/requires.txt
[1.727s] writing top-level names to ../../build/scenario_creator/scenario_creator.egg-info/top_level.txt
[1.728s] writing manifest file '../../build/scenario_creator/scenario_creator.egg-info/SOURCES.txt'
[1.730s] reading manifest file '../../build/scenario_creator/scenario_creator.egg-info/SOURCES.txt'
[1.730s] adding license file 'LICENSE'
[1.730s] writing manifest file '../../build/scenario_creator/scenario_creator.egg-info/SOURCES.txt'
[1.730s] running build
[1.730s] running build_py
[1.730s] creating /home/mukil/MSc_Robotics/Quarter2/Planning_&_Decision_Making_(RO47005)/Project/RO47005-Project/drone_ws/build/scenario_creator/build
[1.731s] creating /home/mukil/MSc_Robotics/Quarter2/Planning_&_Decision_Making_(RO47005)/Project/RO47005-Project/drone_ws/build/scenario_creator/build/lib
[1.731s] creating /home/mukil/MSc_Robotics/Quarter2/Planning_&_Decision_Making_(RO47005)/Project/RO47005-Project/drone_ws/build/scenario_creator/build/lib/scenario_creator
[1.731s] copying scenario_creator/__init__.py -> /home/mukil/MSc_Robotics/Quarter2/Planning_&_Decision_Making_(RO47005)/Project/RO47005-Project/drone_ws/build/scenario_creator/build/lib/scenario_creator
[1.731s] running install
[1.731s] running install_lib
[1.732s] creating /home/mukil/MSc_Robotics/Quarter2/Planning_&_Decision_Making_(RO47005)/Project/RO47005-Project/drone_ws/install/scenario_creator/lib/python3.10/site-packages/scenario_creator
[1.732s] copying /home/mukil/MSc_Robotics/Quarter2/Planning_&_Decision_Making_(RO47005)/Project/RO47005-Project/drone_ws/build/scenario_creator/build/lib/scenario_creator/__init__.py -> /home/mukil/MSc_Robotics/Quarter2/Planning_&_Decision_Making_(RO47005)/Project/RO47005-Project/drone_ws/install/scenario_creator/lib/python3.10/site-packages/scenario_creator
[1.733s] byte-compiling /home/mukil/MSc_Robotics/Quarter2/Planning_&_Decision_Making_(RO47005)/Project/RO47005-Project/drone_ws/install/scenario_creator/lib/python3.10/site-packages/scenario_creator/__init__.py to __init__.cpython-310.pyc
[1.733s] running install_data
[1.733s] creating /home/mukil/MSc_Robotics/Quarter2/Planning_&_Decision_Making_(RO47005)/Project/RO47005-Project/drone_ws/install/scenario_creator/share/ament_index
[1.733s] creating /home/mukil/MSc_Robotics/Quarter2/Planning_&_Decision_Making_(RO47005)/Project/RO47005-Project/drone_ws/install/scenario_creator/share/ament_index/resource_index
[1.733s] creating /home/mukil/MSc_Robotics/Quarter2/Planning_&_Decision_Making_(RO47005)/Project/RO47005-Project/drone_ws/install/scenario_creator/share/ament_index/resource_index/packages
[1.733s] copying resource/scenario_creator -> /home/mukil/MSc_Robotics/Quarter2/Planning_&_Decision_Making_(RO47005)/Project/RO47005-Project/drone_ws/install/scenario_creator/share/ament_index/resource_index/packages
[1.734s] copying package.xml -> /home/mukil/MSc_Robotics/Quarter2/Planning_&_Decision_Making_(RO47005)/Project/RO47005-Project/drone_ws/install/scenario_creator/share/scenario_creator
[1.734s] running install_egg_info
[1.736s] Copying ../../build/scenario_creator/scenario_creator.egg-info to /home/mukil/MSc_Robotics/Quarter2/Planning_&_Decision_Making_(RO47005)/Project/RO47005-Project/drone_ws/install/scenario_creator/lib/python3.10/site-packages/scenario_creator-0.0.0-py3.10.egg-info
[1.737s] running install_scripts
[1.763s] writing list of installed files to '/home/mukil/MSc_Robotics/Quarter2/Planning_&_Decision_Making_(RO47005)/Project/RO47005-Project/drone_ws/build/scenario_creator/install.log'
[1.791s] Invoked command in '/home/mukil/MSc_Robotics/Quarter2/Planning_&_Decision_Making_(RO47005)/Project/RO47005-Project/drone_ws/src/scenario_creator' returned '0': PYTHONPATH=/home/mukil/MSc_Robotics/Quarter2/Planning_&_Decision_Making_(RO47005)/Project/RO47005-Project/drone_ws/build/scenario_creator/prefix_override:/usr/lib/python3/dist-packages/colcon_core/task/python/colcon_distutils_commands:/home/mukil/MSc_Robotics/Quarter2/Planning_&_Decision_Making_(RO47005)/Project/RO47005-Project/drone_ws/install/scenario_creator/lib/python3.10/site-packages:${PYTHONPATH} /usr/bin/python3 -W ignore:setup.py install is deprecated setup.py egg_info --egg-base ../../build/scenario_creator build --build-base /home/mukil/MSc_Robotics/Quarter2/Planning_&_Decision_Making_(RO47005)/Project/RO47005-Project/drone_ws/build/scenario_creator/build install --record /home/mukil/MSc_Robotics/Quarter2/Planning_&_Decision_Making_(RO47005)/Project/RO47005-Project/drone_ws/build/scenario_creator/install.log --single-version-externally-managed install_data
