[0.105s] [34mcolcon[0m [1;30mDEBUG[0m [32mCommand line arguments: ['/usr/bin/colcon', 'build'][0m
[0.105s] [34mcolcon[0m [1;30mDEBUG[0m [32mParsed command line arguments: Namespace(log_base=None, log_level=None, verb_name='build', build_base='build', install_base='install', merge_install=False, symlink_install=False, test_result_base=None, continue_on_error=False, executor='parallel', parallel_workers=8, event_handlers=None, ignore_user_meta=False, metas=['./colcon.meta'], base_paths=['.'], packages_ignore=None, packages_ignore_regex=None, paths=None, packages_up_to=None, packages_up_to_regex=None, packages_above=None, packages_above_and_dependencies=None, packages_above_depth=None, packages_select_by_dep=None, packages_skip_by_dep=None, packages_skip_up_to=None, packages_select_build_failed=False, packages_skip_build_finished=False, packages_select_test_failures=False, packages_skip_test_passed=False, packages_select=None, packages_skip=None, packages_select_regex=None, packages_skip_regex=None, packages_start=None, packages_end=None, allow_overriding=[], cmake_args=None, cmake_target=None, cmake_target_skip_unavailable=False, cmake_clean_cache=False, cmake_clean_first=False, cmake_force_configure=False, ament_cmake_args=None, catkin_cmake_args=None, catkin_skip_building_tests=False, verb_parser=<colcon_defaults.argument_parser.defaults.DefaultArgumentsDecorator object at 0x737fdc9306d0>, verb_extension=<colcon_core.verb.build.BuildVerb object at 0x737fdc930100>, main=<bound method BuildVerb.main of <colcon_core.verb.build.BuildVerb object at 0x737fdc930100>>)[0m
[0.291s] [34mcolcon.colcon_core.package_discovery[0m [1;30mLevel 1[0m discover_packages(colcon_meta) check parameters
[0.291s] [34mcolcon.colcon_core.package_discovery[0m [1;30mLevel 1[0m discover_packages(recursive) check parameters
[0.291s] [34mcolcon.colcon_core.package_discovery[0m [1;30mLevel 1[0m discover_packages(ignore) check parameters
[0.291s] [34mcolcon.colcon_core.package_discovery[0m [1;30mLevel 1[0m discover_packages(path) check parameters
[0.291s] [34mcolcon.colcon_core.package_discovery[0m [1;30mLevel 1[0m discover_packages(colcon_meta) discover
[0.291s] [34mcolcon.colcon_core.package_discovery[0m [1;30mLevel 1[0m discover_packages(recursive) discover
[0.291s] [34mcolcon.colcon_core.package_discovery[0m [1;30mINFO[0m Crawling recursively for packages in '/home/antreas/MsC/Q2/RO47005/finalAssignment/RO47005-Project'
[0.291s] [34mcolcon.colcon_core.package_identification[0m [1;30mLevel 1[0m _identify(.) by extensions ['ignore', 'ignore_ament_install']
[0.291s] [34mcolcon.colcon_core.package_identification[0m [1;30mLevel 1[0m _identify(.) by extension 'ignore'
[0.291s] [34mcolcon.colcon_core.package_identification[0m [1;30mLevel 1[0m _identify(.) by extension 'ignore_ament_install'
[0.291s] [34mcolcon.colcon_core.package_identification[0m [1;30mLevel 1[0m _identify(.) by extensions ['colcon_pkg']
[0.291s] [34mcolcon.colcon_core.package_identification[0m [1;30mLevel 1[0m _identify(.) by extension 'colcon_pkg'
[0.291s] [34mcolcon.colcon_core.package_identification[0m [1;30mLevel 1[0m _identify(.) by extensions ['colcon_meta']
[0.291s] [34mcolcon.colcon_core.package_identification[0m [1;30mLevel 1[0m _identify(.) by extension 'colcon_meta'
[0.291s] [34mcolcon.colcon_core.package_identification[0m [1;30mLevel 1[0m _identify(.) by extensions ['ros']
[0.291s] [34mcolcon.colcon_core.package_identification[0m [1;30mLevel 1[0m _identify(.) by extension 'ros'
[0.300s] [34mcolcon.colcon_core.package_identification[0m [1;30mLevel 1[0m _identify(.) by extensions ['cmake', 'python']
[0.300s] [34mcolcon.colcon_core.package_identification[0m [1;30mLevel 1[0m _identify(.) by extension 'cmake'
[0.300s] [34mcolcon.colcon_core.package_identification[0m [1;30mLevel 1[0m _identify(.) by extension 'python'
[0.300s] [34mcolcon.colcon_core.package_identification[0m [1;30mLevel 1[0m _identify(.) by extensions ['python_setup_py']
[0.300s] [34mcolcon.colcon_core.package_identification[0m [1;30mLevel 1[0m _identify(.) by extension 'python_setup_py'
[0.300s] [34mcolcon.colcon_core.package_identification[0m [1;30mLevel 1[0m _identify(build) by extensions ['ignore', 'ignore_ament_install']
[0.300s] [34mcolcon.colcon_core.package_identification[0m [1;30mLevel 1[0m _identify(build) by extension 'ignore'
[0.300s] [34mcolcon.colcon_core.package_identification[0m [1;30mLevel 1[0m _identify(build) ignored
[0.300s] [34mcolcon.colcon_core.package_identification[0m [1;30mLevel 1[0m _identify(c_generated_code) by extensions ['ignore', 'ignore_ament_install']
[0.301s] [34mcolcon.colcon_core.package_identification[0m [1;30mLevel 1[0m _identify(c_generated_code) by extension 'ignore'
[0.301s] [34mcolcon.colcon_core.package_identification[0m [1;30mLevel 1[0m _identify(c_generated_code) by extension 'ignore_ament_install'
[0.301s] [34mcolcon.colcon_core.package_identification[0m [1;30mLevel 1[0m _identify(c_generated_code) by extensions ['colcon_pkg']
[0.301s] [34mcolcon.colcon_core.package_identification[0m [1;30mLevel 1[0m _identify(c_generated_code) by extension 'colcon_pkg'
[0.301s] [34mcolcon.colcon_core.package_identification[0m [1;30mLevel 1[0m _identify(c_generated_code) by extensions ['colcon_meta']
[0.301s] [34mcolcon.colcon_core.package_identification[0m [1;30mLevel 1[0m _identify(c_generated_code) by extension 'colcon_meta'
[0.301s] [34mcolcon.colcon_core.package_identification[0m [1;30mLevel 1[0m _identify(c_generated_code) by extensions ['ros']
[0.301s] [34mcolcon.colcon_core.package_identification[0m [1;30mLevel 1[0m _identify(c_generated_code) by extension 'ros'
[0.301s] [34mcolcon.colcon_core.package_identification[0m [1;30mLevel 1[0m _identify(c_generated_code) by extensions ['cmake', 'python']
[0.301s] [34mcolcon.colcon_core.package_identification[0m [1;30mLevel 1[0m _identify(c_generated_code) by extension 'cmake'
[0.301s] [34mcolcon.colcon_core.package_identification[0m [1;30mLevel 1[0m _identify(c_generated_code) by extension 'python'
[0.301s] [34mcolcon.colcon_core.package_identification[0m [1;30mLevel 1[0m _identify(c_generated_code) by extensions ['python_setup_py']
[0.301s] [34mcolcon.colcon_core.package_identification[0m [1;30mLevel 1[0m _identify(c_generated_code) by extension 'python_setup_py'
[0.301s] [34mcolcon.colcon_core.package_identification[0m [1;30mLevel 1[0m _identify(c_generated_code/drone_ode_cost) by extensions ['ignore', 'ignore_ament_install']
[0.301s] [34mcolcon.colcon_core.package_identification[0m [1;30mLevel 1[0m _identify(c_generated_code/drone_ode_cost) by extension 'ignore'
[0.301s] [34mcolcon.colcon_core.package_identification[0m [1;30mLevel 1[0m _identify(c_generated_code/drone_ode_cost) by extension 'ignore_ament_install'
[0.301s] [34mcolcon.colcon_core.package_identification[0m [1;30mLevel 1[0m _identify(c_generated_code/drone_ode_cost) by extensions ['colcon_pkg']
[0.301s] [34mcolcon.colcon_core.package_identification[0m [1;30mLevel 1[0m _identify(c_generated_code/drone_ode_cost) by extension 'colcon_pkg'
[0.301s] [34mcolcon.colcon_core.package_identification[0m [1;30mLevel 1[0m _identify(c_generated_code/drone_ode_cost) by extensions ['colcon_meta']
[0.301s] [34mcolcon.colcon_core.package_identification[0m [1;30mLevel 1[0m _identify(c_generated_code/drone_ode_cost) by extension 'colcon_meta'
[0.301s] [34mcolcon.colcon_core.package_identification[0m [1;30mLevel 1[0m _identify(c_generated_code/drone_ode_cost) by extensions ['ros']
[0.301s] [34mcolcon.colcon_core.package_identification[0m [1;30mLevel 1[0m _identify(c_generated_code/drone_ode_cost) by extension 'ros'
[0.301s] [34mcolcon.colcon_core.package_identification[0m [1;30mLevel 1[0m _identify(c_generated_code/drone_ode_cost) by extensions ['cmake', 'python']
[0.301s] [34mcolcon.colcon_core.package_identification[0m [1;30mLevel 1[0m _identify(c_generated_code/drone_ode_cost) by extension 'cmake'
[0.301s] [34mcolcon.colcon_core.package_identification[0m [1;30mLevel 1[0m _identify(c_generated_code/drone_ode_cost) by extension 'python'
[0.301s] [34mcolcon.colcon_core.package_identification[0m [1;30mLevel 1[0m _identify(c_generated_code/drone_ode_cost) by extensions ['python_setup_py']
[0.301s] [34mcolcon.colcon_core.package_identification[0m [1;30mLevel 1[0m _identify(c_generated_code/drone_ode_cost) by extension 'python_setup_py'
[0.301s] [34mcolcon.colcon_core.package_identification[0m [1;30mLevel 1[0m _identify(c_generated_code/drone_ode_model) by extensions ['ignore', 'ignore_ament_install']
[0.301s] [34mcolcon.colcon_core.package_identification[0m [1;30mLevel 1[0m _identify(c_generated_code/drone_ode_model) by extension 'ignore'
[0.301s] [34mcolcon.colcon_core.package_identification[0m [1;30mLevel 1[0m _identify(c_generated_code/drone_ode_model) by extension 'ignore_ament_install'
[0.302s] [34mcolcon.colcon_core.package_identification[0m [1;30mLevel 1[0m _identify(c_generated_code/drone_ode_model) by extensions ['colcon_pkg']
[0.302s] [34mcolcon.colcon_core.package_identification[0m [1;30mLevel 1[0m _identify(c_generated_code/drone_ode_model) by extension 'colcon_pkg'
[0.302s] [34mcolcon.colcon_core.package_identification[0m [1;30mLevel 1[0m _identify(c_generated_code/drone_ode_model) by extensions ['colcon_meta']
[0.302s] [34mcolcon.colcon_core.package_identification[0m [1;30mLevel 1[0m _identify(c_generated_code/drone_ode_model) by extension 'colcon_meta'
[0.302s] [34mcolcon.colcon_core.package_identification[0m [1;30mLevel 1[0m _identify(c_generated_code/drone_ode_model) by extensions ['ros']
[0.302s] [34mcolcon.colcon_core.package_identification[0m [1;30mLevel 1[0m _identify(c_generated_code/drone_ode_model) by extension 'ros'
[0.302s] [34mcolcon.colcon_core.package_identification[0m [1;30mLevel 1[0m _identify(c_generated_code/drone_ode_model) by extensions ['cmake', 'python']
[0.302s] [34mcolcon.colcon_core.package_identification[0m [1;30mLevel 1[0m _identify(c_generated_code/drone_ode_model) by extension 'cmake'
[0.302s] [34mcolcon.colcon_core.package_identification[0m [1;30mLevel 1[0m _identify(c_generated_code/drone_ode_model) by extension 'python'
[0.302s] [34mcolcon.colcon_core.package_identification[0m [1;30mLevel 1[0m _identify(c_generated_code/drone_ode_model) by extensions ['python_setup_py']
[0.302s] [34mcolcon.colcon_core.package_identification[0m [1;30mLevel 1[0m _identify(c_generated_code/drone_ode_model) by extension 'python_setup_py'
[0.302s] [34mcolcon.colcon_core.package_identification[0m [1;30mLevel 1[0m _identify(drone_ws) by extensions ['ignore', 'ignore_ament_install']
[0.302s] [34mcolcon.colcon_core.package_identification[0m [1;30mLevel 1[0m _identify(drone_ws) by extension 'ignore'
[0.302s] [34mcolcon.colcon_core.package_identification[0m [1;30mLevel 1[0m _identify(drone_ws) by extension 'ignore_ament_install'
[0.302s] [34mcolcon.colcon_core.package_identification[0m [1;30mLevel 1[0m _identify(drone_ws) by extensions ['colcon_pkg']
[0.302s] [34mcolcon.colcon_core.package_identification[0m [1;30mLevel 1[0m _identify(drone_ws) by extension 'colcon_pkg'
[0.302s] [34mcolcon.colcon_core.package_identification[0m [1;30mLevel 1[0m _identify(drone_ws) by extensions ['colcon_meta']
[0.302s] [34mcolcon.colcon_core.package_identification[0m [1;30mLevel 1[0m _identify(drone_ws) by extension 'colcon_meta'
[0.302s] [34mcolcon.colcon_core.package_identification[0m [1;30mLevel 1[0m _identify(drone_ws) by extensions ['ros']
[0.302s] [34mcolcon.colcon_core.package_identification[0m [1;30mLevel 1[0m _identify(drone_ws) by extension 'ros'
[0.302s] [34mcolcon.colcon_core.package_identification[0m [1;30mLevel 1[0m _identify(drone_ws) by extensions ['cmake', 'python']
[0.302s] [34mcolcon.colcon_core.package_identification[0m [1;30mLevel 1[0m _identify(drone_ws) by extension 'cmake'
[0.302s] [34mcolcon.colcon_core.package_identification[0m [1;30mLevel 1[0m _identify(drone_ws) by extension 'python'
[0.302s] [34mcolcon.colcon_core.package_identification[0m [1;30mLevel 1[0m _identify(drone_ws) by extensions ['python_setup_py']
[0.302s] [34mcolcon.colcon_core.package_identification[0m [1;30mLevel 1[0m _identify(drone_ws) by extension 'python_setup_py'
[0.302s] [34mcolcon.colcon_core.package_identification[0m [1;30mLevel 1[0m _identify(drone_ws/build) by extensions ['ignore', 'ignore_ament_install']
[0.302s] [34mcolcon.colcon_core.package_identification[0m [1;30mLevel 1[0m _identify(drone_ws/build) by extension 'ignore'
[0.302s] [34mcolcon.colcon_core.package_identification[0m [1;30mLevel 1[0m _identify(drone_ws/build) ignored
[0.303s] [34mcolcon.colcon_core.package_identification[0m [1;30mLevel 1[0m _identify(drone_ws/c_generated_code) by extensions ['ignore', 'ignore_ament_install']
[0.303s] [34mcolcon.colcon_core.package_identification[0m [1;30mLevel 1[0m _identify(drone_ws/c_generated_code) by extension 'ignore'
[0.303s] [34mcolcon.colcon_core.package_identification[0m [1;30mLevel 1[0m _identify(drone_ws/c_generated_code) by extension 'ignore_ament_install'
[0.303s] [34mcolcon.colcon_core.package_identification[0m [1;30mLevel 1[0m _identify(drone_ws/c_generated_code) by extensions ['colcon_pkg']
[0.303s] [34mcolcon.colcon_core.package_identification[0m [1;30mLevel 1[0m _identify(drone_ws/c_generated_code) by extension 'colcon_pkg'
[0.303s] [34mcolcon.colcon_core.package_identification[0m [1;30mLevel 1[0m _identify(drone_ws/c_generated_code) by extensions ['colcon_meta']
[0.303s] [34mcolcon.colcon_core.package_identification[0m [1;30mLevel 1[0m _identify(drone_ws/c_generated_code) by extension 'colcon_meta'
[0.303s] [34mcolcon.colcon_core.package_identification[0m [1;30mLevel 1[0m _identify(drone_ws/c_generated_code) by extensions ['ros']
[0.303s] [34mcolcon.colcon_core.package_identification[0m [1;30mLevel 1[0m _identify(drone_ws/c_generated_code) by extension 'ros'
[0.303s] [34mcolcon.colcon_core.package_identification[0m [1;30mLevel 1[0m _identify(drone_ws/c_generated_code) by extensions ['cmake', 'python']
[0.303s] [34mcolcon.colcon_core.package_identification[0m [1;30mLevel 1[0m _identify(drone_ws/c_generated_code) by extension 'cmake'
[0.303s] [34mcolcon.colcon_core.package_identification[0m [1;30mLevel 1[0m _identify(drone_ws/c_generated_code) by extension 'python'
[0.303s] [34mcolcon.colcon_core.package_identification[0m [1;30mLevel 1[0m _identify(drone_ws/c_generated_code) by extensions ['python_setup_py']
[0.303s] [34mcolcon.colcon_core.package_identification[0m [1;30mLevel 1[0m _identify(drone_ws/c_generated_code) by extension 'python_setup_py'
[0.303s] [34mcolcon.colcon_core.package_identification[0m [1;30mLevel 1[0m _identify(drone_ws/c_generated_code/drone_non_linear_ode_cost) by extensions ['ignore', 'ignore_ament_install']
[0.303s] [34mcolcon.colcon_core.package_identification[0m [1;30mLevel 1[0m _identify(drone_ws/c_generated_code/drone_non_linear_ode_cost) by extension 'ignore'
[0.303s] [34mcolcon.colcon_core.package_identification[0m [1;30mLevel 1[0m _identify(drone_ws/c_generated_code/drone_non_linear_ode_cost) by extension 'ignore_ament_install'
[0.303s] [34mcolcon.colcon_core.package_identification[0m [1;30mLevel 1[0m _identify(drone_ws/c_generated_code/drone_non_linear_ode_cost) by extensions ['colcon_pkg']
[0.303s] [34mcolcon.colcon_core.package_identification[0m [1;30mLevel 1[0m _identify(drone_ws/c_generated_code/drone_non_linear_ode_cost) by extension 'colcon_pkg'
[0.303s] [34mcolcon.colcon_core.package_identification[0m [1;30mLevel 1[0m _identify(drone_ws/c_generated_code/drone_non_linear_ode_cost) by extensions ['colcon_meta']
[0.303s] [34mcolcon.colcon_core.package_identification[0m [1;30mLevel 1[0m _identify(drone_ws/c_generated_code/drone_non_linear_ode_cost) by extension 'colcon_meta'
[0.303s] [34mcolcon.colcon_core.package_identification[0m [1;30mLevel 1[0m _identify(drone_ws/c_generated_code/drone_non_linear_ode_cost) by extensions ['ros']
[0.303s] [34mcolcon.colcon_core.package_identification[0m [1;30mLevel 1[0m _identify(drone_ws/c_generated_code/drone_non_linear_ode_cost) by extension 'ros'
[0.303s] [34mcolcon.colcon_core.package_identification[0m [1;30mLevel 1[0m _identify(drone_ws/c_generated_code/drone_non_linear_ode_cost) by extensions ['cmake', 'python']
[0.303s] [34mcolcon.colcon_core.package_identification[0m [1;30mLevel 1[0m _identify(drone_ws/c_generated_code/drone_non_linear_ode_cost) by extension 'cmake'
[0.303s] [34mcolcon.colcon_core.package_identification[0m [1;30mLevel 1[0m _identify(drone_ws/c_generated_code/drone_non_linear_ode_cost) by extension 'python'
[0.303s] [34mcolcon.colcon_core.package_identification[0m [1;30mLevel 1[0m _identify(drone_ws/c_generated_code/drone_non_linear_ode_cost) by extensions ['python_setup_py']
[0.304s] [34mcolcon.colcon_core.package_identification[0m [1;30mLevel 1[0m _identify(drone_ws/c_generated_code/drone_non_linear_ode_cost) by extension 'python_setup_py'
[0.304s] [34mcolcon.colcon_core.package_identification[0m [1;30mLevel 1[0m _identify(drone_ws/c_generated_code/drone_non_linear_ode_model) by extensions ['ignore', 'ignore_ament_install']
[0.304s] [34mcolcon.colcon_core.package_identification[0m [1;30mLevel 1[0m _identify(drone_ws/c_generated_code/drone_non_linear_ode_model) by extension 'ignore'
[0.304s] [34mcolcon.colcon_core.package_identification[0m [1;30mLevel 1[0m _identify(drone_ws/c_generated_code/drone_non_linear_ode_model) by extension 'ignore_ament_install'
[0.304s] [34mcolcon.colcon_core.package_identification[0m [1;30mLevel 1[0m _identify(drone_ws/c_generated_code/drone_non_linear_ode_model) by extensions ['colcon_pkg']
[0.304s] [34mcolcon.colcon_core.package_identification[0m [1;30mLevel 1[0m _identify(drone_ws/c_generated_code/drone_non_linear_ode_model) by extension 'colcon_pkg'
[0.304s] [34mcolcon.colcon_core.package_identification[0m [1;30mLevel 1[0m _identify(drone_ws/c_generated_code/drone_non_linear_ode_model) by extensions ['colcon_meta']
[0.304s] [34mcolcon.colcon_core.package_identification[0m [1;30mLevel 1[0m _identify(drone_ws/c_generated_code/drone_non_linear_ode_model) by extension 'colcon_meta'
[0.304s] [34mcolcon.colcon_core.package_identification[0m [1;30mLevel 1[0m _identify(drone_ws/c_generated_code/drone_non_linear_ode_model) by extensions ['ros']
[0.304s] [34mcolcon.colcon_core.package_identification[0m [1;30mLevel 1[0m _identify(drone_ws/c_generated_code/drone_non_linear_ode_model) by extension 'ros'
[0.304s] [34mcolcon.colcon_core.package_identification[0m [1;30mLevel 1[0m _identify(drone_ws/c_generated_code/drone_non_linear_ode_model) by extensions ['cmake', 'python']
[0.304s] [34mcolcon.colcon_core.package_identification[0m [1;30mLevel 1[0m _identify(drone_ws/c_generated_code/drone_non_linear_ode_model) by extension 'cmake'
[0.304s] [34mcolcon.colcon_core.package_identification[0m [1;30mLevel 1[0m _identify(drone_ws/c_generated_code/drone_non_linear_ode_model) by extension 'python'
[0.304s] [34mcolcon.colcon_core.package_identification[0m [1;30mLevel 1[0m _identify(drone_ws/c_generated_code/drone_non_linear_ode_model) by extensions ['python_setup_py']
[0.304s] [34mcolcon.colcon_core.package_identification[0m [1;30mLevel 1[0m _identify(drone_ws/c_generated_code/drone_non_linear_ode_model) by extension 'python_setup_py'
[0.304s] [34mcolcon.colcon_core.package_identification[0m [1;30mLevel 1[0m _identify(drone_ws/c_generated_code/drone_ode_cost) by extensions ['ignore', 'ignore_ament_install']
[0.304s] [34mcolcon.colcon_core.package_identification[0m [1;30mLevel 1[0m _identify(drone_ws/c_generated_code/drone_ode_cost) by extension 'ignore'
[0.304s] [34mcolcon.colcon_core.package_identification[0m [1;30mLevel 1[0m _identify(drone_ws/c_generated_code/drone_ode_cost) by extension 'ignore_ament_install'
[0.304s] [34mcolcon.colcon_core.package_identification[0m [1;30mLevel 1[0m _identify(drone_ws/c_generated_code/drone_ode_cost) by extensions ['colcon_pkg']
[0.304s] [34mcolcon.colcon_core.package_identification[0m [1;30mLevel 1[0m _identify(drone_ws/c_generated_code/drone_ode_cost) by extension 'colcon_pkg'
[0.304s] [34mcolcon.colcon_core.package_identification[0m [1;30mLevel 1[0m _identify(drone_ws/c_generated_code/drone_ode_cost) by extensions ['colcon_meta']
[0.304s] [34mcolcon.colcon_core.package_identification[0m [1;30mLevel 1[0m _identify(drone_ws/c_generated_code/drone_ode_cost) by extension 'colcon_meta'
[0.304s] [34mcolcon.colcon_core.package_identification[0m [1;30mLevel 1[0m _identify(drone_ws/c_generated_code/drone_ode_cost) by extensions ['ros']
[0.304s] [34mcolcon.colcon_core.package_identification[0m [1;30mLevel 1[0m _identify(drone_ws/c_generated_code/drone_ode_cost) by extension 'ros'
[0.304s] [34mcolcon.colcon_core.package_identification[0m [1;30mLevel 1[0m _identify(drone_ws/c_generated_code/drone_ode_cost) by extensions ['cmake', 'python']
[0.304s] [34mcolcon.colcon_core.package_identification[0m [1;30mLevel 1[0m _identify(drone_ws/c_generated_code/drone_ode_cost) by extension 'cmake'
[0.304s] [34mcolcon.colcon_core.package_identification[0m [1;30mLevel 1[0m _identify(drone_ws/c_generated_code/drone_ode_cost) by extension 'python'
[0.304s] [34mcolcon.colcon_core.package_identification[0m [1;30mLevel 1[0m _identify(drone_ws/c_generated_code/drone_ode_cost) by extensions ['python_setup_py']
[0.304s] [34mcolcon.colcon_core.package_identification[0m [1;30mLevel 1[0m _identify(drone_ws/c_generated_code/drone_ode_cost) by extension 'python_setup_py'
[0.304s] [34mcolcon.colcon_core.package_identification[0m [1;30mLevel 1[0m _identify(drone_ws/c_generated_code/drone_ode_model) by extensions ['ignore', 'ignore_ament_install']
[0.305s] [34mcolcon.colcon_core.package_identification[0m [1;30mLevel 1[0m _identify(drone_ws/c_generated_code/drone_ode_model) by extension 'ignore'
[0.305s] [34mcolcon.colcon_core.package_identification[0m [1;30mLevel 1[0m _identify(drone_ws/c_generated_code/drone_ode_model) by extension 'ignore_ament_install'
[0.305s] [34mcolcon.colcon_core.package_identification[0m [1;30mLevel 1[0m _identify(drone_ws/c_generated_code/drone_ode_model) by extensions ['colcon_pkg']
[0.305s] [34mcolcon.colcon_core.package_identification[0m [1;30mLevel 1[0m _identify(drone_ws/c_generated_code/drone_ode_model) by extension 'colcon_pkg'
[0.305s] [34mcolcon.colcon_core.package_identification[0m [1;30mLevel 1[0m _identify(drone_ws/c_generated_code/drone_ode_model) by extensions ['colcon_meta']
[0.305s] [34mcolcon.colcon_core.package_identification[0m [1;30mLevel 1[0m _identify(drone_ws/c_generated_code/drone_ode_model) by extension 'colcon_meta'
[0.305s] [34mcolcon.colcon_core.package_identification[0m [1;30mLevel 1[0m _identify(drone_ws/c_generated_code/drone_ode_model) by extensions ['ros']
[0.305s] [34mcolcon.colcon_core.package_identification[0m [1;30mLevel 1[0m _identify(drone_ws/c_generated_code/drone_ode_model) by extension 'ros'
[0.305s] [34mcolcon.colcon_core.package_identification[0m [1;30mLevel 1[0m _identify(drone_ws/c_generated_code/drone_ode_model) by extensions ['cmake', 'python']
[0.305s] [34mcolcon.colcon_core.package_identification[0m [1;30mLevel 1[0m _identify(drone_ws/c_generated_code/drone_ode_model) by extension 'cmake'
[0.305s] [34mcolcon.colcon_core.package_identification[0m [1;30mLevel 1[0m _identify(drone_ws/c_generated_code/drone_ode_model) by extension 'python'
[0.305s] [34mcolcon.colcon_core.package_identification[0m [1;30mLevel 1[0m _identify(drone_ws/c_generated_code/drone_ode_model) by extensions ['python_setup_py']
[0.305s] [34mcolcon.colcon_core.package_identification[0m [1;30mLevel 1[0m _identify(drone_ws/c_generated_code/drone_ode_model) by extension 'python_setup_py'
[0.305s] [34mcolcon.colcon_core.package_identification[0m [1;30mLevel 1[0m _identify(drone_ws/install) by extensions ['ignore', 'ignore_ament_install']
[0.305s] [34mcolcon.colcon_core.package_identification[0m [1;30mLevel 1[0m _identify(drone_ws/install) by extension 'ignore'
[0.305s] [34mcolcon.colcon_core.package_identification[0m [1;30mLevel 1[0m _identify(drone_ws/install) ignored
[0.305s] [34mcolcon.colcon_core.package_identification[0m [1;30mLevel 1[0m _identify(drone_ws/log) by extensions ['ignore', 'ignore_ament_install']
[0.305s] [34mcolcon.colcon_core.package_identification[0m [1;30mLevel 1[0m _identify(drone_ws/log) by extension 'ignore'
[0.305s] [34mcolcon.colcon_core.package_identification[0m [1;30mLevel 1[0m _identify(drone_ws/log) ignored
[0.305s] [34mcolcon.colcon_core.package_identification[0m [1;30mLevel 1[0m _identify(drone_ws/src) by extensions ['ignore', 'ignore_ament_install']
[0.305s] [34mcolcon.colcon_core.package_identification[0m [1;30mLevel 1[0m _identify(drone_ws/src) by extension 'ignore'
[0.305s] [34mcolcon.colcon_core.package_identification[0m [1;30mLevel 1[0m _identify(drone_ws/src) by extension 'ignore_ament_install'
[0.306s] [34mcolcon.colcon_core.package_identification[0m [1;30mLevel 1[0m _identify(drone_ws/src) by extensions ['colcon_pkg']
[0.306s] [34mcolcon.colcon_core.package_identification[0m [1;30mLevel 1[0m _identify(drone_ws/src) by extension 'colcon_pkg'
[0.306s] [34mcolcon.colcon_core.package_identification[0m [1;30mLevel 1[0m _identify(drone_ws/src) by extensions ['colcon_meta']
[0.306s] [34mcolcon.colcon_core.package_identification[0m [1;30mLevel 1[0m _identify(drone_ws/src) by extension 'colcon_meta'
[0.306s] [34mcolcon.colcon_core.package_identification[0m [1;30mLevel 1[0m _identify(drone_ws/src) by extensions ['ros']
[0.306s] [34mcolcon.colcon_core.package_identification[0m [1;30mLevel 1[0m _identify(drone_ws/src) by extension 'ros'
[0.306s] [34mcolcon.colcon_core.package_identification[0m [1;30mLevel 1[0m _identify(drone_ws/src) by extensions ['cmake', 'python']
[0.306s] [34mcolcon.colcon_core.package_identification[0m [1;30mLevel 1[0m _identify(drone_ws/src) by extension 'cmake'
[0.306s] [34mcolcon.colcon_core.package_identification[0m [1;30mLevel 1[0m _identify(drone_ws/src) by extension 'python'
[0.306s] [34mcolcon.colcon_core.package_identification[0m [1;30mLevel 1[0m _identify(drone_ws/src) by extensions ['python_setup_py']
[0.306s] [34mcolcon.colcon_core.package_identification[0m [1;30mLevel 1[0m _identify(drone_ws/src) by extension 'python_setup_py'
[0.306s] [34mcolcon.colcon_core.package_identification[0m [1;30mLevel 1[0m _identify(drone_ws/src/drone_mpc_python) by extensions ['ignore', 'ignore_ament_install']
[0.306s] [34mcolcon.colcon_core.package_identification[0m [1;30mLevel 1[0m _identify(drone_ws/src/drone_mpc_python) by extension 'ignore'
[0.306s] [34mcolcon.colcon_core.package_identification[0m [1;30mLevel 1[0m _identify(drone_ws/src/drone_mpc_python) by extension 'ignore_ament_install'
[0.306s] [34mcolcon.colcon_core.package_identification[0m [1;30mLevel 1[0m _identify(drone_ws/src/drone_mpc_python) by extensions ['colcon_pkg']
[0.306s] [34mcolcon.colcon_core.package_identification[0m [1;30mLevel 1[0m _identify(drone_ws/src/drone_mpc_python) by extension 'colcon_pkg'
[0.306s] [34mcolcon.colcon_core.package_identification[0m [1;30mLevel 1[0m _identify(drone_ws/src/drone_mpc_python) by extensions ['colcon_meta']
[0.306s] [34mcolcon.colcon_core.package_identification[0m [1;30mLevel 1[0m _identify(drone_ws/src/drone_mpc_python) by extension 'colcon_meta'
[0.306s] [34mcolcon.colcon_core.package_identification[0m [1;30mLevel 1[0m _identify(drone_ws/src/drone_mpc_python) by extensions ['ros']
[0.306s] [34mcolcon.colcon_core.package_identification[0m [1;30mLevel 1[0m _identify(drone_ws/src/drone_mpc_python) by extension 'ros'
[0.308s] [34mcolcon.colcon_core.package_identification[0m [1;30mDEBUG[0m [32mPackage 'drone_ws/src/drone_mpc_python' with type 'ros.ament_python' and name 'drone_mpc_python'[0m
[0.309s] [34mcolcon.colcon_core.package_identification[0m [1;30mLevel 1[0m _identify(drone_ws/src/drone_simulator) by extensions ['ignore', 'ignore_ament_install']
[0.309s] [34mcolcon.colcon_core.package_identification[0m [1;30mLevel 1[0m _identify(drone_ws/src/drone_simulator) by extension 'ignore'
[0.309s] [34mcolcon.colcon_core.package_identification[0m [1;30mLevel 1[0m _identify(drone_ws/src/drone_simulator) by extension 'ignore_ament_install'
[0.309s] [34mcolcon.colcon_core.package_identification[0m [1;30mLevel 1[0m _identify(drone_ws/src/drone_simulator) by extensions ['colcon_pkg']
[0.309s] [34mcolcon.colcon_core.package_identification[0m [1;30mLevel 1[0m _identify(drone_ws/src/drone_simulator) by extension 'colcon_pkg'
[0.309s] [34mcolcon.colcon_core.package_identification[0m [1;30mLevel 1[0m _identify(drone_ws/src/drone_simulator) by extensions ['colcon_meta']
[0.309s] [34mcolcon.colcon_core.package_identification[0m [1;30mLevel 1[0m _identify(drone_ws/src/drone_simulator) by extension 'colcon_meta'
[0.309s] [34mcolcon.colcon_core.package_identification[0m [1;30mLevel 1[0m _identify(drone_ws/src/drone_simulator) by extensions ['ros']
[0.309s] [34mcolcon.colcon_core.package_identification[0m [1;30mLevel 1[0m _identify(drone_ws/src/drone_simulator) by extension 'ros'
[0.309s] [34mcolcon.colcon_core.package_identification[0m [1;30mDEBUG[0m [32mPackage 'drone_ws/src/drone_simulator' with type 'ros.ament_python' and name 'drone_simulator'[0m
[0.309s] [34mcolcon.colcon_core.package_identification[0m [1;30mLevel 1[0m _identify(drone_ws/src/global_planner) by extensions ['ignore', 'ignore_ament_install']
[0.309s] [34mcolcon.colcon_core.package_identification[0m [1;30mLevel 1[0m _identify(drone_ws/src/global_planner) by extension 'ignore'
[0.310s] [34mcolcon.colcon_core.package_identification[0m [1;30mLevel 1[0m _identify(drone_ws/src/global_planner) by extension 'ignore_ament_install'
[0.310s] [34mcolcon.colcon_core.package_identification[0m [1;30mLevel 1[0m _identify(drone_ws/src/global_planner) by extensions ['colcon_pkg']
[0.310s] [34mcolcon.colcon_core.package_identification[0m [1;30mLevel 1[0m _identify(drone_ws/src/global_planner) by extension 'colcon_pkg'
[0.310s] [34mcolcon.colcon_core.package_identification[0m [1;30mLevel 1[0m _identify(drone_ws/src/global_planner) by extensions ['colcon_meta']
[0.310s] [34mcolcon.colcon_core.package_identification[0m [1;30mLevel 1[0m _identify(drone_ws/src/global_planner) by extension 'colcon_meta'
[0.310s] [34mcolcon.colcon_core.package_identification[0m [1;30mLevel 1[0m _identify(drone_ws/src/global_planner) by extensions ['ros']
[0.310s] [34mcolcon.colcon_core.package_identification[0m [1;30mLevel 1[0m _identify(drone_ws/src/global_planner) by extension 'ros'
[0.310s] [34mcolcon.colcon_core.package_identification[0m [1;30mDEBUG[0m [32mPackage 'drone_ws/src/global_planner' with type 'ros.ament_python' and name 'global_planner'[0m
[0.310s] [34mcolcon.colcon_core.package_identification[0m [1;30mLevel 1[0m _identify(drone_ws/src/scenario_creator) by extensions ['ignore', 'ignore_ament_install']
[0.310s] [34mcolcon.colcon_core.package_identification[0m [1;30mLevel 1[0m _identify(drone_ws/src/scenario_creator) by extension 'ignore'
[0.310s] [34mcolcon.colcon_core.package_identification[0m [1;30mLevel 1[0m _identify(drone_ws/src/scenario_creator) by extension 'ignore_ament_install'
[0.310s] [34mcolcon.colcon_core.package_identification[0m [1;30mLevel 1[0m _identify(drone_ws/src/scenario_creator) by extensions ['colcon_pkg']
[0.310s] [34mcolcon.colcon_core.package_identification[0m [1;30mLevel 1[0m _identify(drone_ws/src/scenario_creator) by extension 'colcon_pkg'
[0.310s] [34mcolcon.colcon_core.package_identification[0m [1;30mLevel 1[0m _identify(drone_ws/src/scenario_creator) by extensions ['colcon_meta']
[0.310s] [34mcolcon.colcon_core.package_identification[0m [1;30mLevel 1[0m _identify(drone_ws/src/scenario_creator) by extension 'colcon_meta'
[0.310s] [34mcolcon.colcon_core.package_identification[0m [1;30mLevel 1[0m _identify(drone_ws/src/scenario_creator) by extensions ['ros']
[0.310s] [34mcolcon.colcon_core.package_identification[0m [1;30mLevel 1[0m _identify(drone_ws/src/scenario_creator) by extension 'ros'
[0.311s] [34mcolcon.colcon_core.package_identification[0m [1;30mDEBUG[0m [32mPackage 'drone_ws/src/scenario_creator' with type 'ros.ament_python' and name 'scenario_creator'[0m
[0.311s] [34mcolcon.colcon_core.package_identification[0m [1;30mLevel 1[0m _identify(install) by extensions ['ignore', 'ignore_ament_install']
[0.311s] [34mcolcon.colcon_core.package_identification[0m [1;30mLevel 1[0m _identify(install) by extension 'ignore'
[0.311s] [34mcolcon.colcon_core.package_identification[0m [1;30mLevel 1[0m _identify(install) ignored
[0.311s] [34mcolcon.colcon_core.package_identification[0m [1;30mLevel 1[0m _identify(log) by extensions ['ignore', 'ignore_ament_install']
[0.311s] [34mcolcon.colcon_core.package_identification[0m [1;30mLevel 1[0m _identify(log) by extension 'ignore'
[0.311s] [34mcolcon.colcon_core.package_identification[0m [1;30mLevel 1[0m _identify(log) ignored
[0.311s] [34mcolcon.colcon_core.package_identification[0m [1;30mLevel 1[0m _identify(project_assets) by extensions ['ignore', 'ignore_ament_install']
[0.311s] [34mcolcon.colcon_core.package_identification[0m [1;30mLevel 1[0m _identify(project_assets) by extension 'ignore'
[0.311s] [34mcolcon.colcon_core.package_identification[0m [1;30mLevel 1[0m _identify(project_assets) ignored
[0.311s] [34mcolcon.colcon_core.package_discovery[0m [1;30mLevel 1[0m discover_packages(recursive) using defaults
[0.311s] [34mcolcon.colcon_core.package_discovery[0m [1;30mLevel 1[0m discover_packages(ignore) discover
[0.311s] [34mcolcon.colcon_core.package_discovery[0m [1;30mLevel 1[0m discover_packages(ignore) using defaults
[0.311s] [34mcolcon.colcon_core.package_discovery[0m [1;30mLevel 1[0m discover_packages(path) discover
[0.311s] [34mcolcon.colcon_core.package_discovery[0m [1;30mLevel 1[0m discover_packages(path) using defaults
[0.324s] [34mcolcon.colcon_core.package_discovery[0m [1;30mLevel 1[0m discover_packages(prefix_path) check parameters
[0.324s] [34mcolcon.colcon_core.package_discovery[0m [1;30mLevel 1[0m discover_packages(prefix_path) discover
[0.326s] [34mcolcon.colcon_installed_package_information.package_discovery[0m [1;30mDEBUG[0m [32mFound 4 installed packages in /home/antreas/MsC/Q2/RO47005/finalAssignment/RO47005-Project/install[0m
[0.327s] [34mcolcon.colcon_installed_package_information.package_discovery[0m [1;30mDEBUG[0m [32mFound 310 installed packages in /opt/ros/humble[0m
[0.328s] [34mcolcon.colcon_core.package_discovery[0m [1;30mLevel 1[0m discover_packages(prefix_path) using defaults
[0.359s] [34mcolcon.colcon_core.verb[0m [1;30mLevel 5[0m set package 'drone_mpc_python' build argument 'cmake_args' from command line to 'None'
[0.359s] [34mcolcon.colcon_core.verb[0m [1;30mLevel 5[0m set package 'drone_mpc_python' build argument 'cmake_target' from command line to 'None'
[0.359s] [34mcolcon.colcon_core.verb[0m [1;30mLevel 5[0m set package 'drone_mpc_python' build argument 'cmake_target_skip_unavailable' from command line to 'False'
[0.359s] [34mcolcon.colcon_core.verb[0m [1;30mLevel 5[0m set package 'drone_mpc_python' build argument 'cmake_clean_cache' from command line to 'False'
[0.359s] [34mcolcon.colcon_core.verb[0m [1;30mLevel 5[0m set package 'drone_mpc_python' build argument 'cmake_clean_first' from command line to 'False'
[0.359s] [34mcolcon.colcon_core.verb[0m [1;30mLevel 5[0m set package 'drone_mpc_python' build argument 'cmake_force_configure' from command line to 'False'
[0.359s] [34mcolcon.colcon_core.verb[0m [1;30mLevel 5[0m set package 'drone_mpc_python' build argument 'ament_cmake_args' from command line to 'None'
[0.359s] [34mcolcon.colcon_core.verb[0m [1;30mLevel 5[0m set package 'drone_mpc_python' build argument 'catkin_cmake_args' from command line to 'None'
[0.359s] [34mcolcon.colcon_core.verb[0m [1;30mLevel 5[0m set package 'drone_mpc_python' build argument 'catkin_skip_building_tests' from command line to 'False'
[0.359s] [34mcolcon.colcon_core.verb[0m [1;30mDEBUG[0m [32mBuilding package 'drone_mpc_python' with the following arguments: {'ament_cmake_args': None, 'build_base': '/home/antreas/MsC/Q2/RO47005/finalAssignment/RO47005-Project/build/drone_mpc_python', 'catkin_cmake_args': None, 'catkin_skip_building_tests': False, 'cmake_args': None, 'cmake_clean_cache': False, 'cmake_clean_first': False, 'cmake_force_configure': False, 'cmake_target': None, 'cmake_target_skip_unavailable': False, 'install_base': '/home/antreas/MsC/Q2/RO47005/finalAssignment/RO47005-Project/install/drone_mpc_python', 'merge_install': False, 'path': '/home/antreas/MsC/Q2/RO47005/finalAssignment/RO47005-Project/drone_ws/src/drone_mpc_python', 'symlink_install': False, 'test_result_base': None}[0m
[0.360s] [34mcolcon.colcon_core.verb[0m [1;30mLevel 5[0m set package 'drone_simulator' build argument 'cmake_args' from command line to 'None'
[0.360s] [34mcolcon.colcon_core.verb[0m [1;30mLevel 5[0m set package 'drone_simulator' build argument 'cmake_target' from command line to 'None'
[0.360s] [34mcolcon.colcon_core.verb[0m [1;30mLevel 5[0m set package 'drone_simulator' build argument 'cmake_target_skip_unavailable' from command line to 'False'
[0.360s] [34mcolcon.colcon_core.verb[0m [1;30mLevel 5[0m set package 'drone_simulator' build argument 'cmake_clean_cache' from command line to 'False'
[0.360s] [34mcolcon.colcon_core.verb[0m [1;30mLevel 5[0m set package 'drone_simulator' build argument 'cmake_clean_first' from command line to 'False'
[0.360s] [34mcolcon.colcon_core.verb[0m [1;30mLevel 5[0m set package 'drone_simulator' build argument 'cmake_force_configure' from command line to 'False'
[0.360s] [34mcolcon.colcon_core.verb[0m [1;30mLevel 5[0m set package 'drone_simulator' build argument 'ament_cmake_args' from command line to 'None'
[0.360s] [34mcolcon.colcon_core.verb[0m [1;30mLevel 5[0m set package 'drone_simulator' build argument 'catkin_cmake_args' from command line to 'None'
[0.360s] [34mcolcon.colcon_core.verb[0m [1;30mLevel 5[0m set package 'drone_simulator' build argument 'catkin_skip_building_tests' from command line to 'False'
[0.360s] [34mcolcon.colcon_core.verb[0m [1;30mDEBUG[0m [32mBuilding package 'drone_simulator' with the following arguments: {'ament_cmake_args': None, 'build_base': '/home/antreas/MsC/Q2/RO47005/finalAssignment/RO47005-Project/build/drone_simulator', 'catkin_cmake_args': None, 'catkin_skip_building_tests': False, 'cmake_args': None, 'cmake_clean_cache': False, 'cmake_clean_first': False, 'cmake_force_configure': False, 'cmake_target': None, 'cmake_target_skip_unavailable': False, 'install_base': '/home/antreas/MsC/Q2/RO47005/finalAssignment/RO47005-Project/install/drone_simulator', 'merge_install': False, 'path': '/home/antreas/MsC/Q2/RO47005/finalAssignment/RO47005-Project/drone_ws/src/drone_simulator', 'symlink_install': False, 'test_result_base': None}[0m
[0.360s] [34mcolcon.colcon_core.verb[0m [1;30mLevel 5[0m set package 'global_planner' build argument 'cmake_args' from command line to 'None'
[0.360s] [34mcolcon.colcon_core.verb[0m [1;30mLevel 5[0m set package 'global_planner' build argument 'cmake_target' from command line to 'None'
[0.360s] [34mcolcon.colcon_core.verb[0m [1;30mLevel 5[0m set package 'global_planner' build argument 'cmake_target_skip_unavailable' from command line to 'False'
[0.360s] [34mcolcon.colcon_core.verb[0m [1;30mLevel 5[0m set package 'global_planner' build argument 'cmake_clean_cache' from command line to 'False'
[0.360s] [34mcolcon.colcon_core.verb[0m [1;30mLevel 5[0m set package 'global_planner' build argument 'cmake_clean_first' from command line to 'False'
[0.360s] [34mcolcon.colcon_core.verb[0m [1;30mLevel 5[0m set package 'global_planner' build argument 'cmake_force_configure' from command line to 'False'
[0.360s] [34mcolcon.colcon_core.verb[0m [1;30mLevel 5[0m set package 'global_planner' build argument 'ament_cmake_args' from command line to 'None'
[0.360s] [34mcolcon.colcon_core.verb[0m [1;30mLevel 5[0m set package 'global_planner' build argument 'catkin_cmake_args' from command line to 'None'
[0.360s] [34mcolcon.colcon_core.verb[0m [1;30mLevel 5[0m set package 'global_planner' build argument 'catkin_skip_building_tests' from command line to 'False'
[0.360s] [34mcolcon.colcon_core.verb[0m [1;30mDEBUG[0m [32mBuilding package 'global_planner' with the following arguments: {'ament_cmake_args': None, 'build_base': '/home/antreas/MsC/Q2/RO47005/finalAssignment/RO47005-Project/build/global_planner', 'catkin_cmake_args': None, 'catkin_skip_building_tests': False, 'cmake_args': None, 'cmake_clean_cache': False, 'cmake_clean_first': False, 'cmake_force_configure': False, 'cmake_target': None, 'cmake_target_skip_unavailable': False, 'install_base': '/home/antreas/MsC/Q2/RO47005/finalAssignment/RO47005-Project/install/global_planner', 'merge_install': False, 'path': '/home/antreas/MsC/Q2/RO47005/finalAssignment/RO47005-Project/drone_ws/src/global_planner', 'symlink_install': False, 'test_result_base': None}[0m
[0.361s] [34mcolcon.colcon_core.verb[0m [1;30mLevel 5[0m set package 'scenario_creator' build argument 'cmake_args' from command line to 'None'
[0.361s] [34mcolcon.colcon_core.verb[0m [1;30mLevel 5[0m set package 'scenario_creator' build argument 'cmake_target' from command line to 'None'
[0.361s] [34mcolcon.colcon_core.verb[0m [1;30mLevel 5[0m set package 'scenario_creator' build argument 'cmake_target_skip_unavailable' from command line to 'False'
[0.361s] [34mcolcon.colcon_core.verb[0m [1;30mLevel 5[0m set package 'scenario_creator' build argument 'cmake_clean_cache' from command line to 'False'
[0.361s] [34mcolcon.colcon_core.verb[0m [1;30mLevel 5[0m set package 'scenario_creator' build argument 'cmake_clean_first' from command line to 'False'
[0.361s] [34mcolcon.colcon_core.verb[0m [1;30mLevel 5[0m set package 'scenario_creator' build argument 'cmake_force_configure' from command line to 'False'
[0.361s] [34mcolcon.colcon_core.verb[0m [1;30mLevel 5[0m set package 'scenario_creator' build argument 'ament_cmake_args' from command line to 'None'
[0.361s] [34mcolcon.colcon_core.verb[0m [1;30mLevel 5[0m set package 'scenario_creator' build argument 'catkin_cmake_args' from command line to 'None'
[0.361s] [34mcolcon.colcon_core.verb[0m [1;30mLevel 5[0m set package 'scenario_creator' build argument 'catkin_skip_building_tests' from command line to 'False'
[0.361s] [34mcolcon.colcon_core.verb[0m [1;30mDEBUG[0m [32mBuilding package 'scenario_creator' with the following arguments: {'ament_cmake_args': None, 'build_base': '/home/antreas/MsC/Q2/RO47005/finalAssignment/RO47005-Project/build/scenario_creator', 'catkin_cmake_args': None, 'catkin_skip_building_tests': False, 'cmake_args': None, 'cmake_clean_cache': False, 'cmake_clean_first': False, 'cmake_force_configure': False, 'cmake_target': None, 'cmake_target_skip_unavailable': False, 'install_base': '/home/antreas/MsC/Q2/RO47005/finalAssignment/RO47005-Project/install/scenario_creator', 'merge_install': False, 'path': '/home/antreas/MsC/Q2/RO47005/finalAssignment/RO47005-Project/drone_ws/src/scenario_creator', 'symlink_install': False, 'test_result_base': None}[0m
[0.361s] [34mcolcon.colcon_core.executor[0m [1;30mINFO[0m Executing jobs using 'parallel' executor
[0.362s] [34mcolcon.colcon_parallel_executor.executor.parallel[0m [1;30mDEBUG[0m [32mrun_until_complete[0m
[0.362s] [34mcolcon.colcon_ros.task.ament_python.build[0m [1;30mINFO[0m Building ROS package in '/home/antreas/MsC/Q2/RO47005/finalAssignment/RO47005-Project/drone_ws/src/drone_mpc_python' with build type 'ament_python'
[0.362s] [34mcolcon.colcon_core.shell[0m [1;30mLevel 1[0m create_environment_hook('drone_mpc_python', 'ament_prefix_path')
[0.364s] [34mcolcon.colcon_core.plugin_system[0m [1;30mINFO[0m Skipping extension 'colcon_core.shell.bat': Not used on non-Windows systems
[0.364s] [34mcolcon.colcon_core.shell[0m [1;30mINFO[0m Creating environment hook '/home/antreas/MsC/Q2/RO47005/finalAssignment/RO47005-Project/install/drone_mpc_python/share/drone_mpc_python/hook/ament_prefix_path.ps1'
[0.365s] [34mcolcon.colcon_core.shell[0m [1;30mINFO[0m Creating environment descriptor '/home/antreas/MsC/Q2/RO47005/finalAssignment/RO47005-Project/install/drone_mpc_python/share/drone_mpc_python/hook/ament_prefix_path.dsv'
[0.365s] [34mcolcon.colcon_core.shell[0m [1;30mINFO[0m Creating environment hook '/home/antreas/MsC/Q2/RO47005/finalAssignment/RO47005-Project/install/drone_mpc_python/share/drone_mpc_python/hook/ament_prefix_path.sh'
[0.365s] [34mcolcon.colcon_core.shell[0m [1;30mINFO[0m Skip shell extension 'powershell' for command environment: Not usable outside of PowerShell
[0.365s] [34mcolcon.colcon_core.shell[0m [1;30mDEBUG[0m [32mSkip shell extension 'dsv' for command environment[0m
[0.368s] [34mcolcon.colcon_ros.task.ament_python.build[0m [1;30mINFO[0m Building ROS package in '/home/antreas/MsC/Q2/RO47005/finalAssignment/RO47005-Project/drone_ws/src/drone_simulator' with build type 'ament_python'
[0.368s] [34mcolcon.colcon_core.shell[0m [1;30mLevel 1[0m create_environment_hook('drone_simulator', 'ament_prefix_path')
[0.368s] [34mcolcon.colcon_core.shell[0m [1;30mINFO[0m Creating environment hook '/home/antreas/MsC/Q2/RO47005/finalAssignment/RO47005-Project/install/drone_simulator/share/drone_simulator/hook/ament_prefix_path.ps1'
[0.369s] [34mcolcon.colcon_core.shell[0m [1;30mINFO[0m Creating environment descriptor '/home/antreas/MsC/Q2/RO47005/finalAssignment/RO47005-Project/install/drone_simulator/share/drone_simulator/hook/ament_prefix_path.dsv'
[0.369s] [34mcolcon.colcon_core.shell[0m [1;30mINFO[0m Creating environment hook '/home/antreas/MsC/Q2/RO47005/finalAssignment/RO47005-Project/install/drone_simulator/share/drone_simulator/hook/ament_prefix_path.sh'
[0.369s] [34mcolcon.colcon_core.shell[0m [1;30mINFO[0m Skip shell extension 'powershell' for command environment: Not usable outside of PowerShell
[0.370s] [34mcolcon.colcon_core.shell[0m [1;30mDEBUG[0m [32mSkip shell extension 'dsv' for command environment[0m
[0.372s] [34mcolcon.colcon_ros.task.ament_python.build[0m [1;30mINFO[0m Building ROS package in '/home/antreas/MsC/Q2/RO47005/finalAssignment/RO47005-Project/drone_ws/src/global_planner' with build type 'ament_python'
[0.372s] [34mcolcon.colcon_core.shell[0m [1;30mLevel 1[0m create_environment_hook('global_planner', 'ament_prefix_path')
[0.372s] [34mcolcon.colcon_core.shell[0m [1;30mINFO[0m Creating environment hook '/home/antreas/MsC/Q2/RO47005/finalAssignment/RO47005-Project/install/global_planner/share/global_planner/hook/ament_prefix_path.ps1'
[0.373s] [34mcolcon.colcon_core.shell[0m [1;30mINFO[0m Creating environment descriptor '/home/antreas/MsC/Q2/RO47005/finalAssignment/RO47005-Project/install/global_planner/share/global_planner/hook/ament_prefix_path.dsv'
[0.373s] [34mcolcon.colcon_core.shell[0m [1;30mINFO[0m Creating environment hook '/home/antreas/MsC/Q2/RO47005/finalAssignment/RO47005-Project/install/global_planner/share/global_planner/hook/ament_prefix_path.sh'
[0.374s] [34mcolcon.colcon_core.shell[0m [1;30mINFO[0m Skip shell extension 'powershell' for command environment: Not usable outside of PowerShell
[0.374s] [34mcolcon.colcon_core.shell[0m [1;30mDEBUG[0m [32mSkip shell extension 'dsv' for command environment[0m
[0.376s] [34mcolcon.colcon_ros.task.ament_python.build[0m [1;30mINFO[0m Building ROS package in '/home/antreas/MsC/Q2/RO47005/finalAssignment/RO47005-Project/drone_ws/src/scenario_creator' with build type 'ament_python'
[0.376s] [34mcolcon.colcon_core.shell[0m [1;30mLevel 1[0m create_environment_hook('scenario_creator', 'ament_prefix_path')
[0.377s] [34mcolcon.colcon_core.shell[0m [1;30mINFO[0m Creating environment hook '/home/antreas/MsC/Q2/RO47005/finalAssignment/RO47005-Project/install/scenario_creator/share/scenario_creator/hook/ament_prefix_path.ps1'
[0.377s] [34mcolcon.colcon_core.shell[0m [1;30mINFO[0m Creating environment descriptor '/home/antreas/MsC/Q2/RO47005/finalAssignment/RO47005-Project/install/scenario_creator/share/scenario_creator/hook/ament_prefix_path.dsv'
[0.377s] [34mcolcon.colcon_core.shell[0m [1;30mINFO[0m Creating environment hook '/home/antreas/MsC/Q2/RO47005/finalAssignment/RO47005-Project/install/scenario_creator/share/scenario_creator/hook/ament_prefix_path.sh'
[0.378s] [34mcolcon.colcon_core.shell[0m [1;30mINFO[0m Skip shell extension 'powershell' for command environment: Not usable outside of PowerShell
[0.378s] [34mcolcon.colcon_core.shell[0m [1;30mDEBUG[0m [32mSkip shell extension 'dsv' for command environment[0m
[0.630s] [34mcolcon.colcon_core.task.python.build[0m [1;30mINFO[0m Building Python package in '/home/antreas/MsC/Q2/RO47005/finalAssignment/RO47005-Project/drone_ws/src/drone_mpc_python'
[0.630s] [34mcolcon.colcon_core.shell[0m [1;30mINFO[0m Skip shell extension 'powershell' for command environment: Not usable outside of PowerShell
[0.630s] [34mcolcon.colcon_core.shell[0m [1;30mDEBUG[0m [32mSkip shell extension 'dsv' for command environment[0m
[0.877s] [34mcolcon.colcon_core.task.python.build[0m [1;30mINFO[0m Building Python package in '/home/antreas/MsC/Q2/RO47005/finalAssignment/RO47005-Project/drone_ws/src/drone_simulator'
[0.877s] [34mcolcon.colcon_core.shell[0m [1;30mINFO[0m Skip shell extension 'powershell' for command environment: Not usable outside of PowerShell
[0.877s] [34mcolcon.colcon_core.shell[0m [1;30mDEBUG[0m [32mSkip shell extension 'dsv' for command environment[0m
[1.141s] [34mcolcon.colcon_core.task.python.build[0m [1;30mINFO[0m Building Python package in '/home/antreas/MsC/Q2/RO47005/finalAssignment/RO47005-Project/drone_ws/src/global_planner'
[1.142s] [34mcolcon.colcon_core.shell[0m [1;30mINFO[0m Skip shell extension 'powershell' for command environment: Not usable outside of PowerShell
[1.142s] [34mcolcon.colcon_core.shell[0m [1;30mDEBUG[0m [32mSkip shell extension 'dsv' for command environment[0m
[1.380s] [34mcolcon.colcon_core.task.python.build[0m [1;30mINFO[0m Building Python package in '/home/antreas/MsC/Q2/RO47005/finalAssignment/RO47005-Project/drone_ws/src/scenario_creator'
[1.380s] [34mcolcon.colcon_core.shell[0m [1;30mINFO[0m Skip shell extension 'powershell' for command environment: Not usable outside of PowerShell
[1.380s] [34mcolcon.colcon_core.shell[0m [1;30mDEBUG[0m [32mSkip shell extension 'dsv' for command environment[0m
[1.993s] [34mcolcon.colcon_core.event_handler.log_command[0m [1;30mDEBUG[0m [32mInvoking command in '/home/antreas/MsC/Q2/RO47005/finalAssignment/RO47005-Project/drone_ws/src/drone_mpc_python': PYTHONPATH=/home/antreas/MsC/Q2/RO47005/finalAssignment/RO47005-Project/build/drone_mpc_python/prefix_override:/usr/lib/python3/dist-packages/colcon_core/task/python/colcon_distutils_commands:/home/antreas/MsC/Q2/RO47005/finalAssignment/RO47005-Project/install/drone_mpc_python/lib/python3.10/site-packages:${PYTHONPATH} /usr/bin/python3 -W ignore:setup.py install is deprecated setup.py egg_info --egg-base ../../../build/drone_mpc_python build --build-base /home/antreas/MsC/Q2/RO47005/finalAssignment/RO47005-Project/build/drone_mpc_python/build install --record /home/antreas/MsC/Q2/RO47005/finalAssignment/RO47005-Project/build/drone_mpc_python/install.log --single-version-externally-managed install_data[0m
[2.002s] [34mcolcon.colcon_core.event_handler.log_command[0m [1;30mDEBUG[0m [32mInvoking command in '/home/antreas/MsC/Q2/RO47005/finalAssignment/RO47005-Project/drone_ws/src/drone_simulator': PYTHONPATH=/home/antreas/MsC/Q2/RO47005/finalAssignment/RO47005-Project/build/drone_simulator/prefix_override:/usr/lib/python3/dist-packages/colcon_core/task/python/colcon_distutils_commands:/home/antreas/MsC/Q2/RO47005/finalAssignment/RO47005-Project/install/drone_simulator/lib/python3.10/site-packages:${PYTHONPATH} /usr/bin/python3 -W ignore:setup.py install is deprecated setup.py egg_info --egg-base ../../../build/drone_simulator build --build-base /home/antreas/MsC/Q2/RO47005/finalAssignment/RO47005-Project/build/drone_simulator/build install --record /home/antreas/MsC/Q2/RO47005/finalAssignment/RO47005-Project/build/drone_simulator/install.log --single-version-externally-managed install_data[0m
[2.012s] [34mcolcon.colcon_core.event_handler.log_command[0m [1;30mDEBUG[0m [32mInvoking command in '/home/antreas/MsC/Q2/RO47005/finalAssignment/RO47005-Project/drone_ws/src/global_planner': PYTHONPATH=/home/antreas/MsC/Q2/RO47005/finalAssignment/RO47005-Project/build/global_planner/prefix_override:/usr/lib/python3/dist-packages/colcon_core/task/python/colcon_distutils_commands:/home/antreas/MsC/Q2/RO47005/finalAssignment/RO47005-Project/install/global_planner/lib/python3.10/site-packages:${PYTHONPATH} /usr/bin/python3 -W ignore:setup.py install is deprecated setup.py egg_info --egg-base ../../../build/global_planner build --build-base /home/antreas/MsC/Q2/RO47005/finalAssignment/RO47005-Project/build/global_planner/build install --record /home/antreas/MsC/Q2/RO47005/finalAssignment/RO47005-Project/build/global_planner/install.log --single-version-externally-managed install_data[0m
[2.015s] [34mcolcon.colcon_core.event_handler.log_command[0m [1;30mDEBUG[0m [32mInvoking command in '/home/antreas/MsC/Q2/RO47005/finalAssignment/RO47005-Project/drone_ws/src/scenario_creator': PYTHONPATH=/home/antreas/MsC/Q2/RO47005/finalAssignment/RO47005-Project/build/scenario_creator/prefix_override:/usr/lib/python3/dist-packages/colcon_core/task/python/colcon_distutils_commands:/home/antreas/MsC/Q2/RO47005/finalAssignment/RO47005-Project/install/scenario_creator/lib/python3.10/site-packages:${PYTHONPATH} /usr/bin/python3 -W ignore:setup.py install is deprecated setup.py egg_info --egg-base ../../../build/scenario_creator build --build-base /home/antreas/MsC/Q2/RO47005/finalAssignment/RO47005-Project/build/scenario_creator/build install --record /home/antreas/MsC/Q2/RO47005/finalAssignment/RO47005-Project/build/scenario_creator/install.log --single-version-externally-managed install_data[0m
[2.470s] [34mcolcon.colcon_core.event_handler.log_command[0m [1;30mDEBUG[0m [32mInvoked command in '/home/antreas/MsC/Q2/RO47005/finalAssignment/RO47005-Project/drone_ws/src/drone_mpc_python' returned '0': PYTHONPATH=/home/antreas/MsC/Q2/RO47005/finalAssignment/RO47005-Project/build/drone_mpc_python/prefix_override:/usr/lib/python3/dist-packages/colcon_core/task/python/colcon_distutils_commands:/home/antreas/MsC/Q2/RO47005/finalAssignment/RO47005-Project/install/drone_mpc_python/lib/python3.10/site-packages:${PYTHONPATH} /usr/bin/python3 -W ignore:setup.py install is deprecated setup.py egg_info --egg-base ../../../build/drone_mpc_python build --build-base /home/antreas/MsC/Q2/RO47005/finalAssignment/RO47005-Project/build/drone_mpc_python/build install --record /home/antreas/MsC/Q2/RO47005/finalAssignment/RO47005-Project/build/drone_mpc_python/install.log --single-version-externally-managed install_data[0m
[2.476s] [34mcolcon.colcon_core.environment[0m [1;30mLevel 1[0m checking '/home/antreas/MsC/Q2/RO47005/finalAssignment/RO47005-Project/install/drone_mpc_python' for CMake module files
[2.476s] [34mcolcon.colcon_core.environment[0m [1;30mLevel 1[0m checking '/home/antreas/MsC/Q2/RO47005/finalAssignment/RO47005-Project/install/drone_mpc_python' for CMake config files
[2.478s] [34mcolcon.colcon_core.environment[0m [1;30mLevel 1[0m checking '/home/antreas/MsC/Q2/RO47005/finalAssignment/RO47005-Project/install/drone_mpc_python/lib'
[2.479s] [34mcolcon.colcon_core.environment[0m [1;30mLevel 1[0m checking '/home/antreas/MsC/Q2/RO47005/finalAssignment/RO47005-Project/install/drone_mpc_python/bin'
[2.479s] [34mcolcon.colcon_core.environment[0m [1;30mLevel 1[0m checking '/home/antreas/MsC/Q2/RO47005/finalAssignment/RO47005-Project/install/drone_mpc_python/lib/pkgconfig/drone_mpc_python.pc'
[2.479s] [34mcolcon.colcon_core.environment[0m [1;30mLevel 1[0m checking '/home/antreas/MsC/Q2/RO47005/finalAssignment/RO47005-Project/install/drone_mpc_python/lib/python3.10/site-packages'
[2.479s] [34mcolcon.colcon_core.shell[0m [1;30mLevel 1[0m create_environment_hook('drone_mpc_python', 'pythonpath')
[2.480s] [34mcolcon.colcon_core.shell[0m [1;30mINFO[0m Creating environment hook '/home/antreas/MsC/Q2/RO47005/finalAssignment/RO47005-Project/install/drone_mpc_python/share/drone_mpc_python/hook/pythonpath.ps1'
[2.481s] [34mcolcon.colcon_core.shell[0m [1;30mINFO[0m Creating environment descriptor '/home/antreas/MsC/Q2/RO47005/finalAssignment/RO47005-Project/install/drone_mpc_python/share/drone_mpc_python/hook/pythonpath.dsv'
[2.481s] [34mcolcon.colcon_core.shell[0m [1;30mINFO[0m Creating environment hook '/home/antreas/MsC/Q2/RO47005/finalAssignment/RO47005-Project/install/drone_mpc_python/share/drone_mpc_python/hook/pythonpath.sh'
[2.482s] [34mcolcon.colcon_core.environment[0m [1;30mLevel 1[0m checking '/home/antreas/MsC/Q2/RO47005/finalAssignment/RO47005-Project/install/drone_mpc_python/bin'
[2.482s] [34mcolcon.colcon_core.environment[0m [1;30mLevel 1[0m create_environment_scripts_only(drone_mpc_python)
[2.483s] [34mcolcon.colcon_core.shell[0m [1;30mINFO[0m Creating package script '/home/antreas/MsC/Q2/RO47005/finalAssignment/RO47005-Project/install/drone_mpc_python/share/drone_mpc_python/package.ps1'
[2.484s] [34mcolcon.colcon_core.shell[0m [1;30mINFO[0m Creating package descriptor '/home/antreas/MsC/Q2/RO47005/finalAssignment/RO47005-Project/install/drone_mpc_python/share/drone_mpc_python/package.dsv'
[2.485s] [34mcolcon.colcon_core.shell[0m [1;30mINFO[0m Creating package script '/home/antreas/MsC/Q2/RO47005/finalAssignment/RO47005-Project/install/drone_mpc_python/share/drone_mpc_python/package.sh'
[2.486s] [34mcolcon.colcon_core.shell[0m [1;30mINFO[0m Creating package script '/home/antreas/MsC/Q2/RO47005/finalAssignment/RO47005-Project/install/drone_mpc_python/share/drone_mpc_python/package.bash'
[2.487s] [34mcolcon.colcon_core.shell[0m [1;30mINFO[0m Creating package script '/home/antreas/MsC/Q2/RO47005/finalAssignment/RO47005-Project/install/drone_mpc_python/share/drone_mpc_python/package.zsh'
[2.488s] [34mcolcon.colcon_core.environment[0m [1;30mLevel 1[0m create_file_with_runtime_dependencies(/home/antreas/MsC/Q2/RO47005/finalAssignment/RO47005-Project/install/drone_mpc_python/share/colcon-core/packages/drone_mpc_python)
[2.489s] [34mcolcon.colcon_core.environment[0m [1;30mLevel 1[0m checking '/home/antreas/MsC/Q2/RO47005/finalAssignment/RO47005-Project/install/drone_simulator' for CMake module files
[2.490s] [34mcolcon.colcon_core.environment[0m [1;30mLevel 1[0m checking '/home/antreas/MsC/Q2/RO47005/finalAssignment/RO47005-Project/install/drone_simulator' for CMake config files
[2.490s] [34mcolcon.colcon_core.event_handler.log_command[0m [1;30mDEBUG[0m [32mInvoked command in '/home/antreas/MsC/Q2/RO47005/finalAssignment/RO47005-Project/drone_ws/src/drone_simulator' returned '0': PYTHONPATH=/home/antreas/MsC/Q2/RO47005/finalAssignment/RO47005-Project/build/drone_simulator/prefix_override:/usr/lib/python3/dist-packages/colcon_core/task/python/colcon_distutils_commands:/home/antreas/MsC/Q2/RO47005/finalAssignment/RO47005-Project/install/drone_simulator/lib/python3.10/site-packages:${PYTHONPATH} /usr/bin/python3 -W ignore:setup.py install is deprecated setup.py egg_info --egg-base ../../../build/drone_simulator build --build-base /home/antreas/MsC/Q2/RO47005/finalAssignment/RO47005-Project/build/drone_simulator/build install --record /home/antreas/MsC/Q2/RO47005/finalAssignment/RO47005-Project/build/drone_simulator/install.log --single-version-externally-managed install_data[0m
[2.491s] [34mcolcon.colcon_core.environment[0m [1;30mLevel 1[0m checking '/home/antreas/MsC/Q2/RO47005/finalAssignment/RO47005-Project/install/drone_simulator/lib'
[2.491s] [34mcolcon.colcon_core.environment[0m [1;30mLevel 1[0m checking '/home/antreas/MsC/Q2/RO47005/finalAssignment/RO47005-Project/install/drone_simulator/bin'
[2.491s] [34mcolcon.colcon_core.environment[0m [1;30mLevel 1[0m checking '/home/antreas/MsC/Q2/RO47005/finalAssignment/RO47005-Project/install/drone_simulator/lib/pkgconfig/drone_simulator.pc'
[2.491s] [34mcolcon.colcon_core.environment[0m [1;30mLevel 1[0m checking '/home/antreas/MsC/Q2/RO47005/finalAssignment/RO47005-Project/install/drone_simulator/lib/python3.10/site-packages'
[2.491s] [34mcolcon.colcon_core.shell[0m [1;30mLevel 1[0m create_environment_hook('drone_simulator', 'pythonpath')
[2.492s] [34mcolcon.colcon_core.shell[0m [1;30mINFO[0m Creating environment hook '/home/antreas/MsC/Q2/RO47005/finalAssignment/RO47005-Project/install/drone_simulator/share/drone_simulator/hook/pythonpath.ps1'
[2.492s] [34mcolcon.colcon_core.shell[0m [1;30mINFO[0m Creating environment descriptor '/home/antreas/MsC/Q2/RO47005/finalAssignment/RO47005-Project/install/drone_simulator/share/drone_simulator/hook/pythonpath.dsv'
[2.492s] [34mcolcon.colcon_core.shell[0m [1;30mINFO[0m Creating environment hook '/home/antreas/MsC/Q2/RO47005/finalAssignment/RO47005-Project/install/drone_simulator/share/drone_simulator/hook/pythonpath.sh'
[2.493s] [34mcolcon.colcon_core.environment[0m [1;30mLevel 1[0m checking '/home/antreas/MsC/Q2/RO47005/finalAssignment/RO47005-Project/install/drone_simulator/bin'
[2.493s] [34mcolcon.colcon_core.environment[0m [1;30mLevel 1[0m create_environment_scripts_only(drone_simulator)
[2.493s] [34mcolcon.colcon_core.shell[0m [1;30mINFO[0m Creating package script '/home/antreas/MsC/Q2/RO47005/finalAssignment/RO47005-Project/install/drone_simulator/share/drone_simulator/package.ps1'
[2.494s] [34mcolcon.colcon_core.shell[0m [1;30mINFO[0m Creating package descriptor '/home/antreas/MsC/Q2/RO47005/finalAssignment/RO47005-Project/install/drone_simulator/share/drone_simulator/package.dsv'
[2.494s] [34mcolcon.colcon_core.shell[0m [1;30mINFO[0m Creating package script '/home/antreas/MsC/Q2/RO47005/finalAssignment/RO47005-Project/install/drone_simulator/share/drone_simulator/package.sh'
[2.495s] [34mcolcon.colcon_core.shell[0m [1;30mINFO[0m Creating package script '/home/antreas/MsC/Q2/RO47005/finalAssignment/RO47005-Project/install/drone_simulator/share/drone_simulator/package.bash'
[2.495s] [34mcolcon.colcon_core.shell[0m [1;30mINFO[0m Creating package script '/home/antreas/MsC/Q2/RO47005/finalAssignment/RO47005-Project/install/drone_simulator/share/drone_simulator/package.zsh'
[2.495s] [34mcolcon.colcon_core.environment[0m [1;30mLevel 1[0m create_file_with_runtime_dependencies(/home/antreas/MsC/Q2/RO47005/finalAssignment/RO47005-Project/install/drone_simulator/share/colcon-core/packages/drone_simulator)
[2.496s] [34mcolcon.colcon_core.environment[0m [1;30mLevel 1[0m checking '/home/antreas/MsC/Q2/RO47005/finalAssignment/RO47005-Project/install/scenario_creator' for CMake module files
[2.497s] [34mcolcon.colcon_core.environment[0m [1;30mLevel 1[0m checking '/home/antreas/MsC/Q2/RO47005/finalAssignment/RO47005-Project/install/scenario_creator' for CMake config files
[2.497s] [34mcolcon.colcon_core.event_handler.log_command[0m [1;30mDEBUG[0m [32mInvoked command in '/home/antreas/MsC/Q2/RO47005/finalAssignment/RO47005-Project/drone_ws/src/scenario_creator' returned '0': PYTHONPATH=/home/antreas/MsC/Q2/RO47005/finalAssignment/RO47005-Project/build/scenario_creator/prefix_override:/usr/lib/python3/dist-packages/colcon_core/task/python/colcon_distutils_commands:/home/antreas/MsC/Q2/RO47005/finalAssignment/RO47005-Project/install/scenario_creator/lib/python3.10/site-packages:${PYTHONPATH} /usr/bin/python3 -W ignore:setup.py install is deprecated setup.py egg_info --egg-base ../../../build/scenario_creator build --build-base /home/antreas/MsC/Q2/RO47005/finalAssignment/RO47005-Project/build/scenario_creator/build install --record /home/antreas/MsC/Q2/RO47005/finalAssignment/RO47005-Project/build/scenario_creator/install.log --single-version-externally-managed install_data[0m
[2.498s] [34mcolcon.colcon_core.environment[0m [1;30mLevel 1[0m checking '/home/antreas/MsC/Q2/RO47005/finalAssignment/RO47005-Project/install/scenario_creator/lib'
[2.498s] [34mcolcon.colcon_core.environment[0m [1;30mLevel 1[0m checking '/home/antreas/MsC/Q2/RO47005/finalAssignment/RO47005-Project/install/scenario_creator/bin'
[2.498s] [34mcolcon.colcon_core.environment[0m [1;30mLevel 1[0m checking '/home/antreas/MsC/Q2/RO47005/finalAssignment/RO47005-Project/install/scenario_creator/lib/pkgconfig/scenario_creator.pc'
[2.498s] [34mcolcon.colcon_core.environment[0m [1;30mLevel 1[0m checking '/home/antreas/MsC/Q2/RO47005/finalAssignment/RO47005-Project/install/scenario_creator/lib/python3.10/site-packages'
[2.498s] [34mcolcon.colcon_core.shell[0m [1;30mLevel 1[0m create_environment_hook('scenario_creator', 'pythonpath')
[2.499s] [34mcolcon.colcon_core.shell[0m [1;30mINFO[0m Creating environment hook '/home/antreas/MsC/Q2/RO47005/finalAssignment/RO47005-Project/install/scenario_creator/share/scenario_creator/hook/pythonpath.ps1'
[2.499s] [34mcolcon.colcon_core.shell[0m [1;30mINFO[0m Creating environment descriptor '/home/antreas/MsC/Q2/RO47005/finalAssignment/RO47005-Project/install/scenario_creator/share/scenario_creator/hook/pythonpath.dsv'
[2.499s] [34mcolcon.colcon_core.shell[0m [1;30mINFO[0m Creating environment hook '/home/antreas/MsC/Q2/RO47005/finalAssignment/RO47005-Project/install/scenario_creator/share/scenario_creator/hook/pythonpath.sh'
[2.500s] [34mcolcon.colcon_core.environment[0m [1;30mLevel 1[0m checking '/home/antreas/MsC/Q2/RO47005/finalAssignment/RO47005-Project/install/scenario_creator/bin'
[2.500s] [34mcolcon.colcon_core.environment[0m [1;30mLevel 1[0m create_environment_scripts_only(scenario_creator)
[2.500s] [34mcolcon.colcon_core.shell[0m [1;30mINFO[0m Creating package script '/home/antreas/MsC/Q2/RO47005/finalAssignment/RO47005-Project/install/scenario_creator/share/scenario_creator/package.ps1'
[2.501s] [34mcolcon.colcon_core.shell[0m [1;30mINFO[0m Creating package descriptor '/home/antreas/MsC/Q2/RO47005/finalAssignment/RO47005-Project/install/scenario_creator/share/scenario_creator/package.dsv'
[2.501s] [34mcolcon.colcon_core.shell[0m [1;30mINFO[0m Creating package script '/home/antreas/MsC/Q2/RO47005/finalAssignment/RO47005-Project/install/scenario_creator/share/scenario_creator/package.sh'
[2.502s] [34mcolcon.colcon_core.shell[0m [1;30mINFO[0m Creating package script '/home/antreas/MsC/Q2/RO47005/finalAssignment/RO47005-Project/install/scenario_creator/share/scenario_creator/package.bash'
[2.502s] [34mcolcon.colcon_core.shell[0m [1;30mINFO[0m Creating package script '/home/antreas/MsC/Q2/RO47005/finalAssignment/RO47005-Project/install/scenario_creator/share/scenario_creator/package.zsh'
[2.502s] [34mcolcon.colcon_core.environment[0m [1;30mLevel 1[0m create_file_with_runtime_dependencies(/home/antreas/MsC/Q2/RO47005/finalAssignment/RO47005-Project/install/scenario_creator/share/colcon-core/packages/scenario_creator)
[2.507s] [34mcolcon.colcon_core.environment[0m [1;30mLevel 1[0m checking '/home/antreas/MsC/Q2/RO47005/finalAssignment/RO47005-Project/install/global_planner' for CMake module files
[2.508s] [34mcolcon.colcon_core.event_handler.log_command[0m [1;30mDEBUG[0m [32mInvoked command in '/home/antreas/MsC/Q2/RO47005/finalAssignment/RO47005-Project/drone_ws/src/global_planner' returned '0': PYTHONPATH=/home/antreas/MsC/Q2/RO47005/finalAssignment/RO47005-Project/build/global_planner/prefix_override:/usr/lib/python3/dist-packages/colcon_core/task/python/colcon_distutils_commands:/home/antreas/MsC/Q2/RO47005/finalAssignment/RO47005-Project/install/global_planner/lib/python3.10/site-packages:${PYTHONPATH} /usr/bin/python3 -W ignore:setup.py install is deprecated setup.py egg_info --egg-base ../../../build/global_planner build --build-base /home/antreas/MsC/Q2/RO47005/finalAssignment/RO47005-Project/build/global_planner/build install --record /home/antreas/MsC/Q2/RO47005/finalAssignment/RO47005-Project/build/global_planner/install.log --single-version-externally-managed install_data[0m
[2.508s] [34mcolcon.colcon_core.environment[0m [1;30mLevel 1[0m checking '/home/antreas/MsC/Q2/RO47005/finalAssignment/RO47005-Project/install/global_planner' for CMake config files
[2.508s] [34mcolcon.colcon_core.environment[0m [1;30mLevel 1[0m checking '/home/antreas/MsC/Q2/RO47005/finalAssignment/RO47005-Project/install/global_planner/lib'
[2.508s] [34mcolcon.colcon_core.environment[0m [1;30mLevel 1[0m checking '/home/antreas/MsC/Q2/RO47005/finalAssignment/RO47005-Project/install/global_planner/bin'
[2.508s] [34mcolcon.colcon_core.environment[0m [1;30mLevel 1[0m checking '/home/antreas/MsC/Q2/RO47005/finalAssignment/RO47005-Project/install/global_planner/lib/pkgconfig/global_planner.pc'
[2.509s] [34mcolcon.colcon_core.environment[0m [1;30mLevel 1[0m checking '/home/antreas/MsC/Q2/RO47005/finalAssignment/RO47005-Project/install/global_planner/lib/python3.10/site-packages'
[2.509s] [34mcolcon.colcon_core.shell[0m [1;30mLevel 1[0m create_environment_hook('global_planner', 'pythonpath')
[2.509s] [34mcolcon.colcon_core.shell[0m [1;30mINFO[0m Creating environment hook '/home/antreas/MsC/Q2/RO47005/finalAssignment/RO47005-Project/install/global_planner/share/global_planner/hook/pythonpath.ps1'
[2.509s] [34mcolcon.colcon_core.shell[0m [1;30mINFO[0m Creating environment descriptor '/home/antreas/MsC/Q2/RO47005/finalAssignment/RO47005-Project/install/global_planner/share/global_planner/hook/pythonpath.dsv'
[2.509s] [34mcolcon.colcon_core.shell[0m [1;30mINFO[0m Creating environment hook '/home/antreas/MsC/Q2/RO47005/finalAssignment/RO47005-Project/install/global_planner/share/global_planner/hook/pythonpath.sh'
[2.510s] [34mcolcon.colcon_core.environment[0m [1;30mLevel 1[0m checking '/home/antreas/MsC/Q2/RO47005/finalAssignment/RO47005-Project/install/global_planner/bin'
[2.510s] [34mcolcon.colcon_core.environment[0m [1;30mLevel 1[0m create_environment_scripts_only(global_planner)
[2.510s] [34mcolcon.colcon_core.shell[0m [1;30mINFO[0m Creating package script '/home/antreas/MsC/Q2/RO47005/finalAssignment/RO47005-Project/install/global_planner/share/global_planner/package.ps1'
[2.511s] [34mcolcon.colcon_core.shell[0m [1;30mINFO[0m Creating package descriptor '/home/antreas/MsC/Q2/RO47005/finalAssignment/RO47005-Project/install/global_planner/share/global_planner/package.dsv'
[2.511s] [34mcolcon.colcon_core.shell[0m [1;30mINFO[0m Creating package script '/home/antreas/MsC/Q2/RO47005/finalAssignment/RO47005-Project/install/global_planner/share/global_planner/package.sh'
[2.511s] [34mcolcon.colcon_core.shell[0m [1;30mINFO[0m Creating package script '/home/antreas/MsC/Q2/RO47005/finalAssignment/RO47005-Project/install/global_planner/share/global_planner/package.bash'
[2.511s] [34mcolcon.colcon_core.shell[0m [1;30mINFO[0m Creating package script '/home/antreas/MsC/Q2/RO47005/finalAssignment/RO47005-Project/install/global_planner/share/global_planner/package.zsh'
[2.512s] [34mcolcon.colcon_core.environment[0m [1;30mLevel 1[0m create_file_with_runtime_dependencies(/home/antreas/MsC/Q2/RO47005/finalAssignment/RO47005-Project/install/global_planner/share/colcon-core/packages/global_planner)
[2.512s] [34mcolcon.colcon_parallel_executor.executor.parallel[0m [1;30mDEBUG[0m [32mclosing loop[0m
[2.512s] [34mcolcon.colcon_parallel_executor.executor.parallel[0m [1;30mDEBUG[0m [32mloop closed[0m
[2.512s] [34mcolcon.colcon_parallel_executor.executor.parallel[0m [1;30mDEBUG[0m [32mrun_until_complete finished with '0'[0m
[2.512s] [34mcolcon.colcon_core.event_reactor[0m [1;30mDEBUG[0m [32mjoining thread[0m
[2.516s] [34mcolcon.colcon_core.plugin_system[0m [1;30mINFO[0m Skipping extension 'colcon_notification.desktop_notification.terminal_notifier': Not used on non-Darwin systems
[2.516s] [34mcolcon.colcon_core.plugin_system[0m [1;30mINFO[0m Skipping extension 'colcon_notification.desktop_notification.win32': Not used on non-Windows systems
[2.516s] [34mcolcon.colcon_notification.desktop_notification[0m [1;30mINFO[0m Sending desktop notification using 'notify2'
[2.525s] [34mcolcon.colcon_core.event_reactor[0m [1;30mDEBUG[0m [32mjoined thread[0m
[2.526s] [34mcolcon.colcon_core.shell[0m [1;30mINFO[0m Creating prefix script '/home/antreas/MsC/Q2/RO47005/finalAssignment/RO47005-Project/install/local_setup.ps1'
[2.527s] [34mcolcon.colcon_core.shell[0m [1;30mINFO[0m Creating prefix util module '/home/antreas/MsC/Q2/RO47005/finalAssignment/RO47005-Project/install/_local_setup_util_ps1.py'
[2.528s] [34mcolcon.colcon_core.shell[0m [1;30mINFO[0m Creating prefix chain script '/home/antreas/MsC/Q2/RO47005/finalAssignment/RO47005-Project/install/setup.ps1'
[2.529s] [34mcolcon.colcon_core.shell[0m [1;30mINFO[0m Creating prefix script '/home/antreas/MsC/Q2/RO47005/finalAssignment/RO47005-Project/install/local_setup.sh'
[2.530s] [34mcolcon.colcon_core.shell[0m [1;30mINFO[0m Creating prefix util module '/home/antreas/MsC/Q2/RO47005/finalAssignment/RO47005-Project/install/_local_setup_util_sh.py'
[2.530s] [34mcolcon.colcon_core.shell[0m [1;30mINFO[0m Creating prefix chain script '/home/antreas/MsC/Q2/RO47005/finalAssignment/RO47005-Project/install/setup.sh'
[2.531s] [34mcolcon.colcon_core.shell[0m [1;30mINFO[0m Creating prefix script '/home/antreas/MsC/Q2/RO47005/finalAssignment/RO47005-Project/install/local_setup.bash'
[2.532s] [34mcolcon.colcon_core.shell[0m [1;30mINFO[0m Creating prefix chain script '/home/antreas/MsC/Q2/RO47005/finalAssignment/RO47005-Project/install/setup.bash'
[2.533s] [34mcolcon.colcon_core.shell[0m [1;30mINFO[0m Creating prefix script '/home/antreas/MsC/Q2/RO47005/finalAssignment/RO47005-Project/install/local_setup.zsh'
[2.534s] [34mcolcon.colcon_core.shell[0m [1;30mINFO[0m Creating prefix chain script '/home/antreas/MsC/Q2/RO47005/finalAssignment/RO47005-Project/install/setup.zsh'
