[3.929s] Invoking command in '/home/antreas/MsC/Q2/RO47005/finalAssignment/RO47005-Project/drone_ws/src/global_planner': PYTHONPATH=/home/antreas/MsC/Q2/RO47005/finalAssignment/RO47005-Project/build/global_planner/prefix_override:/usr/lib/python3/dist-packages/colcon_core/task/python/colcon_distutils_commands:/home/antreas/MsC/Q2/RO47005/finalAssignment/RO47005-Project/install/global_planner/lib/python3.10/site-packages:${PYTHONPATH} /usr/bin/python3 -W ignore:setup.py install is deprecated setup.py egg_info --egg-base ../../../build/global_planner build --build-base /home/antreas/MsC/Q2/RO47005/finalAssignment/RO47005-Project/build/global_planner/build install --record /home/antreas/MsC/Q2/RO47005/finalAssignment/RO47005-Project/build/global_planner/install.log --single-version-externally-managed install_data
[5.024s] running egg_info
[5.027s] writing ../../../build/global_planner/global_planner.egg-info/PKG-INFO
[5.028s] writing dependency_links to ../../../build/global_planner/global_planner.egg-info/dependency_links.txt
[5.028s] writing entry points to ../../../build/global_planner/global_planner.egg-info/entry_points.txt
[5.028s] writing requirements to ../../../build/global_planner/global_planner.egg-info/requires.txt
[5.029s] writing top-level names to ../../../build/global_planner/global_planner.egg-info/top_level.txt
[5.040s] reading manifest file '../../../build/global_planner/global_planner.egg-info/SOURCES.txt'
[5.040s] adding license file 'LICENSE'
[5.042s] writing manifest file '../../../build/global_planner/global_planner.egg-info/SOURCES.txt'
[5.042s] running build
[5.043s] running build_py
[5.043s] running install
[5.044s] running install_lib
[5.048s] running install_data
[5.049s] running install_egg_info
[5.056s] removing '/home/antreas/MsC/Q2/RO47005/finalAssignment/RO47005-Project/install/global_planner/lib/python3.10/site-packages/global_planner-0.0.0-py3.10.egg-info' (and everything under it)
[5.057s] Copying ../../../build/global_planner/global_planner.egg-info to /home/antreas/MsC/Q2/RO47005/finalAssignment/RO47005-Project/install/global_planner/lib/python3.10/site-packages/global_planner-0.0.0-py3.10.egg-info
[5.059s] running install_scripts
[5.141s] writing list of installed files to '/home/antreas/MsC/Q2/RO47005/finalAssignment/RO47005-Project/build/global_planner/install.log'
[5.247s] Invoked command in '/home/antreas/MsC/Q2/RO47005/finalAssignment/RO47005-Project/drone_ws/src/global_planner' returned '0': PYTHONPATH=/home/antreas/MsC/Q2/RO47005/finalAssignment/RO47005-Project/build/global_planner/prefix_override:/usr/lib/python3/dist-packages/colcon_core/task/python/colcon_distutils_commands:/home/antreas/MsC/Q2/RO47005/finalAssignment/RO47005-Project/install/global_planner/lib/python3.10/site-packages:${PYTHONPATH} /usr/bin/python3 -W ignore:setup.py install is deprecated setup.py egg_info --egg-base ../../../build/global_planner build --build-base /home/antreas/MsC/Q2/RO47005/finalAssignment/RO47005-Project/build/global_planner/build install --record /home/antreas/MsC/Q2/RO47005/finalAssignment/RO47005-Project/build/global_planner/install.log --single-version-externally-managed install_data
