[1.174s] Invoking command in '/home/antreas/MsC/Q2/RO47005/finalAssignment/RO47005-Project/drone_ws/src/global_planner': PYTHONPATH=/home/antreas/MsC/Q2/RO47005/finalAssignment/RO47005-Project/drone_ws/build/global_planner/prefix_override:/usr/lib/python3/dist-packages/colcon_core/task/python/colcon_distutils_commands:/home/antreas/MsC/Q2/RO47005/finalAssignment/RO47005-Project/drone_ws/install/global_planner/lib/python3.10/site-packages:${PYTHONPATH} /usr/bin/python3 -W ignore:setup.py install is deprecated setup.py egg_info --egg-base ../../build/global_planner build --build-base /home/antreas/MsC/Q2/RO47005/finalAssignment/RO47005-Project/drone_ws/build/global_planner/build install --record /home/antreas/MsC/Q2/RO47005/finalAssignment/RO47005-Project/drone_ws/build/global_planner/install.log --single-version-externally-managed install_data
[1.463s] running egg_info
[1.464s] writing ../../build/global_planner/global_planner.egg-info/PKG-INFO
[1.464s] writing dependency_links to ../../build/global_planner/global_planner.egg-info/dependency_links.txt
[1.464s] writing entry points to ../../build/global_planner/global_planner.egg-info/entry_points.txt
[1.465s] writing requirements to ../../build/global_planner/global_planner.egg-info/requires.txt
[1.465s] writing top-level names to ../../build/global_planner/global_planner.egg-info/top_level.txt
[1.467s] reading manifest file '../../build/global_planner/global_planner.egg-info/SOURCES.txt'
[1.467s] adding license file 'LICENSE'
[1.468s] writing manifest file '../../build/global_planner/global_planner.egg-info/SOURCES.txt'
[1.468s] running build
[1.468s] running build_py
[1.468s] running install
[1.469s] running install_lib
[1.471s] running install_data
[1.471s] running install_egg_info
[1.474s] removing '/home/antreas/MsC/Q2/RO47005/finalAssignment/RO47005-Project/drone_ws/install/global_planner/lib/python3.10/site-packages/global_planner-0.0.0-py3.10.egg-info' (and everything under it)
[1.474s] Copying ../../build/global_planner/global_planner.egg-info to /home/antreas/MsC/Q2/RO47005/finalAssignment/RO47005-Project/drone_ws/install/global_planner/lib/python3.10/site-packages/global_planner-0.0.0-py3.10.egg-info
[1.475s] running install_scripts
[1.504s] writing list of installed files to '/home/antreas/MsC/Q2/RO47005/finalAssignment/RO47005-Project/drone_ws/build/global_planner/install.log'
[1.534s] Invoked command in '/home/antreas/MsC/Q2/RO47005/finalAssignment/RO47005-Project/drone_ws/src/global_planner' returned '0': PYTHONPATH=/home/antreas/MsC/Q2/RO47005/finalAssignment/RO47005-Project/drone_ws/build/global_planner/prefix_override:/usr/lib/python3/dist-packages/colcon_core/task/python/colcon_distutils_commands:/home/antreas/MsC/Q2/RO47005/finalAssignment/RO47005-Project/drone_ws/install/global_planner/lib/python3.10/site-packages:${PYTHONPATH} /usr/bin/python3 -W ignore:setup.py install is deprecated setup.py egg_info --egg-base ../../build/global_planner build --build-base /home/antreas/MsC/Q2/RO47005/finalAssignment/RO47005-Project/drone_ws/build/global_planner/build install --record /home/antreas/MsC/Q2/RO47005/finalAssignment/RO47005-Project/drone_ws/build/global_planner/install.log --single-version-externally-managed install_data
