[0.093s] [34mcolcon[0m [1;30mDEBUG[0m [32mCommand line arguments: ['/usr/bin/colcon', 'build', '--packages-select', 'drone_mpc_python'][0m
[0.093s] [34mcolcon[0m [1;30mDEBUG[0m [32mParsed command line arguments: Namespace(log_base=None, log_level=None, verb_name='build', build_base='build', install_base='install', merge_install=False, symlink_install=False, test_result_base=None, continue_on_error=False, executor='parallel', parallel_workers=8, event_handlers=None, ignore_user_meta=False, metas=['./colcon.meta'], base_paths=['.'], packages_ignore=None, packages_ignore_regex=None, paths=None, packages_up_to=None, packages_up_to_regex=None, packages_above=None, packages_above_and_dependencies=None, packages_above_depth=None, packages_select_by_dep=None, packages_skip_by_dep=None, packages_skip_up_to=None, packages_select_build_failed=False, packages_skip_build_finished=False, packages_select_test_failures=False, packages_skip_test_passed=False, packages_select=['drone_mpc_python'], packages_skip=None, packages_select_regex=None, packages_skip_regex=None, packages_start=None, packages_end=None, allow_overriding=[], cmake_args=None, cmake_target=None, cmake_target_skip_unavailable=False, cmake_clean_cache=False, cmake_clean_first=False, cmake_force_configure=False, ament_cmake_args=None, catkin_cmake_args=None, catkin_skip_building_tests=False, verb_parser=<colcon_defaults.argument_parser.defaults.DefaultArgumentsDecorator object at 0x749816fd46d0>, verb_extension=<colcon_core.verb.build.BuildVerb object at 0x749816fd4100>, main=<bound method BuildVerb.main of <colcon_core.verb.build.BuildVerb object at 0x749816fd4100>>)[0m
[0.261s] [34mcolcon.colcon_core.package_discovery[0m [1;30mLevel 1[0m discover_packages(colcon_meta) check parameters
[0.262s] [34mcolcon.colcon_core.package_discovery[0m [1;30mLevel 1[0m discover_packages(recursive) check parameters
[0.262s] [34mcolcon.colcon_core.package_discovery[0m [1;30mLevel 1[0m discover_packages(ignore) check parameters
[0.262s] [34mcolcon.colcon_core.package_discovery[0m [1;30mLevel 1[0m discover_packages(path) check parameters
[0.262s] [34mcolcon.colcon_core.package_discovery[0m [1;30mLevel 1[0m discover_packages(colcon_meta) discover
[0.262s] [34mcolcon.colcon_core.package_discovery[0m [1;30mLevel 1[0m discover_packages(recursive) discover
[0.262s] [34mcolcon.colcon_core.package_discovery[0m [1;30mINFO[0m Crawling recursively for packages in '/home/antreas/MsC/Q2/RO47005/finalAssignment/RO47005-Project'
[0.262s] [34mcolcon.colcon_core.package_identification[0m [1;30mLevel 1[0m _identify(.) by extensions ['ignore', 'ignore_ament_install']
[0.262s] [34mcolcon.colcon_core.package_identification[0m [1;30mLevel 1[0m _identify(.) by extension 'ignore'
[0.262s] [34mcolcon.colcon_core.package_identification[0m [1;30mLevel 1[0m _identify(.) by extension 'ignore_ament_install'
[0.262s] [34mcolcon.colcon_core.package_identification[0m [1;30mLevel 1[0m _identify(.) by extensions ['colcon_pkg']
[0.262s] [34mcolcon.colcon_core.package_identification[0m [1;30mLevel 1[0m _identify(.) by extension 'colcon_pkg'
[0.262s] [34mcolcon.colcon_core.package_identification[0m [1;30mLevel 1[0m _identify(.) by extensions ['colcon_meta']
[0.262s] [34mcolcon.colcon_core.package_identification[0m [1;30mLevel 1[0m _identify(.) by extension 'colcon_meta'
[0.262s] [34mcolcon.colcon_core.package_identification[0m [1;30mLevel 1[0m _identify(.) by extensions ['ros']
[0.262s] [34mcolcon.colcon_core.package_identification[0m [1;30mLevel 1[0m _identify(.) by extension 'ros'
[0.271s] [34mcolcon.colcon_core.package_identification[0m [1;30mLevel 1[0m _identify(.) by extensions ['cmake', 'python']
[0.271s] [34mcolcon.colcon_core.package_identification[0m [1;30mLevel 1[0m _identify(.) by extension 'cmake'
[0.271s] [34mcolcon.colcon_core.package_identification[0m [1;30mLevel 1[0m _identify(.) by extension 'python'
[0.271s] [34mcolcon.colcon_core.package_identification[0m [1;30mLevel 1[0m _identify(.) by extensions ['python_setup_py']
[0.271s] [34mcolcon.colcon_core.package_identification[0m [1;30mLevel 1[0m _identify(.) by extension 'python_setup_py'
[0.271s] [34mcolcon.colcon_core.package_identification[0m [1;30mLevel 1[0m _identify(build) by extensions ['ignore', 'ignore_ament_install']
[0.271s] [34mcolcon.colcon_core.package_identification[0m [1;30mLevel 1[0m _identify(build) by extension 'ignore'
[0.271s] [34mcolcon.colcon_core.package_identification[0m [1;30mLevel 1[0m _identify(build) ignored
[0.271s] [34mcolcon.colcon_core.package_identification[0m [1;30mLevel 1[0m _identify(c_generated_code) by extensions ['ignore', 'ignore_ament_install']
[0.271s] [34mcolcon.colcon_core.package_identification[0m [1;30mLevel 1[0m _identify(c_generated_code) by extension 'ignore'
[0.271s] [34mcolcon.colcon_core.package_identification[0m [1;30mLevel 1[0m _identify(c_generated_code) by extension 'ignore_ament_install'
[0.271s] [34mcolcon.colcon_core.package_identification[0m [1;30mLevel 1[0m _identify(c_generated_code) by extensions ['colcon_pkg']
[0.271s] [34mcolcon.colcon_core.package_identification[0m [1;30mLevel 1[0m _identify(c_generated_code) by extension 'colcon_pkg'
[0.271s] [34mcolcon.colcon_core.package_identification[0m [1;30mLevel 1[0m _identify(c_generated_code) by extensions ['colcon_meta']
[0.271s] [34mcolcon.colcon_core.package_identification[0m [1;30mLevel 1[0m _identify(c_generated_code) by extension 'colcon_meta'
[0.271s] [34mcolcon.colcon_core.package_identification[0m [1;30mLevel 1[0m _identify(c_generated_code) by extensions ['ros']
[0.271s] [34mcolcon.colcon_core.package_identification[0m [1;30mLevel 1[0m _identify(c_generated_code) by extension 'ros'
[0.271s] [34mcolcon.colcon_core.package_identification[0m [1;30mLevel 1[0m _identify(c_generated_code) by extensions ['cmake', 'python']
[0.271s] [34mcolcon.colcon_core.package_identification[0m [1;30mLevel 1[0m _identify(c_generated_code) by extension 'cmake'
[0.272s] [34mcolcon.colcon_core.package_identification[0m [1;30mLevel 1[0m _identify(c_generated_code) by extension 'python'
[0.272s] [34mcolcon.colcon_core.package_identification[0m [1;30mLevel 1[0m _identify(c_generated_code) by extensions ['python_setup_py']
[0.272s] [34mcolcon.colcon_core.package_identification[0m [1;30mLevel 1[0m _identify(c_generated_code) by extension 'python_setup_py'
[0.272s] [34mcolcon.colcon_core.package_identification[0m [1;30mLevel 1[0m _identify(c_generated_code/drone_ode_cost) by extensions ['ignore', 'ignore_ament_install']
[0.272s] [34mcolcon.colcon_core.package_identification[0m [1;30mLevel 1[0m _identify(c_generated_code/drone_ode_cost) by extension 'ignore'
[0.272s] [34mcolcon.colcon_core.package_identification[0m [1;30mLevel 1[0m _identify(c_generated_code/drone_ode_cost) by extension 'ignore_ament_install'
[0.272s] [34mcolcon.colcon_core.package_identification[0m [1;30mLevel 1[0m _identify(c_generated_code/drone_ode_cost) by extensions ['colcon_pkg']
[0.272s] [34mcolcon.colcon_core.package_identification[0m [1;30mLevel 1[0m _identify(c_generated_code/drone_ode_cost) by extension 'colcon_pkg'
[0.272s] [34mcolcon.colcon_core.package_identification[0m [1;30mLevel 1[0m _identify(c_generated_code/drone_ode_cost) by extensions ['colcon_meta']
[0.272s] [34mcolcon.colcon_core.package_identification[0m [1;30mLevel 1[0m _identify(c_generated_code/drone_ode_cost) by extension 'colcon_meta'
[0.272s] [34mcolcon.colcon_core.package_identification[0m [1;30mLevel 1[0m _identify(c_generated_code/drone_ode_cost) by extensions ['ros']
[0.272s] [34mcolcon.colcon_core.package_identification[0m [1;30mLevel 1[0m _identify(c_generated_code/drone_ode_cost) by extension 'ros'
[0.272s] [34mcolcon.colcon_core.package_identification[0m [1;30mLevel 1[0m _identify(c_generated_code/drone_ode_cost) by extensions ['cmake', 'python']
[0.272s] [34mcolcon.colcon_core.package_identification[0m [1;30mLevel 1[0m _identify(c_generated_code/drone_ode_cost) by extension 'cmake'
[0.272s] [34mcolcon.colcon_core.package_identification[0m [1;30mLevel 1[0m _identify(c_generated_code/drone_ode_cost) by extension 'python'
[0.272s] [34mcolcon.colcon_core.package_identification[0m [1;30mLevel 1[0m _identify(c_generated_code/drone_ode_cost) by extensions ['python_setup_py']
[0.272s] [34mcolcon.colcon_core.package_identification[0m [1;30mLevel 1[0m _identify(c_generated_code/drone_ode_cost) by extension 'python_setup_py'
[0.272s] [34mcolcon.colcon_core.package_identification[0m [1;30mLevel 1[0m _identify(c_generated_code/drone_ode_model) by extensions ['ignore', 'ignore_ament_install']
[0.272s] [34mcolcon.colcon_core.package_identification[0m [1;30mLevel 1[0m _identify(c_generated_code/drone_ode_model) by extension 'ignore'
[0.272s] [34mcolcon.colcon_core.package_identification[0m [1;30mLevel 1[0m _identify(c_generated_code/drone_ode_model) by extension 'ignore_ament_install'
[0.272s] [34mcolcon.colcon_core.package_identification[0m [1;30mLevel 1[0m _identify(c_generated_code/drone_ode_model) by extensions ['colcon_pkg']
[0.272s] [34mcolcon.colcon_core.package_identification[0m [1;30mLevel 1[0m _identify(c_generated_code/drone_ode_model) by extension 'colcon_pkg'
[0.272s] [34mcolcon.colcon_core.package_identification[0m [1;30mLevel 1[0m _identify(c_generated_code/drone_ode_model) by extensions ['colcon_meta']
[0.272s] [34mcolcon.colcon_core.package_identification[0m [1;30mLevel 1[0m _identify(c_generated_code/drone_ode_model) by extension 'colcon_meta'
[0.272s] [34mcolcon.colcon_core.package_identification[0m [1;30mLevel 1[0m _identify(c_generated_code/drone_ode_model) by extensions ['ros']
[0.272s] [34mcolcon.colcon_core.package_identification[0m [1;30mLevel 1[0m _identify(c_generated_code/drone_ode_model) by extension 'ros'
[0.273s] [34mcolcon.colcon_core.package_identification[0m [1;30mLevel 1[0m _identify(c_generated_code/drone_ode_model) by extensions ['cmake', 'python']
[0.273s] [34mcolcon.colcon_core.package_identification[0m [1;30mLevel 1[0m _identify(c_generated_code/drone_ode_model) by extension 'cmake'
[0.273s] [34mcolcon.colcon_core.package_identification[0m [1;30mLevel 1[0m _identify(c_generated_code/drone_ode_model) by extension 'python'
[0.273s] [34mcolcon.colcon_core.package_identification[0m [1;30mLevel 1[0m _identify(c_generated_code/drone_ode_model) by extensions ['python_setup_py']
[0.273s] [34mcolcon.colcon_core.package_identification[0m [1;30mLevel 1[0m _identify(c_generated_code/drone_ode_model) by extension 'python_setup_py'
[0.273s] [34mcolcon.colcon_core.package_identification[0m [1;30mLevel 1[0m _identify(drone_ws) by extensions ['ignore', 'ignore_ament_install']
[0.273s] [34mcolcon.colcon_core.package_identification[0m [1;30mLevel 1[0m _identify(drone_ws) by extension 'ignore'
[0.273s] [34mcolcon.colcon_core.package_identification[0m [1;30mLevel 1[0m _identify(drone_ws) by extension 'ignore_ament_install'
[0.273s] [34mcolcon.colcon_core.package_identification[0m [1;30mLevel 1[0m _identify(drone_ws) by extensions ['colcon_pkg']
[0.273s] [34mcolcon.colcon_core.package_identification[0m [1;30mLevel 1[0m _identify(drone_ws) by extension 'colcon_pkg'
[0.273s] [34mcolcon.colcon_core.package_identification[0m [1;30mLevel 1[0m _identify(drone_ws) by extensions ['colcon_meta']
[0.273s] [34mcolcon.colcon_core.package_identification[0m [1;30mLevel 1[0m _identify(drone_ws) by extension 'colcon_meta'
[0.273s] [34mcolcon.colcon_core.package_identification[0m [1;30mLevel 1[0m _identify(drone_ws) by extensions ['ros']
[0.273s] [34mcolcon.colcon_core.package_identification[0m [1;30mLevel 1[0m _identify(drone_ws) by extension 'ros'
[0.273s] [34mcolcon.colcon_core.package_identification[0m [1;30mLevel 1[0m _identify(drone_ws) by extensions ['cmake', 'python']
[0.273s] [34mcolcon.colcon_core.package_identification[0m [1;30mLevel 1[0m _identify(drone_ws) by extension 'cmake'
[0.273s] [34mcolcon.colcon_core.package_identification[0m [1;30mLevel 1[0m _identify(drone_ws) by extension 'python'
[0.273s] [34mcolcon.colcon_core.package_identification[0m [1;30mLevel 1[0m _identify(drone_ws) by extensions ['python_setup_py']
[0.273s] [34mcolcon.colcon_core.package_identification[0m [1;30mLevel 1[0m _identify(drone_ws) by extension 'python_setup_py'
[0.273s] [34mcolcon.colcon_core.package_identification[0m [1;30mLevel 1[0m _identify(drone_ws/build) by extensions ['ignore', 'ignore_ament_install']
[0.273s] [34mcolcon.colcon_core.package_identification[0m [1;30mLevel 1[0m _identify(drone_ws/build) by extension 'ignore'
[0.273s] [34mcolcon.colcon_core.package_identification[0m [1;30mLevel 1[0m _identify(drone_ws/build) ignored
[0.273s] [34mcolcon.colcon_core.package_identification[0m [1;30mLevel 1[0m _identify(drone_ws/c_generated_code) by extensions ['ignore', 'ignore_ament_install']
[0.273s] [34mcolcon.colcon_core.package_identification[0m [1;30mLevel 1[0m _identify(drone_ws/c_generated_code) by extension 'ignore'
[0.273s] [34mcolcon.colcon_core.package_identification[0m [1;30mLevel 1[0m _identify(drone_ws/c_generated_code) by extension 'ignore_ament_install'
[0.273s] [34mcolcon.colcon_core.package_identification[0m [1;30mLevel 1[0m _identify(drone_ws/c_generated_code) by extensions ['colcon_pkg']
[0.274s] [34mcolcon.colcon_core.package_identification[0m [1;30mLevel 1[0m _identify(drone_ws/c_generated_code) by extension 'colcon_pkg'
[0.274s] [34mcolcon.colcon_core.package_identification[0m [1;30mLevel 1[0m _identify(drone_ws/c_generated_code) by extensions ['colcon_meta']
[0.274s] [34mcolcon.colcon_core.package_identification[0m [1;30mLevel 1[0m _identify(drone_ws/c_generated_code) by extension 'colcon_meta'
[0.274s] [34mcolcon.colcon_core.package_identification[0m [1;30mLevel 1[0m _identify(drone_ws/c_generated_code) by extensions ['ros']
[0.274s] [34mcolcon.colcon_core.package_identification[0m [1;30mLevel 1[0m _identify(drone_ws/c_generated_code) by extension 'ros'
[0.274s] [34mcolcon.colcon_core.package_identification[0m [1;30mLevel 1[0m _identify(drone_ws/c_generated_code) by extensions ['cmake', 'python']
[0.274s] [34mcolcon.colcon_core.package_identification[0m [1;30mLevel 1[0m _identify(drone_ws/c_generated_code) by extension 'cmake'
[0.274s] [34mcolcon.colcon_core.package_identification[0m [1;30mLevel 1[0m _identify(drone_ws/c_generated_code) by extension 'python'
[0.274s] [34mcolcon.colcon_core.package_identification[0m [1;30mLevel 1[0m _identify(drone_ws/c_generated_code) by extensions ['python_setup_py']
[0.274s] [34mcolcon.colcon_core.package_identification[0m [1;30mLevel 1[0m _identify(drone_ws/c_generated_code) by extension 'python_setup_py'
[0.274s] [34mcolcon.colcon_core.package_identification[0m [1;30mLevel 1[0m _identify(drone_ws/c_generated_code/drone_non_linear_ode_cost) by extensions ['ignore', 'ignore_ament_install']
[0.274s] [34mcolcon.colcon_core.package_identification[0m [1;30mLevel 1[0m _identify(drone_ws/c_generated_code/drone_non_linear_ode_cost) by extension 'ignore'
[0.274s] [34mcolcon.colcon_core.package_identification[0m [1;30mLevel 1[0m _identify(drone_ws/c_generated_code/drone_non_linear_ode_cost) by extension 'ignore_ament_install'
[0.274s] [34mcolcon.colcon_core.package_identification[0m [1;30mLevel 1[0m _identify(drone_ws/c_generated_code/drone_non_linear_ode_cost) by extensions ['colcon_pkg']
[0.274s] [34mcolcon.colcon_core.package_identification[0m [1;30mLevel 1[0m _identify(drone_ws/c_generated_code/drone_non_linear_ode_cost) by extension 'colcon_pkg'
[0.274s] [34mcolcon.colcon_core.package_identification[0m [1;30mLevel 1[0m _identify(drone_ws/c_generated_code/drone_non_linear_ode_cost) by extensions ['colcon_meta']
[0.274s] [34mcolcon.colcon_core.package_identification[0m [1;30mLevel 1[0m _identify(drone_ws/c_generated_code/drone_non_linear_ode_cost) by extension 'colcon_meta'
[0.274s] [34mcolcon.colcon_core.package_identification[0m [1;30mLevel 1[0m _identify(drone_ws/c_generated_code/drone_non_linear_ode_cost) by extensions ['ros']
[0.274s] [34mcolcon.colcon_core.package_identification[0m [1;30mLevel 1[0m _identify(drone_ws/c_generated_code/drone_non_linear_ode_cost) by extension 'ros'
[0.274s] [34mcolcon.colcon_core.package_identification[0m [1;30mLevel 1[0m _identify(drone_ws/c_generated_code/drone_non_linear_ode_cost) by extensions ['cmake', 'python']
[0.274s] [34mcolcon.colcon_core.package_identification[0m [1;30mLevel 1[0m _identify(drone_ws/c_generated_code/drone_non_linear_ode_cost) by extension 'cmake'
[0.274s] [34mcolcon.colcon_core.package_identification[0m [1;30mLevel 1[0m _identify(drone_ws/c_generated_code/drone_non_linear_ode_cost) by extension 'python'
[0.274s] [34mcolcon.colcon_core.package_identification[0m [1;30mLevel 1[0m _identify(drone_ws/c_generated_code/drone_non_linear_ode_cost) by extensions ['python_setup_py']
[0.274s] [34mcolcon.colcon_core.package_identification[0m [1;30mLevel 1[0m _identify(drone_ws/c_generated_code/drone_non_linear_ode_cost) by extension 'python_setup_py'
[0.274s] [34mcolcon.colcon_core.package_identification[0m [1;30mLevel 1[0m _identify(drone_ws/c_generated_code/drone_non_linear_ode_model) by extensions ['ignore', 'ignore_ament_install']
[0.274s] [34mcolcon.colcon_core.package_identification[0m [1;30mLevel 1[0m _identify(drone_ws/c_generated_code/drone_non_linear_ode_model) by extension 'ignore'
[0.274s] [34mcolcon.colcon_core.package_identification[0m [1;30mLevel 1[0m _identify(drone_ws/c_generated_code/drone_non_linear_ode_model) by extension 'ignore_ament_install'
[0.274s] [34mcolcon.colcon_core.package_identification[0m [1;30mLevel 1[0m _identify(drone_ws/c_generated_code/drone_non_linear_ode_model) by extensions ['colcon_pkg']
[0.274s] [34mcolcon.colcon_core.package_identification[0m [1;30mLevel 1[0m _identify(drone_ws/c_generated_code/drone_non_linear_ode_model) by extension 'colcon_pkg'
[0.274s] [34mcolcon.colcon_core.package_identification[0m [1;30mLevel 1[0m _identify(drone_ws/c_generated_code/drone_non_linear_ode_model) by extensions ['colcon_meta']
[0.274s] [34mcolcon.colcon_core.package_identification[0m [1;30mLevel 1[0m _identify(drone_ws/c_generated_code/drone_non_linear_ode_model) by extension 'colcon_meta'
[0.274s] [34mcolcon.colcon_core.package_identification[0m [1;30mLevel 1[0m _identify(drone_ws/c_generated_code/drone_non_linear_ode_model) by extensions ['ros']
[0.274s] [34mcolcon.colcon_core.package_identification[0m [1;30mLevel 1[0m _identify(drone_ws/c_generated_code/drone_non_linear_ode_model) by extension 'ros'
[0.275s] [34mcolcon.colcon_core.package_identification[0m [1;30mLevel 1[0m _identify(drone_ws/c_generated_code/drone_non_linear_ode_model) by extensions ['cmake', 'python']
[0.275s] [34mcolcon.colcon_core.package_identification[0m [1;30mLevel 1[0m _identify(drone_ws/c_generated_code/drone_non_linear_ode_model) by extension 'cmake'
[0.275s] [34mcolcon.colcon_core.package_identification[0m [1;30mLevel 1[0m _identify(drone_ws/c_generated_code/drone_non_linear_ode_model) by extension 'python'
[0.275s] [34mcolcon.colcon_core.package_identification[0m [1;30mLevel 1[0m _identify(drone_ws/c_generated_code/drone_non_linear_ode_model) by extensions ['python_setup_py']
[0.275s] [34mcolcon.colcon_core.package_identification[0m [1;30mLevel 1[0m _identify(drone_ws/c_generated_code/drone_non_linear_ode_model) by extension 'python_setup_py'
[0.275s] [34mcolcon.colcon_core.package_identification[0m [1;30mLevel 1[0m _identify(drone_ws/c_generated_code/drone_ode_cost) by extensions ['ignore', 'ignore_ament_install']
[0.275s] [34mcolcon.colcon_core.package_identification[0m [1;30mLevel 1[0m _identify(drone_ws/c_generated_code/drone_ode_cost) by extension 'ignore'
[0.275s] [34mcolcon.colcon_core.package_identification[0m [1;30mLevel 1[0m _identify(drone_ws/c_generated_code/drone_ode_cost) by extension 'ignore_ament_install'
[0.275s] [34mcolcon.colcon_core.package_identification[0m [1;30mLevel 1[0m _identify(drone_ws/c_generated_code/drone_ode_cost) by extensions ['colcon_pkg']
[0.275s] [34mcolcon.colcon_core.package_identification[0m [1;30mLevel 1[0m _identify(drone_ws/c_generated_code/drone_ode_cost) by extension 'colcon_pkg'
[0.275s] [34mcolcon.colcon_core.package_identification[0m [1;30mLevel 1[0m _identify(drone_ws/c_generated_code/drone_ode_cost) by extensions ['colcon_meta']
[0.275s] [34mcolcon.colcon_core.package_identification[0m [1;30mLevel 1[0m _identify(drone_ws/c_generated_code/drone_ode_cost) by extension 'colcon_meta'
[0.275s] [34mcolcon.colcon_core.package_identification[0m [1;30mLevel 1[0m _identify(drone_ws/c_generated_code/drone_ode_cost) by extensions ['ros']
[0.275s] [34mcolcon.colcon_core.package_identification[0m [1;30mLevel 1[0m _identify(drone_ws/c_generated_code/drone_ode_cost) by extension 'ros'
[0.275s] [34mcolcon.colcon_core.package_identification[0m [1;30mLevel 1[0m _identify(drone_ws/c_generated_code/drone_ode_cost) by extensions ['cmake', 'python']
[0.275s] [34mcolcon.colcon_core.package_identification[0m [1;30mLevel 1[0m _identify(drone_ws/c_generated_code/drone_ode_cost) by extension 'cmake'
[0.275s] [34mcolcon.colcon_core.package_identification[0m [1;30mLevel 1[0m _identify(drone_ws/c_generated_code/drone_ode_cost) by extension 'python'
[0.275s] [34mcolcon.colcon_core.package_identification[0m [1;30mLevel 1[0m _identify(drone_ws/c_generated_code/drone_ode_cost) by extensions ['python_setup_py']
[0.275s] [34mcolcon.colcon_core.package_identification[0m [1;30mLevel 1[0m _identify(drone_ws/c_generated_code/drone_ode_cost) by extension 'python_setup_py'
[0.275s] [34mcolcon.colcon_core.package_identification[0m [1;30mLevel 1[0m _identify(drone_ws/c_generated_code/drone_ode_model) by extensions ['ignore', 'ignore_ament_install']
[0.275s] [34mcolcon.colcon_core.package_identification[0m [1;30mLevel 1[0m _identify(drone_ws/c_generated_code/drone_ode_model) by extension 'ignore'
[0.275s] [34mcolcon.colcon_core.package_identification[0m [1;30mLevel 1[0m _identify(drone_ws/c_generated_code/drone_ode_model) by extension 'ignore_ament_install'
[0.275s] [34mcolcon.colcon_core.package_identification[0m [1;30mLevel 1[0m _identify(drone_ws/c_generated_code/drone_ode_model) by extensions ['colcon_pkg']
[0.275s] [34mcolcon.colcon_core.package_identification[0m [1;30mLevel 1[0m _identify(drone_ws/c_generated_code/drone_ode_model) by extension 'colcon_pkg'
[0.275s] [34mcolcon.colcon_core.package_identification[0m [1;30mLevel 1[0m _identify(drone_ws/c_generated_code/drone_ode_model) by extensions ['colcon_meta']
[0.275s] [34mcolcon.colcon_core.package_identification[0m [1;30mLevel 1[0m _identify(drone_ws/c_generated_code/drone_ode_model) by extension 'colcon_meta'
[0.275s] [34mcolcon.colcon_core.package_identification[0m [1;30mLevel 1[0m _identify(drone_ws/c_generated_code/drone_ode_model) by extensions ['ros']
[0.276s] [34mcolcon.colcon_core.package_identification[0m [1;30mLevel 1[0m _identify(drone_ws/c_generated_code/drone_ode_model) by extension 'ros'
[0.276s] [34mcolcon.colcon_core.package_identification[0m [1;30mLevel 1[0m _identify(drone_ws/c_generated_code/drone_ode_model) by extensions ['cmake', 'python']
[0.276s] [34mcolcon.colcon_core.package_identification[0m [1;30mLevel 1[0m _identify(drone_ws/c_generated_code/drone_ode_model) by extension 'cmake'
[0.276s] [34mcolcon.colcon_core.package_identification[0m [1;30mLevel 1[0m _identify(drone_ws/c_generated_code/drone_ode_model) by extension 'python'
[0.276s] [34mcolcon.colcon_core.package_identification[0m [1;30mLevel 1[0m _identify(drone_ws/c_generated_code/drone_ode_model) by extensions ['python_setup_py']
[0.276s] [34mcolcon.colcon_core.package_identification[0m [1;30mLevel 1[0m _identify(drone_ws/c_generated_code/drone_ode_model) by extension 'python_setup_py'
[0.276s] [34mcolcon.colcon_core.package_identification[0m [1;30mLevel 1[0m _identify(drone_ws/install) by extensions ['ignore', 'ignore_ament_install']
[0.276s] [34mcolcon.colcon_core.package_identification[0m [1;30mLevel 1[0m _identify(drone_ws/install) by extension 'ignore'
[0.276s] [34mcolcon.colcon_core.package_identification[0m [1;30mLevel 1[0m _identify(drone_ws/install) ignored
[0.276s] [34mcolcon.colcon_core.package_identification[0m [1;30mLevel 1[0m _identify(drone_ws/log) by extensions ['ignore', 'ignore_ament_install']
[0.276s] [34mcolcon.colcon_core.package_identification[0m [1;30mLevel 1[0m _identify(drone_ws/log) by extension 'ignore'
[0.276s] [34mcolcon.colcon_core.package_identification[0m [1;30mLevel 1[0m _identify(drone_ws/log) ignored
[0.276s] [34mcolcon.colcon_core.package_identification[0m [1;30mLevel 1[0m _identify(drone_ws/src) by extensions ['ignore', 'ignore_ament_install']
[0.276s] [34mcolcon.colcon_core.package_identification[0m [1;30mLevel 1[0m _identify(drone_ws/src) by extension 'ignore'
[0.276s] [34mcolcon.colcon_core.package_identification[0m [1;30mLevel 1[0m _identify(drone_ws/src) by extension 'ignore_ament_install'
[0.276s] [34mcolcon.colcon_core.package_identification[0m [1;30mLevel 1[0m _identify(drone_ws/src) by extensions ['colcon_pkg']
[0.276s] [34mcolcon.colcon_core.package_identification[0m [1;30mLevel 1[0m _identify(drone_ws/src) by extension 'colcon_pkg'
[0.276s] [34mcolcon.colcon_core.package_identification[0m [1;30mLevel 1[0m _identify(drone_ws/src) by extensions ['colcon_meta']
[0.276s] [34mcolcon.colcon_core.package_identification[0m [1;30mLevel 1[0m _identify(drone_ws/src) by extension 'colcon_meta'
[0.276s] [34mcolcon.colcon_core.package_identification[0m [1;30mLevel 1[0m _identify(drone_ws/src) by extensions ['ros']
[0.276s] [34mcolcon.colcon_core.package_identification[0m [1;30mLevel 1[0m _identify(drone_ws/src) by extension 'ros'
[0.276s] [34mcolcon.colcon_core.package_identification[0m [1;30mLevel 1[0m _identify(drone_ws/src) by extensions ['cmake', 'python']
[0.276s] [34mcolcon.colcon_core.package_identification[0m [1;30mLevel 1[0m _identify(drone_ws/src) by extension 'cmake'
[0.276s] [34mcolcon.colcon_core.package_identification[0m [1;30mLevel 1[0m _identify(drone_ws/src) by extension 'python'
[0.276s] [34mcolcon.colcon_core.package_identification[0m [1;30mLevel 1[0m _identify(drone_ws/src) by extensions ['python_setup_py']
[0.276s] [34mcolcon.colcon_core.package_identification[0m [1;30mLevel 1[0m _identify(drone_ws/src) by extension 'python_setup_py'
[0.276s] [34mcolcon.colcon_core.package_identification[0m [1;30mLevel 1[0m _identify(drone_ws/src/drone_mpc_python) by extensions ['ignore', 'ignore_ament_install']
[0.277s] [34mcolcon.colcon_core.package_identification[0m [1;30mLevel 1[0m _identify(drone_ws/src/drone_mpc_python) by extension 'ignore'
[0.277s] [34mcolcon.colcon_core.package_identification[0m [1;30mLevel 1[0m _identify(drone_ws/src/drone_mpc_python) by extension 'ignore_ament_install'
[0.277s] [34mcolcon.colcon_core.package_identification[0m [1;30mLevel 1[0m _identify(drone_ws/src/drone_mpc_python) by extensions ['colcon_pkg']
[0.277s] [34mcolcon.colcon_core.package_identification[0m [1;30mLevel 1[0m _identify(drone_ws/src/drone_mpc_python) by extension 'colcon_pkg'
[0.277s] [34mcolcon.colcon_core.package_identification[0m [1;30mLevel 1[0m _identify(drone_ws/src/drone_mpc_python) by extensions ['colcon_meta']
[0.277s] [34mcolcon.colcon_core.package_identification[0m [1;30mLevel 1[0m _identify(drone_ws/src/drone_mpc_python) by extension 'colcon_meta'
[0.277s] [34mcolcon.colcon_core.package_identification[0m [1;30mLevel 1[0m _identify(drone_ws/src/drone_mpc_python) by extensions ['ros']
[0.277s] [34mcolcon.colcon_core.package_identification[0m [1;30mLevel 1[0m _identify(drone_ws/src/drone_mpc_python) by extension 'ros'
[0.279s] [34mcolcon.colcon_core.package_identification[0m [1;30mDEBUG[0m [32mPackage 'drone_ws/src/drone_mpc_python' with type 'ros.ament_python' and name 'drone_mpc_python'[0m
[0.279s] [34mcolcon.colcon_core.package_identification[0m [1;30mLevel 1[0m _identify(drone_ws/src/drone_simulator) by extensions ['ignore', 'ignore_ament_install']
[0.279s] [34mcolcon.colcon_core.package_identification[0m [1;30mLevel 1[0m _identify(drone_ws/src/drone_simulator) by extension 'ignore'
[0.279s] [34mcolcon.colcon_core.package_identification[0m [1;30mLevel 1[0m _identify(drone_ws/src/drone_simulator) by extension 'ignore_ament_install'
[0.279s] [34mcolcon.colcon_core.package_identification[0m [1;30mLevel 1[0m _identify(drone_ws/src/drone_simulator) by extensions ['colcon_pkg']
[0.279s] [34mcolcon.colcon_core.package_identification[0m [1;30mLevel 1[0m _identify(drone_ws/src/drone_simulator) by extension 'colcon_pkg'
[0.279s] [34mcolcon.colcon_core.package_identification[0m [1;30mLevel 1[0m _identify(drone_ws/src/drone_simulator) by extensions ['colcon_meta']
[0.279s] [34mcolcon.colcon_core.package_identification[0m [1;30mLevel 1[0m _identify(drone_ws/src/drone_simulator) by extension 'colcon_meta'
[0.279s] [34mcolcon.colcon_core.package_identification[0m [1;30mLevel 1[0m _identify(drone_ws/src/drone_simulator) by extensions ['ros']
[0.279s] [34mcolcon.colcon_core.package_identification[0m [1;30mLevel 1[0m _identify(drone_ws/src/drone_simulator) by extension 'ros'
[0.279s] [34mcolcon.colcon_core.package_identification[0m [1;30mDEBUG[0m [32mPackage 'drone_ws/src/drone_simulator' with type 'ros.ament_python' and name 'drone_simulator'[0m
[0.279s] [34mcolcon.colcon_core.package_identification[0m [1;30mLevel 1[0m _identify(drone_ws/src/global_planner) by extensions ['ignore', 'ignore_ament_install']
[0.279s] [34mcolcon.colcon_core.package_identification[0m [1;30mLevel 1[0m _identify(drone_ws/src/global_planner) by extension 'ignore'
[0.279s] [34mcolcon.colcon_core.package_identification[0m [1;30mLevel 1[0m _identify(drone_ws/src/global_planner) by extension 'ignore_ament_install'
[0.280s] [34mcolcon.colcon_core.package_identification[0m [1;30mLevel 1[0m _identify(drone_ws/src/global_planner) by extensions ['colcon_pkg']
[0.280s] [34mcolcon.colcon_core.package_identification[0m [1;30mLevel 1[0m _identify(drone_ws/src/global_planner) by extension 'colcon_pkg'
[0.280s] [34mcolcon.colcon_core.package_identification[0m [1;30mLevel 1[0m _identify(drone_ws/src/global_planner) by extensions ['colcon_meta']
[0.280s] [34mcolcon.colcon_core.package_identification[0m [1;30mLevel 1[0m _identify(drone_ws/src/global_planner) by extension 'colcon_meta'
[0.280s] [34mcolcon.colcon_core.package_identification[0m [1;30mLevel 1[0m _identify(drone_ws/src/global_planner) by extensions ['ros']
[0.280s] [34mcolcon.colcon_core.package_identification[0m [1;30mLevel 1[0m _identify(drone_ws/src/global_planner) by extension 'ros'
[0.280s] [34mcolcon.colcon_core.package_identification[0m [1;30mDEBUG[0m [32mPackage 'drone_ws/src/global_planner' with type 'ros.ament_python' and name 'global_planner'[0m
[0.280s] [34mcolcon.colcon_core.package_identification[0m [1;30mLevel 1[0m _identify(drone_ws/src/scenario_creator) by extensions ['ignore', 'ignore_ament_install']
[0.280s] [34mcolcon.colcon_core.package_identification[0m [1;30mLevel 1[0m _identify(drone_ws/src/scenario_creator) by extension 'ignore'
[0.280s] [34mcolcon.colcon_core.package_identification[0m [1;30mLevel 1[0m _identify(drone_ws/src/scenario_creator) by extension 'ignore_ament_install'
[0.280s] [34mcolcon.colcon_core.package_identification[0m [1;30mLevel 1[0m _identify(drone_ws/src/scenario_creator) by extensions ['colcon_pkg']
[0.280s] [34mcolcon.colcon_core.package_identification[0m [1;30mLevel 1[0m _identify(drone_ws/src/scenario_creator) by extension 'colcon_pkg'
[0.280s] [34mcolcon.colcon_core.package_identification[0m [1;30mLevel 1[0m _identify(drone_ws/src/scenario_creator) by extensions ['colcon_meta']
[0.280s] [34mcolcon.colcon_core.package_identification[0m [1;30mLevel 1[0m _identify(drone_ws/src/scenario_creator) by extension 'colcon_meta'
[0.280s] [34mcolcon.colcon_core.package_identification[0m [1;30mLevel 1[0m _identify(drone_ws/src/scenario_creator) by extensions ['ros']
[0.280s] [34mcolcon.colcon_core.package_identification[0m [1;30mLevel 1[0m _identify(drone_ws/src/scenario_creator) by extension 'ros'
[0.281s] [34mcolcon.colcon_core.package_identification[0m [1;30mDEBUG[0m [32mPackage 'drone_ws/src/scenario_creator' with type 'ros.ament_python' and name 'scenario_creator'[0m
[0.281s] [34mcolcon.colcon_core.package_identification[0m [1;30mLevel 1[0m _identify(install) by extensions ['ignore', 'ignore_ament_install']
[0.281s] [34mcolcon.colcon_core.package_identification[0m [1;30mLevel 1[0m _identify(install) by extension 'ignore'
[0.281s] [34mcolcon.colcon_core.package_identification[0m [1;30mLevel 1[0m _identify(install) ignored
[0.281s] [34mcolcon.colcon_core.package_identification[0m [1;30mLevel 1[0m _identify(log) by extensions ['ignore', 'ignore_ament_install']
[0.281s] [34mcolcon.colcon_core.package_identification[0m [1;30mLevel 1[0m _identify(log) by extension 'ignore'
[0.281s] [34mcolcon.colcon_core.package_identification[0m [1;30mLevel 1[0m _identify(log) ignored
[0.281s] [34mcolcon.colcon_core.package_identification[0m [1;30mLevel 1[0m _identify(project_assets) by extensions ['ignore', 'ignore_ament_install']
[0.281s] [34mcolcon.colcon_core.package_identification[0m [1;30mLevel 1[0m _identify(project_assets) by extension 'ignore'
[0.281s] [34mcolcon.colcon_core.package_identification[0m [1;30mLevel 1[0m _identify(project_assets) ignored
[0.281s] [34mcolcon.colcon_core.package_discovery[0m [1;30mLevel 1[0m discover_packages(recursive) using defaults
[0.281s] [34mcolcon.colcon_core.package_discovery[0m [1;30mLevel 1[0m discover_packages(ignore) discover
[0.281s] [34mcolcon.colcon_core.package_discovery[0m [1;30mLevel 1[0m discover_packages(ignore) using defaults
[0.281s] [34mcolcon.colcon_core.package_discovery[0m [1;30mLevel 1[0m discover_packages(path) discover
[0.281s] [34mcolcon.colcon_core.package_discovery[0m [1;30mLevel 1[0m discover_packages(path) using defaults
[0.293s] [34mcolcon.colcon_core.package_selection[0m [1;30mINFO[0m Skipping not selected package 'drone_simulator' in 'drone_ws/src/drone_simulator'
[0.293s] [34mcolcon.colcon_core.package_selection[0m [1;30mINFO[0m Skipping not selected package 'global_planner' in 'drone_ws/src/global_planner'
[0.293s] [34mcolcon.colcon_core.package_selection[0m [1;30mINFO[0m Skipping not selected package 'scenario_creator' in 'drone_ws/src/scenario_creator'
[0.293s] [34mcolcon.colcon_core.package_discovery[0m [1;30mLevel 1[0m discover_packages(prefix_path) check parameters
[0.293s] [34mcolcon.colcon_core.package_discovery[0m [1;30mLevel 1[0m discover_packages(prefix_path) discover
[0.295s] [34mcolcon.colcon_installed_package_information.package_discovery[0m [1;30mDEBUG[0m [32mFound 5 installed packages in /home/antreas/MsC/Q2/RO47005/finalAssignment/RO47005-Project/drone_ws/install[0m
[0.295s] [34mcolcon.colcon_installed_package_information.package_discovery[0m [1;30mDEBUG[0m [32mFound 310 installed packages in /opt/ros/humble[0m
[0.297s] [34mcolcon.colcon_core.package_discovery[0m [1;30mLevel 1[0m discover_packages(prefix_path) using defaults
[0.326s] [34mcolcon.colcon_core.verb[0m [1;30mLevel 5[0m set package 'drone_mpc_python' build argument 'cmake_args' from command line to 'None'
[0.326s] [34mcolcon.colcon_core.verb[0m [1;30mLevel 5[0m set package 'drone_mpc_python' build argument 'cmake_target' from command line to 'None'
[0.326s] [34mcolcon.colcon_core.verb[0m [1;30mLevel 5[0m set package 'drone_mpc_python' build argument 'cmake_target_skip_unavailable' from command line to 'False'
[0.326s] [34mcolcon.colcon_core.verb[0m [1;30mLevel 5[0m set package 'drone_mpc_python' build argument 'cmake_clean_cache' from command line to 'False'
[0.326s] [34mcolcon.colcon_core.verb[0m [1;30mLevel 5[0m set package 'drone_mpc_python' build argument 'cmake_clean_first' from command line to 'False'
[0.326s] [34mcolcon.colcon_core.verb[0m [1;30mLevel 5[0m set package 'drone_mpc_python' build argument 'cmake_force_configure' from command line to 'False'
[0.326s] [34mcolcon.colcon_core.verb[0m [1;30mLevel 5[0m set package 'drone_mpc_python' build argument 'ament_cmake_args' from command line to 'None'
[0.326s] [34mcolcon.colcon_core.verb[0m [1;30mLevel 5[0m set package 'drone_mpc_python' build argument 'catkin_cmake_args' from command line to 'None'
[0.326s] [34mcolcon.colcon_core.verb[0m [1;30mLevel 5[0m set package 'drone_mpc_python' build argument 'catkin_skip_building_tests' from command line to 'False'
[0.326s] [34mcolcon.colcon_core.verb[0m [1;30mDEBUG[0m [32mBuilding package 'drone_mpc_python' with the following arguments: {'ament_cmake_args': None, 'build_base': '/home/antreas/MsC/Q2/RO47005/finalAssignment/RO47005-Project/build/drone_mpc_python', 'catkin_cmake_args': None, 'catkin_skip_building_tests': False, 'cmake_args': None, 'cmake_clean_cache': False, 'cmake_clean_first': False, 'cmake_force_configure': False, 'cmake_target': None, 'cmake_target_skip_unavailable': False, 'install_base': '/home/antreas/MsC/Q2/RO47005/finalAssignment/RO47005-Project/install/drone_mpc_python', 'merge_install': False, 'path': '/home/antreas/MsC/Q2/RO47005/finalAssignment/RO47005-Project/drone_ws/src/drone_mpc_python', 'symlink_install': False, 'test_result_base': None}[0m
[0.326s] [34mcolcon.colcon_core.executor[0m [1;30mINFO[0m Executing jobs using 'parallel' executor
[0.327s] [34mcolcon.colcon_parallel_executor.executor.parallel[0m [1;30mDEBUG[0m [32mrun_until_complete[0m
[0.327s] [34mcolcon.colcon_ros.task.ament_python.build[0m [1;30mINFO[0m Building ROS package in '/home/antreas/MsC/Q2/RO47005/finalAssignment/RO47005-Project/drone_ws/src/drone_mpc_python' with build type 'ament_python'
[0.327s] [34mcolcon.colcon_core.shell[0m [1;30mLevel 1[0m create_environment_hook('drone_mpc_python', 'ament_prefix_path')
[0.329s] [34mcolcon.colcon_core.plugin_system[0m [1;30mINFO[0m Skipping extension 'colcon_core.shell.bat': Not used on non-Windows systems
[0.329s] [34mcolcon.colcon_core.shell[0m [1;30mINFO[0m Creating environment hook '/home/antreas/MsC/Q2/RO47005/finalAssignment/RO47005-Project/install/drone_mpc_python/share/drone_mpc_python/hook/ament_prefix_path.ps1'
[0.329s] [34mcolcon.colcon_core.shell[0m [1;30mINFO[0m Creating environment descriptor '/home/antreas/MsC/Q2/RO47005/finalAssignment/RO47005-Project/install/drone_mpc_python/share/drone_mpc_python/hook/ament_prefix_path.dsv'
[0.330s] [34mcolcon.colcon_core.shell[0m [1;30mINFO[0m Creating environment hook '/home/antreas/MsC/Q2/RO47005/finalAssignment/RO47005-Project/install/drone_mpc_python/share/drone_mpc_python/hook/ament_prefix_path.sh'
[0.330s] [34mcolcon.colcon_core.shell[0m [1;30mINFO[0m Skip shell extension 'powershell' for command environment: Not usable outside of PowerShell
[0.330s] [34mcolcon.colcon_core.shell[0m [1;30mDEBUG[0m [32mSkip shell extension 'dsv' for command environment[0m
[0.618s] [34mcolcon.colcon_core.task.python.build[0m [1;30mINFO[0m Building Python package in '/home/antreas/MsC/Q2/RO47005/finalAssignment/RO47005-Project/drone_ws/src/drone_mpc_python'
[0.618s] [34mcolcon.colcon_core.shell[0m [1;30mINFO[0m Skip shell extension 'powershell' for command environment: Not usable outside of PowerShell
[0.618s] [34mcolcon.colcon_core.shell[0m [1;30mDEBUG[0m [32mSkip shell extension 'dsv' for command environment[0m
[1.010s] [34mcolcon.colcon_core.event_handler.log_command[0m [1;30mDEBUG[0m [32mInvoking command in '/home/antreas/MsC/Q2/RO47005/finalAssignment/RO47005-Project/drone_ws/src/drone_mpc_python': PYTHONPATH=/home/antreas/MsC/Q2/RO47005/finalAssignment/RO47005-Project/build/drone_mpc_python/prefix_override:/usr/lib/python3/dist-packages/colcon_core/task/python/colcon_distutils_commands:/home/antreas/MsC/Q2/RO47005/finalAssignment/RO47005-Project/install/drone_mpc_python/lib/python3.10/site-packages:${PYTHONPATH} /usr/bin/python3 -W ignore:setup.py install is deprecated setup.py egg_info --egg-base ../../../build/drone_mpc_python build --build-base /home/antreas/MsC/Q2/RO47005/finalAssignment/RO47005-Project/build/drone_mpc_python/build install --record /home/antreas/MsC/Q2/RO47005/finalAssignment/RO47005-Project/build/drone_mpc_python/install.log --single-version-externally-managed install_data[0m
[1.290s] [34mcolcon.colcon_core.event_handler.log_command[0m [1;30mDEBUG[0m [32mInvoked command in '/home/antreas/MsC/Q2/RO47005/finalAssignment/RO47005-Project/drone_ws/src/drone_mpc_python' returned '0': PYTHONPATH=/home/antreas/MsC/Q2/RO47005/finalAssignment/RO47005-Project/build/drone_mpc_python/prefix_override:/usr/lib/python3/dist-packages/colcon_core/task/python/colcon_distutils_commands:/home/antreas/MsC/Q2/RO47005/finalAssignment/RO47005-Project/install/drone_mpc_python/lib/python3.10/site-packages:${PYTHONPATH} /usr/bin/python3 -W ignore:setup.py install is deprecated setup.py egg_info --egg-base ../../../build/drone_mpc_python build --build-base /home/antreas/MsC/Q2/RO47005/finalAssignment/RO47005-Project/build/drone_mpc_python/build install --record /home/antreas/MsC/Q2/RO47005/finalAssignment/RO47005-Project/build/drone_mpc_python/install.log --single-version-externally-managed install_data[0m
[1.292s] [34mcolcon.colcon_core.environment[0m [1;30mLevel 1[0m checking '/home/antreas/MsC/Q2/RO47005/finalAssignment/RO47005-Project/install/drone_mpc_python' for CMake module files
[1.292s] [34mcolcon.colcon_core.environment[0m [1;30mLevel 1[0m checking '/home/antreas/MsC/Q2/RO47005/finalAssignment/RO47005-Project/install/drone_mpc_python' for CMake config files
[1.293s] [34mcolcon.colcon_core.environment[0m [1;30mLevel 1[0m checking '/home/antreas/MsC/Q2/RO47005/finalAssignment/RO47005-Project/install/drone_mpc_python/lib'
[1.293s] [34mcolcon.colcon_core.environment[0m [1;30mLevel 1[0m checking '/home/antreas/MsC/Q2/RO47005/finalAssignment/RO47005-Project/install/drone_mpc_python/bin'
[1.293s] [34mcolcon.colcon_core.environment[0m [1;30mLevel 1[0m checking '/home/antreas/MsC/Q2/RO47005/finalAssignment/RO47005-Project/install/drone_mpc_python/lib/pkgconfig/drone_mpc_python.pc'
[1.293s] [34mcolcon.colcon_core.environment[0m [1;30mLevel 1[0m checking '/home/antreas/MsC/Q2/RO47005/finalAssignment/RO47005-Project/install/drone_mpc_python/lib/python3.10/site-packages'
[1.293s] [34mcolcon.colcon_core.shell[0m [1;30mLevel 1[0m create_environment_hook('drone_mpc_python', 'pythonpath')
[1.293s] [34mcolcon.colcon_core.shell[0m [1;30mINFO[0m Creating environment hook '/home/antreas/MsC/Q2/RO47005/finalAssignment/RO47005-Project/install/drone_mpc_python/share/drone_mpc_python/hook/pythonpath.ps1'
[1.294s] [34mcolcon.colcon_core.shell[0m [1;30mINFO[0m Creating environment descriptor '/home/antreas/MsC/Q2/RO47005/finalAssignment/RO47005-Project/install/drone_mpc_python/share/drone_mpc_python/hook/pythonpath.dsv'
[1.294s] [34mcolcon.colcon_core.shell[0m [1;30mINFO[0m Creating environment hook '/home/antreas/MsC/Q2/RO47005/finalAssignment/RO47005-Project/install/drone_mpc_python/share/drone_mpc_python/hook/pythonpath.sh'
[1.294s] [34mcolcon.colcon_core.environment[0m [1;30mLevel 1[0m checking '/home/antreas/MsC/Q2/RO47005/finalAssignment/RO47005-Project/install/drone_mpc_python/bin'
[1.294s] [34mcolcon.colcon_core.environment[0m [1;30mLevel 1[0m create_environment_scripts_only(drone_mpc_python)
[1.295s] [34mcolcon.colcon_core.shell[0m [1;30mINFO[0m Creating package script '/home/antreas/MsC/Q2/RO47005/finalAssignment/RO47005-Project/install/drone_mpc_python/share/drone_mpc_python/package.ps1'
[1.295s] [34mcolcon.colcon_core.shell[0m [1;30mINFO[0m Creating package descriptor '/home/antreas/MsC/Q2/RO47005/finalAssignment/RO47005-Project/install/drone_mpc_python/share/drone_mpc_python/package.dsv'
[1.295s] [34mcolcon.colcon_core.shell[0m [1;30mINFO[0m Creating package script '/home/antreas/MsC/Q2/RO47005/finalAssignment/RO47005-Project/install/drone_mpc_python/share/drone_mpc_python/package.sh'
[1.296s] [34mcolcon.colcon_core.shell[0m [1;30mINFO[0m Creating package script '/home/antreas/MsC/Q2/RO47005/finalAssignment/RO47005-Project/install/drone_mpc_python/share/drone_mpc_python/package.bash'
[1.297s] [34mcolcon.colcon_core.shell[0m [1;30mINFO[0m Creating package script '/home/antreas/MsC/Q2/RO47005/finalAssignment/RO47005-Project/install/drone_mpc_python/share/drone_mpc_python/package.zsh'
[1.297s] [34mcolcon.colcon_core.environment[0m [1;30mLevel 1[0m create_file_with_runtime_dependencies(/home/antreas/MsC/Q2/RO47005/finalAssignment/RO47005-Project/install/drone_mpc_python/share/colcon-core/packages/drone_mpc_python)
[1.297s] [34mcolcon.colcon_parallel_executor.executor.parallel[0m [1;30mDEBUG[0m [32mclosing loop[0m
[1.298s] [34mcolcon.colcon_parallel_executor.executor.parallel[0m [1;30mDEBUG[0m [32mloop closed[0m
[1.298s] [34mcolcon.colcon_parallel_executor.executor.parallel[0m [1;30mDEBUG[0m [32mrun_until_complete finished with '0'[0m
[1.298s] [34mcolcon.colcon_core.event_reactor[0m [1;30mDEBUG[0m [32mjoining thread[0m
[1.302s] [34mcolcon.colcon_core.plugin_system[0m [1;30mINFO[0m Skipping extension 'colcon_notification.desktop_notification.terminal_notifier': Not used on non-Darwin systems
[1.302s] [34mcolcon.colcon_core.plugin_system[0m [1;30mINFO[0m Skipping extension 'colcon_notification.desktop_notification.win32': Not used on non-Windows systems
[1.302s] [34mcolcon.colcon_notification.desktop_notification[0m [1;30mINFO[0m Sending desktop notification using 'notify2'
[1.312s] [34mcolcon.colcon_core.event_reactor[0m [1;30mDEBUG[0m [32mjoined thread[0m
[1.312s] [34mcolcon.colcon_core.shell[0m [1;30mINFO[0m Creating prefix script '/home/antreas/MsC/Q2/RO47005/finalAssignment/RO47005-Project/install/local_setup.ps1'
[1.313s] [34mcolcon.colcon_core.shell[0m [1;30mINFO[0m Creating prefix util module '/home/antreas/MsC/Q2/RO47005/finalAssignment/RO47005-Project/install/_local_setup_util_ps1.py'
[1.314s] [34mcolcon.colcon_core.shell[0m [1;30mINFO[0m Creating prefix chain script '/home/antreas/MsC/Q2/RO47005/finalAssignment/RO47005-Project/install/setup.ps1'
[1.315s] [34mcolcon.colcon_core.shell[0m [1;30mINFO[0m Creating prefix script '/home/antreas/MsC/Q2/RO47005/finalAssignment/RO47005-Project/install/local_setup.sh'
[1.315s] [34mcolcon.colcon_core.shell[0m [1;30mINFO[0m Creating prefix util module '/home/antreas/MsC/Q2/RO47005/finalAssignment/RO47005-Project/install/_local_setup_util_sh.py'
[1.315s] [34mcolcon.colcon_core.shell[0m [1;30mINFO[0m Creating prefix chain script '/home/antreas/MsC/Q2/RO47005/finalAssignment/RO47005-Project/install/setup.sh'
[1.316s] [34mcolcon.colcon_core.shell[0m [1;30mINFO[0m Creating prefix script '/home/antreas/MsC/Q2/RO47005/finalAssignment/RO47005-Project/install/local_setup.bash'
[1.317s] [34mcolcon.colcon_core.shell[0m [1;30mINFO[0m Creating prefix chain script '/home/antreas/MsC/Q2/RO47005/finalAssignment/RO47005-Project/install/setup.bash'
[1.318s] [34mcolcon.colcon_core.shell[0m [1;30mINFO[0m Creating prefix script '/home/antreas/MsC/Q2/RO47005/finalAssignment/RO47005-Project/install/local_setup.zsh'
[1.318s] [34mcolcon.colcon_core.shell[0m [1;30mINFO[0m Creating prefix chain script '/home/antreas/MsC/Q2/RO47005/finalAssignment/RO47005-Project/install/setup.zsh'
