[1.176s] Invoking command in '/home/antreas/MsC/Q2/RO47005/finalAssignment/RO47005-Project/drone_ws/src/drone_simulator': PYTHONPATH=/home/antreas/MsC/Q2/RO47005/finalAssignment/RO47005-Project/drone_ws/build/drone_simulator/prefix_override:/usr/lib/python3/dist-packages/colcon_core/task/python/colcon_distutils_commands:/home/antreas/MsC/Q2/RO47005/finalAssignment/RO47005-Project/drone_ws/install/drone_simulator/lib/python3.10/site-packages:${PYTHONPATH} /usr/bin/python3 -W ignore:setup.py install is deprecated setup.py egg_info --egg-base ../../build/drone_simulator build --build-base /home/antreas/MsC/Q2/RO47005/finalAssignment/RO47005-Project/drone_ws/build/drone_simulator/build install --record /home/antreas/MsC/Q2/RO47005/finalAssignment/RO47005-Project/drone_ws/build/drone_simulator/install.log --single-version-externally-managed install_data
[1.465s] running egg_info
[1.466s] writing ../../build/drone_simulator/drone_simulator.egg-info/PKG-INFO
[1.466s] writing dependency_links to ../../build/drone_simulator/drone_simulator.egg-info/dependency_links.txt
[1.467s] writing entry points to ../../build/drone_simulator/drone_simulator.egg-info/entry_points.txt
[1.467s] writing requirements to ../../build/drone_simulator/drone_simulator.egg-info/requires.txt
[1.467s] writing top-level names to ../../build/drone_simulator/drone_simulator.egg-info/top_level.txt
[1.469s] reading manifest file '../../build/drone_simulator/drone_simulator.egg-info/SOURCES.txt'
[1.469s] adding license file 'LICENSE'
[1.470s] writing manifest file '../../build/drone_simulator/drone_simulator.egg-info/SOURCES.txt'
[1.470s] running build
[1.471s] running build_py
[1.471s] copying drone_simulator/drone_simulator.py -> /home/antreas/MsC/Q2/RO47005/finalAssignment/RO47005-Project/drone_ws/build/drone_simulator/build/lib/drone_simulator
[1.471s] running install
[1.471s] running install_lib
[1.472s] copying /home/antreas/MsC/Q2/RO47005/finalAssignment/RO47005-Project/drone_ws/build/drone_simulator/build/lib/drone_simulator/drone_simulator.py -> /home/antreas/MsC/Q2/RO47005/finalAssignment/RO47005-Project/drone_ws/install/drone_simulator/lib/python3.10/site-packages/drone_simulator
[1.473s] byte-compiling /home/antreas/MsC/Q2/RO47005/finalAssignment/RO47005-Project/drone_ws/install/drone_simulator/lib/python3.10/site-packages/drone_simulator/drone_simulator.py to drone_simulator.cpython-310.pyc
[1.474s] running install_data
[1.474s] running install_egg_info
[1.476s] removing '/home/antreas/MsC/Q2/RO47005/finalAssignment/RO47005-Project/drone_ws/install/drone_simulator/lib/python3.10/site-packages/drone_simulator-0.0.0-py3.10.egg-info' (and everything under it)
[1.477s] Copying ../../build/drone_simulator/drone_simulator.egg-info to /home/antreas/MsC/Q2/RO47005/finalAssignment/RO47005-Project/drone_ws/install/drone_simulator/lib/python3.10/site-packages/drone_simulator-0.0.0-py3.10.egg-info
[1.477s] running install_scripts
[1.501s] Installing drone_simulator script to /home/antreas/MsC/Q2/RO47005/finalAssignment/RO47005-Project/drone_ws/install/drone_simulator/lib/drone_simulator
[1.501s] writing list of installed files to '/home/antreas/MsC/Q2/RO47005/finalAssignment/RO47005-Project/drone_ws/build/drone_simulator/install.log'
[1.538s] Invoked command in '/home/antreas/MsC/Q2/RO47005/finalAssignment/RO47005-Project/drone_ws/src/drone_simulator' returned '0': PYTHONPATH=/home/antreas/MsC/Q2/RO47005/finalAssignment/RO47005-Project/drone_ws/build/drone_simulator/prefix_override:/usr/lib/python3/dist-packages/colcon_core/task/python/colcon_distutils_commands:/home/antreas/MsC/Q2/RO47005/finalAssignment/RO47005-Project/drone_ws/install/drone_simulator/lib/python3.10/site-packages:${PYTHONPATH} /usr/bin/python3 -W ignore:setup.py install is deprecated setup.py egg_info --egg-base ../../build/drone_simulator build --build-base /home/antreas/MsC/Q2/RO47005/finalAssignment/RO47005-Project/drone_ws/build/drone_simulator/build install --record /home/antreas/MsC/Q2/RO47005/finalAssignment/RO47005-Project/drone_ws/build/drone_simulator/install.log --single-version-externally-managed install_data
