[0.018s] Invoking command in '/home/antreas/MsC/Q2/RO47005/finalAssignment/RO47005-Project/ro47005_drone_simulator/build/drone_mpc': CMAKE_PREFIX_PATH=/opt/ros/humble /home/antreas/.local/bin/cmake /home/antreas/MsC/Q2/RO47005/finalAssignment/RO47005-Project/ro47005_drone_simulator/src/drone_mpc -DCMAKE_INSTALL_PREFIX=/home/antreas/MsC/Q2/RO47005/finalAssignment/RO47005-Project/ro47005_drone_simulator/install/drone_mpc
[0.526s] -- The C compiler identification is GNU 11.4.0
[0.526s] -- The CXX compiler identification is GNU 11.4.0
[0.526s] -- Detecting C compiler ABI info
[0.526s] -- Detecting C compiler ABI info - done
[0.526s] -- Check for working C compiler: /usr/bin/cc - skipped
[0.526s] -- Detecting C compile features
[0.526s] -- Detecting C compile features - done
[0.526s] -- Detecting CXX compiler ABI info
[0.526s] -- Detecting CXX compiler ABI info - done
[0.526s] -- Check for working CXX compiler: /usr/bin/c++ - skipped
[0.526s] -- Detecting CXX compile features
[0.526s] -- Detecting CXX compile features - done
[0.526s] -- Found ament_cmake: 1.3.10 (/opt/ros/humble/share/ament_cmake/cmake)
[0.546s] -- Found Python3: /usr/bin/python3 (found version "3.10.12") found components: Interpreter 
[0.631s] -- Found ament_lint_auto: 0.12.11 (/opt/ros/humble/share/ament_lint_auto/cmake)
[0.700s] -- Added test 'lint_cmake' to check CMake code style
[0.701s] -- Added test 'xmllint' to check XML markup files
[0.702s] -- Configuring done (0.6s)
[0.705s] -- Generating done (0.0s)
[0.706s] -- Build files have been written to: /home/antreas/MsC/Q2/RO47005/finalAssignment/RO47005-Project/ro47005_drone_simulator/build/drone_mpc
[0.768s] Invoked command in '/home/antreas/MsC/Q2/RO47005/finalAssignment/RO47005-Project/ro47005_drone_simulator/build/drone_mpc' returned '0': CMAKE_PREFIX_PATH=/opt/ros/humble /home/antreas/.local/bin/cmake /home/antreas/MsC/Q2/RO47005/finalAssignment/RO47005-Project/ro47005_drone_simulator/src/drone_mpc -DCMAKE_INSTALL_PREFIX=/home/antreas/MsC/Q2/RO47005/finalAssignment/RO47005-Project/ro47005_drone_simulator/install/drone_mpc
[0.769s] Invoking command in '/home/antreas/MsC/Q2/RO47005/finalAssignment/RO47005-Project/ro47005_drone_simulator/build/drone_mpc': CMAKE_PREFIX_PATH=/opt/ros/humble /home/antreas/.local/bin/cmake --build /home/antreas/MsC/Q2/RO47005/finalAssignment/RO47005-Project/ro47005_drone_simulator/build/drone_mpc -- -j8 -l8
[0.823s] Invoked command in '/home/antreas/MsC/Q2/RO47005/finalAssignment/RO47005-Project/ro47005_drone_simulator/build/drone_mpc' returned '0': CMAKE_PREFIX_PATH=/opt/ros/humble /home/antreas/.local/bin/cmake --build /home/antreas/MsC/Q2/RO47005/finalAssignment/RO47005-Project/ro47005_drone_simulator/build/drone_mpc -- -j8 -l8
[0.918s] Invoking command in '/home/antreas/MsC/Q2/RO47005/finalAssignment/RO47005-Project/ro47005_drone_simulator/build/drone_mpc': CMAKE_PREFIX_PATH=/opt/ros/humble /home/antreas/.local/bin/cmake --install /home/antreas/MsC/Q2/RO47005/finalAssignment/RO47005-Project/ro47005_drone_simulator/build/drone_mpc
[0.955s] -- Install configuration: ""
[0.955s] -- Installing: /home/antreas/MsC/Q2/RO47005/finalAssignment/RO47005-Project/ro47005_drone_simulator/install/drone_mpc/share/ament_index/resource_index/package_run_dependencies/drone_mpc
[0.955s] -- Installing: /home/antreas/MsC/Q2/RO47005/finalAssignment/RO47005-Project/ro47005_drone_simulator/install/drone_mpc/share/ament_index/resource_index/parent_prefix_path/drone_mpc
[0.955s] -- Installing: /home/antreas/MsC/Q2/RO47005/finalAssignment/RO47005-Project/ro47005_drone_simulator/install/drone_mpc/share/drone_mpc/environment/ament_prefix_path.sh
[0.956s] -- Installing: /home/antreas/MsC/Q2/RO47005/finalAssignment/RO47005-Project/ro47005_drone_simulator/install/drone_mpc/share/drone_mpc/environment/ament_prefix_path.dsv
[0.956s] -- Installing: /home/antreas/MsC/Q2/RO47005/finalAssignment/RO47005-Project/ro47005_drone_simulator/install/drone_mpc/share/drone_mpc/environment/path.sh
[0.956s] -- Installing: /home/antreas/MsC/Q2/RO47005/finalAssignment/RO47005-Project/ro47005_drone_simulator/install/drone_mpc/share/drone_mpc/environment/path.dsv
[0.956s] -- Installing: /home/antreas/MsC/Q2/RO47005/finalAssignment/RO47005-Project/ro47005_drone_simulator/install/drone_mpc/share/drone_mpc/local_setup.bash
[0.956s] -- Installing: /home/antreas/MsC/Q2/RO47005/finalAssignment/RO47005-Project/ro47005_drone_simulator/install/drone_mpc/share/drone_mpc/local_setup.sh
[0.957s] -- Installing: /home/antreas/MsC/Q2/RO47005/finalAssignment/RO47005-Project/ro47005_drone_simulator/install/drone_mpc/share/drone_mpc/local_setup.zsh
[0.957s] -- Installing: /home/antreas/MsC/Q2/RO47005/finalAssignment/RO47005-Project/ro47005_drone_simulator/install/drone_mpc/share/drone_mpc/local_setup.dsv
[0.957s] -- Installing: /home/antreas/MsC/Q2/RO47005/finalAssignment/RO47005-Project/ro47005_drone_simulator/install/drone_mpc/share/drone_mpc/package.dsv
[0.957s] -- Installing: /home/antreas/MsC/Q2/RO47005/finalAssignment/RO47005-Project/ro47005_drone_simulator/install/drone_mpc/share/ament_index/resource_index/packages/drone_mpc
[0.957s] -- Installing: /home/antreas/MsC/Q2/RO47005/finalAssignment/RO47005-Project/ro47005_drone_simulator/install/drone_mpc/share/drone_mpc/cmake/drone_mpcConfig.cmake
[0.958s] -- Installing: /home/antreas/MsC/Q2/RO47005/finalAssignment/RO47005-Project/ro47005_drone_simulator/install/drone_mpc/share/drone_mpc/cmake/drone_mpcConfig-version.cmake
[0.958s] -- Installing: /home/antreas/MsC/Q2/RO47005/finalAssignment/RO47005-Project/ro47005_drone_simulator/install/drone_mpc/share/drone_mpc/package.xml
[0.965s] Invoked command in '/home/antreas/MsC/Q2/RO47005/finalAssignment/RO47005-Project/ro47005_drone_simulator/build/drone_mpc' returned '0': CMAKE_PREFIX_PATH=/opt/ros/humble /home/antreas/.local/bin/cmake --install /home/antreas/MsC/Q2/RO47005/finalAssignment/RO47005-Project/ro47005_drone_simulator/build/drone_mpc
