[3.816s] Invoking command in '/home/antreas/MsC/Q2/RO47005/finalAssignment/RO47005-Project/drone_ws/src/drone_simulator': PYTHONPATH=/home/antreas/MsC/Q2/RO47005/finalAssignment/RO47005-Project/build/drone_simulator/prefix_override:/usr/lib/python3/dist-packages/colcon_core/task/python/colcon_distutils_commands:/home/antreas/MsC/Q2/RO47005/finalAssignment/RO47005-Project/install/drone_simulator/lib/python3.10/site-packages:${PYTHONPATH} /usr/bin/python3 -W ignore:setup.py install is deprecated setup.py egg_info --egg-base ../../../build/drone_simulator build --build-base /home/antreas/MsC/Q2/RO47005/finalAssignment/RO47005-Project/build/drone_simulator/build install --record /home/antreas/MsC/Q2/RO47005/finalAssignment/RO47005-Project/build/drone_simulator/install.log --single-version-externally-managed install_data
[4.995s] running egg_info
[5.000s] writing ../../../build/drone_simulator/drone_simulator.egg-info/PKG-INFO
[5.000s] writing dependency_links to ../../../build/drone_simulator/drone_simulator.egg-info/dependency_links.txt
[5.001s] writing entry points to ../../../build/drone_simulator/drone_simulator.egg-info/entry_points.txt
[5.001s] writing requirements to ../../../build/drone_simulator/drone_simulator.egg-info/requires.txt
[5.002s] writing top-level names to ../../../build/drone_simulator/drone_simulator.egg-info/top_level.txt
[5.017s] reading manifest file '../../../build/drone_simulator/drone_simulator.egg-info/SOURCES.txt'
[5.018s] adding license file 'LICENSE'
[5.018s] writing manifest file '../../../build/drone_simulator/drone_simulator.egg-info/SOURCES.txt'
[5.021s] running build
[5.021s] running build_py
[5.021s] running install
[5.022s] running install_lib
[5.023s] running install_data
[5.027s] running install_egg_info
[5.033s] removing '/home/antreas/MsC/Q2/RO47005/finalAssignment/RO47005-Project/install/drone_simulator/lib/python3.10/site-packages/drone_simulator-0.0.0-py3.10.egg-info' (and everything under it)
[5.033s] Copying ../../../build/drone_simulator/drone_simulator.egg-info to /home/antreas/MsC/Q2/RO47005/finalAssignment/RO47005-Project/install/drone_simulator/lib/python3.10/site-packages/drone_simulator-0.0.0-py3.10.egg-info
[5.036s] running install_scripts
[5.133s] Installing drone_simulator script to /home/antreas/MsC/Q2/RO47005/finalAssignment/RO47005-Project/install/drone_simulator/lib/drone_simulator
[5.134s] Installing drone_simulator_rpm script to /home/antreas/MsC/Q2/RO47005/finalAssignment/RO47005-Project/install/drone_simulator/lib/drone_simulator
[5.134s] writing list of installed files to '/home/antreas/MsC/Q2/RO47005/finalAssignment/RO47005-Project/build/drone_simulator/install.log'
[5.218s] Invoked command in '/home/antreas/MsC/Q2/RO47005/finalAssignment/RO47005-Project/drone_ws/src/drone_simulator' returned '0': PYTHONPATH=/home/antreas/MsC/Q2/RO47005/finalAssignment/RO47005-Project/build/drone_simulator/prefix_override:/usr/lib/python3/dist-packages/colcon_core/task/python/colcon_distutils_commands:/home/antreas/MsC/Q2/RO47005/finalAssignment/RO47005-Project/install/drone_simulator/lib/python3.10/site-packages:${PYTHONPATH} /usr/bin/python3 -W ignore:setup.py install is deprecated setup.py egg_info --egg-base ../../../build/drone_simulator build --build-base /home/antreas/MsC/Q2/RO47005/finalAssignment/RO47005-Project/build/drone_simulator/build install --record /home/antreas/MsC/Q2/RO47005/finalAssignment/RO47005-Project/build/drone_simulator/install.log --single-version-externally-managed install_data
