running egg_info
creating ../../build/drone_simulator/drone_simulator.egg-info
writing ../../build/drone_simulator/drone_simulator.egg-info/PKG-INFO
writing dependency_links to ../../build/drone_simulator/drone_simulator.egg-info/dependency_links.txt
writing entry points to ../../build/drone_simulator/drone_simulator.egg-info/entry_points.txt
writing requirements to ../../build/drone_simulator/drone_simulator.egg-info/requires.txt
writing top-level names to ../../build/drone_simulator/drone_simulator.egg-info/top_level.txt
writing manifest file '../../build/drone_simulator/drone_simulator.egg-info/SOURCES.txt'
reading manifest file '../../build/drone_simulator/drone_simulator.egg-info/SOURCES.txt'
adding license file 'LICENSE'
writing manifest file '../../build/drone_simulator/drone_simulator.egg-info/SOURCES.txt'
running build
running build_py
creating /home/antreas/MsC/Q2/RO47005/finalAssignment/RO47005-Project/ro47005_drone_simulator/build/drone_simulator/build
creating /home/antreas/MsC/Q2/RO47005/finalAssignment/RO47005-Project/ro47005_drone_simulator/build/drone_simulator/build/lib
creating /home/antreas/MsC/Q2/RO47005/finalAssignment/RO47005-Project/ro47005_drone_simulator/build/drone_simulator/build/lib/drone_simulator
copying drone_simulator/__init__.py -> /home/antreas/MsC/Q2/RO47005/finalAssignment/RO47005-Project/ro47005_drone_simulator/build/drone_simulator/build/lib/drone_simulator
running install
running install_lib
creating /home/antreas/MsC/Q2/RO47005/finalAssignment/RO47005-Project/ro47005_drone_simulator/install/drone_simulator/lib/python3.10/site-packages/drone_simulator
copying /home/antreas/MsC/Q2/RO47005/finalAssignment/RO47005-Project/ro47005_drone_simulator/build/drone_simulator/build/lib/drone_simulator/__init__.py -> /home/antreas/MsC/Q2/RO47005/finalAssignment/RO47005-Project/ro47005_drone_simulator/install/drone_simulator/lib/python3.10/site-packages/drone_simulator
byte-compiling /home/antreas/MsC/Q2/RO47005/finalAssignment/RO47005-Project/ro47005_drone_simulator/install/drone_simulator/lib/python3.10/site-packages/drone_simulator/__init__.py to __init__.cpython-310.pyc
running install_data
creating /home/antreas/MsC/Q2/RO47005/finalAssignment/RO47005-Project/ro47005_drone_simulator/install/drone_simulator/share/ament_index
creating /home/antreas/MsC/Q2/RO47005/finalAssignment/RO47005-Project/ro47005_drone_simulator/install/drone_simulator/share/ament_index/resource_index
creating /home/antreas/MsC/Q2/RO47005/finalAssignment/RO47005-Project/ro47005_drone_simulator/install/drone_simulator/share/ament_index/resource_index/packages
copying resource/drone_simulator -> /home/antreas/MsC/Q2/RO47005/finalAssignment/RO47005-Project/ro47005_drone_simulator/install/drone_simulator/share/ament_index/resource_index/packages
copying package.xml -> /home/antreas/MsC/Q2/RO47005/finalAssignment/RO47005-Project/ro47005_drone_simulator/install/drone_simulator/share/drone_simulator
running install_egg_info
Copying ../../build/drone_simulator/drone_simulator.egg-info to /home/antreas/MsC/Q2/RO47005/finalAssignment/RO47005-Project/ro47005_drone_simulator/install/drone_simulator/lib/python3.10/site-packages/drone_simulator-0.0.0-py3.10.egg-info
running install_scripts
writing list of installed files to '/home/antreas/MsC/Q2/RO47005/finalAssignment/RO47005-Project/ro47005_drone_simulator/build/drone_simulator/install.log'
