[1.292s] Invoking command in '/home/antreas/MsC/Q2/RO47005/finalAssignment/RO47005-Project/ro47005_drone_simulator/src/drone_simulator': PYTHONPATH=/home/antreas/MsC/Q2/RO47005/finalAssignment/RO47005-Project/ro47005_drone_simulator/build/drone_simulator/prefix_override:/usr/lib/python3/dist-packages/colcon_core/task/python/colcon_distutils_commands:/home/antreas/MsC/Q2/RO47005/finalAssignment/RO47005-Project/ro47005_drone_simulator/install/drone_simulator/lib/python3.10/site-packages:${PYTHONPATH} /usr/bin/python3 -W ignore:setup.py install is deprecated setup.py egg_info --egg-base ../../build/drone_simulator build --build-base /home/antreas/MsC/Q2/RO47005/finalAssignment/RO47005-Project/ro47005_drone_simulator/build/drone_simulator/build install --record /home/antreas/MsC/Q2/RO47005/finalAssignment/RO47005-Project/ro47005_drone_simulator/build/drone_simulator/install.log --single-version-externally-managed install_data
[1.568s] running egg_info
[1.569s] creating ../../build/drone_simulator/drone_simulator.egg-info
[1.570s] writing ../../build/drone_simulator/drone_simulator.egg-info/PKG-INFO
[1.570s] writing dependency_links to ../../build/drone_simulator/drone_simulator.egg-info/dependency_links.txt
[1.570s] writing entry points to ../../build/drone_simulator/drone_simulator.egg-info/entry_points.txt
[1.570s] writing requirements to ../../build/drone_simulator/drone_simulator.egg-info/requires.txt
[1.570s] writing top-level names to ../../build/drone_simulator/drone_simulator.egg-info/top_level.txt
[1.570s] writing manifest file '../../build/drone_simulator/drone_simulator.egg-info/SOURCES.txt'
[1.571s] reading manifest file '../../build/drone_simulator/drone_simulator.egg-info/SOURCES.txt'
[1.572s] adding license file 'LICENSE'
[1.573s] writing manifest file '../../build/drone_simulator/drone_simulator.egg-info/SOURCES.txt'
[1.573s] running build
[1.573s] running build_py
[1.573s] creating /home/antreas/MsC/Q2/RO47005/finalAssignment/RO47005-Project/ro47005_drone_simulator/build/drone_simulator/build
[1.574s] creating /home/antreas/MsC/Q2/RO47005/finalAssignment/RO47005-Project/ro47005_drone_simulator/build/drone_simulator/build/lib
[1.574s] creating /home/antreas/MsC/Q2/RO47005/finalAssignment/RO47005-Project/ro47005_drone_simulator/build/drone_simulator/build/lib/drone_simulator
[1.574s] copying drone_simulator/__init__.py -> /home/antreas/MsC/Q2/RO47005/finalAssignment/RO47005-Project/ro47005_drone_simulator/build/drone_simulator/build/lib/drone_simulator
[1.574s] running install
[1.574s] running install_lib
[1.575s] creating /home/antreas/MsC/Q2/RO47005/finalAssignment/RO47005-Project/ro47005_drone_simulator/install/drone_simulator/lib/python3.10/site-packages/drone_simulator
[1.575s] copying /home/antreas/MsC/Q2/RO47005/finalAssignment/RO47005-Project/ro47005_drone_simulator/build/drone_simulator/build/lib/drone_simulator/__init__.py -> /home/antreas/MsC/Q2/RO47005/finalAssignment/RO47005-Project/ro47005_drone_simulator/install/drone_simulator/lib/python3.10/site-packages/drone_simulator
[1.575s] byte-compiling /home/antreas/MsC/Q2/RO47005/finalAssignment/RO47005-Project/ro47005_drone_simulator/install/drone_simulator/lib/python3.10/site-packages/drone_simulator/__init__.py to __init__.cpython-310.pyc
[1.575s] running install_data
[1.577s] creating /home/antreas/MsC/Q2/RO47005/finalAssignment/RO47005-Project/ro47005_drone_simulator/install/drone_simulator/share/ament_index
[1.577s] creating /home/antreas/MsC/Q2/RO47005/finalAssignment/RO47005-Project/ro47005_drone_simulator/install/drone_simulator/share/ament_index/resource_index
[1.577s] creating /home/antreas/MsC/Q2/RO47005/finalAssignment/RO47005-Project/ro47005_drone_simulator/install/drone_simulator/share/ament_index/resource_index/packages
[1.577s] copying resource/drone_simulator -> /home/antreas/MsC/Q2/RO47005/finalAssignment/RO47005-Project/ro47005_drone_simulator/install/drone_simulator/share/ament_index/resource_index/packages
[1.577s] copying package.xml -> /home/antreas/MsC/Q2/RO47005/finalAssignment/RO47005-Project/ro47005_drone_simulator/install/drone_simulator/share/drone_simulator
[1.577s] running install_egg_info
[1.578s] Copying ../../build/drone_simulator/drone_simulator.egg-info to /home/antreas/MsC/Q2/RO47005/finalAssignment/RO47005-Project/ro47005_drone_simulator/install/drone_simulator/lib/python3.10/site-packages/drone_simulator-0.0.0-py3.10.egg-info
[1.579s] running install_scripts
[1.601s] writing list of installed files to '/home/antreas/MsC/Q2/RO47005/finalAssignment/RO47005-Project/ro47005_drone_simulator/build/drone_simulator/install.log'
[1.635s] Invoked command in '/home/antreas/MsC/Q2/RO47005/finalAssignment/RO47005-Project/ro47005_drone_simulator/src/drone_simulator' returned '0': PYTHONPATH=/home/antreas/MsC/Q2/RO47005/finalAssignment/RO47005-Project/ro47005_drone_simulator/build/drone_simulator/prefix_override:/usr/lib/python3/dist-packages/colcon_core/task/python/colcon_distutils_commands:/home/antreas/MsC/Q2/RO47005/finalAssignment/RO47005-Project/ro47005_drone_simulator/install/drone_simulator/lib/python3.10/site-packages:${PYTHONPATH} /usr/bin/python3 -W ignore:setup.py install is deprecated setup.py egg_info --egg-base ../../build/drone_simulator build --build-base /home/antreas/MsC/Q2/RO47005/finalAssignment/RO47005-Project/ro47005_drone_simulator/build/drone_simulator/build install --record /home/antreas/MsC/Q2/RO47005/finalAssignment/RO47005-Project/ro47005_drone_simulator/build/drone_simulator/install.log --single-version-externally-managed install_data
