[1.469s] Invoking command in '/home/mukil/MSc_Robotics/Quarter2/Planning_&_Decision_Making_(RO47005)/Project/RO47005-Project/drone_ws/src/global_planner': PYTHONPATH=/home/mukil/MSc_Robotics/Quarter2/Planning_&_Decision_Making_(RO47005)/Project/RO47005-Project/drone_ws/build/global_planner/prefix_override:/usr/lib/python3/dist-packages/colcon_core/task/python/colcon_distutils_commands:/home/mukil/MSc_Robotics/Quarter2/Planning_&_Decision_Making_(RO47005)/Project/RO47005-Project/drone_ws/install/global_planner/lib/python3.10/site-packages:${PYTHONPATH} /usr/bin/python3 -W ignore:setup.py install is deprecated setup.py egg_info --egg-base ../../build/global_planner build --build-base /home/mukil/MSc_Robotics/Quarter2/Planning_&_Decision_Making_(RO47005)/Project/RO47005-Project/drone_ws/build/global_planner/build install --record /home/mukil/MSc_Robotics/Quarter2/Planning_&_Decision_Making_(RO47005)/Project/RO47005-Project/drone_ws/build/global_planner/install.log --single-version-externally-managed install_data
[1.733s] running egg_info
[1.734s] creating ../../build/global_planner/global_planner.egg-info
[1.734s] writing ../../build/global_planner/global_planner.egg-info/PKG-INFO
[1.735s] writing dependency_links to ../../build/global_planner/global_planner.egg-info/dependency_links.txt
[1.735s] writing entry points to ../../build/global_planner/global_planner.egg-info/entry_points.txt
[1.735s] writing requirements to ../../build/global_planner/global_planner.egg-info/requires.txt
[1.735s] writing top-level names to ../../build/global_planner/global_planner.egg-info/top_level.txt
[1.735s] writing manifest file '../../build/global_planner/global_planner.egg-info/SOURCES.txt'
[1.737s] reading manifest file '../../build/global_planner/global_planner.egg-info/SOURCES.txt'
[1.737s] adding license file 'LICENSE'
[1.738s] writing manifest file '../../build/global_planner/global_planner.egg-info/SOURCES.txt'
[1.738s] running build
[1.738s] running build_py
[1.738s] creating /home/mukil/MSc_Robotics/Quarter2/Planning_&_Decision_Making_(RO47005)/Project/RO47005-Project/drone_ws/build/global_planner/build
[1.738s] creating /home/mukil/MSc_Robotics/Quarter2/Planning_&_Decision_Making_(RO47005)/Project/RO47005-Project/drone_ws/build/global_planner/build/lib
[1.738s] creating /home/mukil/MSc_Robotics/Quarter2/Planning_&_Decision_Making_(RO47005)/Project/RO47005-Project/drone_ws/build/global_planner/build/lib/global_planner
[1.738s] copying global_planner/__init__.py -> /home/mukil/MSc_Robotics/Quarter2/Planning_&_Decision_Making_(RO47005)/Project/RO47005-Project/drone_ws/build/global_planner/build/lib/global_planner
[1.739s] running install
[1.739s] running install_lib
[1.740s] creating /home/mukil/MSc_Robotics/Quarter2/Planning_&_Decision_Making_(RO47005)/Project/RO47005-Project/drone_ws/install/global_planner/lib/python3.10/site-packages/global_planner
[1.740s] copying /home/mukil/MSc_Robotics/Quarter2/Planning_&_Decision_Making_(RO47005)/Project/RO47005-Project/drone_ws/build/global_planner/build/lib/global_planner/__init__.py -> /home/mukil/MSc_Robotics/Quarter2/Planning_&_Decision_Making_(RO47005)/Project/RO47005-Project/drone_ws/install/global_planner/lib/python3.10/site-packages/global_planner
[1.741s] byte-compiling /home/mukil/MSc_Robotics/Quarter2/Planning_&_Decision_Making_(RO47005)/Project/RO47005-Project/drone_ws/install/global_planner/lib/python3.10/site-packages/global_planner/__init__.py to __init__.cpython-310.pyc
[1.741s] running install_data
[1.741s] creating /home/mukil/MSc_Robotics/Quarter2/Planning_&_Decision_Making_(RO47005)/Project/RO47005-Project/drone_ws/install/global_planner/share/ament_index
[1.741s] creating /home/mukil/MSc_Robotics/Quarter2/Planning_&_Decision_Making_(RO47005)/Project/RO47005-Project/drone_ws/install/global_planner/share/ament_index/resource_index
[1.741s] creating /home/mukil/MSc_Robotics/Quarter2/Planning_&_Decision_Making_(RO47005)/Project/RO47005-Project/drone_ws/install/global_planner/share/ament_index/resource_index/packages
[1.741s] copying resource/global_planner -> /home/mukil/MSc_Robotics/Quarter2/Planning_&_Decision_Making_(RO47005)/Project/RO47005-Project/drone_ws/install/global_planner/share/ament_index/resource_index/packages
[1.741s] copying package.xml -> /home/mukil/MSc_Robotics/Quarter2/Planning_&_Decision_Making_(RO47005)/Project/RO47005-Project/drone_ws/install/global_planner/share/global_planner
[1.741s] running install_egg_info
[1.743s] Copying ../../build/global_planner/global_planner.egg-info to /home/mukil/MSc_Robotics/Quarter2/Planning_&_Decision_Making_(RO47005)/Project/RO47005-Project/drone_ws/install/global_planner/lib/python3.10/site-packages/global_planner-0.0.0-py3.10.egg-info
[1.744s] running install_scripts
[1.769s] writing list of installed files to '/home/mukil/MSc_Robotics/Quarter2/Planning_&_Decision_Making_(RO47005)/Project/RO47005-Project/drone_ws/build/global_planner/install.log'
[1.806s] Invoked command in '/home/mukil/MSc_Robotics/Quarter2/Planning_&_Decision_Making_(RO47005)/Project/RO47005-Project/drone_ws/src/global_planner' returned '0': PYTHONPATH=/home/mukil/MSc_Robotics/Quarter2/Planning_&_Decision_Making_(RO47005)/Project/RO47005-Project/drone_ws/build/global_planner/prefix_override:/usr/lib/python3/dist-packages/colcon_core/task/python/colcon_distutils_commands:/home/mukil/MSc_Robotics/Quarter2/Planning_&_Decision_Making_(RO47005)/Project/RO47005-Project/drone_ws/install/global_planner/lib/python3.10/site-packages:${PYTHONPATH} /usr/bin/python3 -W ignore:setup.py install is deprecated setup.py egg_info --egg-base ../../build/global_planner build --build-base /home/mukil/MSc_Robotics/Quarter2/Planning_&_Decision_Making_(RO47005)/Project/RO47005-Project/drone_ws/build/global_planner/build install --record /home/mukil/MSc_Robotics/Quarter2/Planning_&_Decision_Making_(RO47005)/Project/RO47005-Project/drone_ws/build/global_planner/install.log --single-version-externally-managed install_data
