[1.291s] Invoking command in '/home/antreas/MsC/Q2/RO47005/finalAssignment/RO47005-Project/ro47005_drone_simulator/src/global_planner': PYTHONPATH=/home/antreas/MsC/Q2/RO47005/finalAssignment/RO47005-Project/ro47005_drone_simulator/build/global_planner/prefix_override:/usr/lib/python3/dist-packages/colcon_core/task/python/colcon_distutils_commands:/home/antreas/MsC/Q2/RO47005/finalAssignment/RO47005-Project/ro47005_drone_simulator/install/global_planner/lib/python3.10/site-packages:${PYTHONPATH} /usr/bin/python3 -W ignore:setup.py install is deprecated setup.py egg_info --egg-base ../../build/global_planner build --build-base /home/antreas/MsC/Q2/RO47005/finalAssignment/RO47005-Project/ro47005_drone_simulator/build/global_planner/build install --record /home/antreas/MsC/Q2/RO47005/finalAssignment/RO47005-Project/ro47005_drone_simulator/build/global_planner/install.log --single-version-externally-managed install_data
[1.564s] running egg_info
[1.565s] creating ../../build/global_planner/global_planner.egg-info
[1.565s] writing ../../build/global_planner/global_planner.egg-info/PKG-INFO
[1.565s] writing dependency_links to ../../build/global_planner/global_planner.egg-info/dependency_links.txt
[1.565s] writing entry points to ../../build/global_planner/global_planner.egg-info/entry_points.txt
[1.565s] writing requirements to ../../build/global_planner/global_planner.egg-info/requires.txt
[1.565s] writing top-level names to ../../build/global_planner/global_planner.egg-info/top_level.txt
[1.566s] writing manifest file '../../build/global_planner/global_planner.egg-info/SOURCES.txt'
[1.568s] reading manifest file '../../build/global_planner/global_planner.egg-info/SOURCES.txt'
[1.568s] adding license file 'LICENSE'
[1.569s] writing manifest file '../../build/global_planner/global_planner.egg-info/SOURCES.txt'
[1.569s] running build
[1.569s] running build_py
[1.570s] creating /home/antreas/MsC/Q2/RO47005/finalAssignment/RO47005-Project/ro47005_drone_simulator/build/global_planner/build
[1.570s] creating /home/antreas/MsC/Q2/RO47005/finalAssignment/RO47005-Project/ro47005_drone_simulator/build/global_planner/build/lib
[1.570s] creating /home/antreas/MsC/Q2/RO47005/finalAssignment/RO47005-Project/ro47005_drone_simulator/build/global_planner/build/lib/global_planner
[1.570s] copying global_planner/__init__.py -> /home/antreas/MsC/Q2/RO47005/finalAssignment/RO47005-Project/ro47005_drone_simulator/build/global_planner/build/lib/global_planner
[1.570s] running install
[1.570s] running install_lib
[1.571s] creating /home/antreas/MsC/Q2/RO47005/finalAssignment/RO47005-Project/ro47005_drone_simulator/install/global_planner/lib/python3.10/site-packages/global_planner
[1.571s] copying /home/antreas/MsC/Q2/RO47005/finalAssignment/RO47005-Project/ro47005_drone_simulator/build/global_planner/build/lib/global_planner/__init__.py -> /home/antreas/MsC/Q2/RO47005/finalAssignment/RO47005-Project/ro47005_drone_simulator/install/global_planner/lib/python3.10/site-packages/global_planner
[1.572s] byte-compiling /home/antreas/MsC/Q2/RO47005/finalAssignment/RO47005-Project/ro47005_drone_simulator/install/global_planner/lib/python3.10/site-packages/global_planner/__init__.py to __init__.cpython-310.pyc
[1.572s] running install_data
[1.572s] creating /home/antreas/MsC/Q2/RO47005/finalAssignment/RO47005-Project/ro47005_drone_simulator/install/global_planner/share/ament_index
[1.572s] creating /home/antreas/MsC/Q2/RO47005/finalAssignment/RO47005-Project/ro47005_drone_simulator/install/global_planner/share/ament_index/resource_index
[1.572s] creating /home/antreas/MsC/Q2/RO47005/finalAssignment/RO47005-Project/ro47005_drone_simulator/install/global_planner/share/ament_index/resource_index/packages
[1.572s] copying resource/global_planner -> /home/antreas/MsC/Q2/RO47005/finalAssignment/RO47005-Project/ro47005_drone_simulator/install/global_planner/share/ament_index/resource_index/packages
[1.573s] copying package.xml -> /home/antreas/MsC/Q2/RO47005/finalAssignment/RO47005-Project/ro47005_drone_simulator/install/global_planner/share/global_planner
[1.573s] running install_egg_info
[1.574s] Copying ../../build/global_planner/global_planner.egg-info to /home/antreas/MsC/Q2/RO47005/finalAssignment/RO47005-Project/ro47005_drone_simulator/install/global_planner/lib/python3.10/site-packages/global_planner-0.0.0-py3.10.egg-info
[1.575s] running install_scripts
[1.598s] writing list of installed files to '/home/antreas/MsC/Q2/RO47005/finalAssignment/RO47005-Project/ro47005_drone_simulator/build/global_planner/install.log'
[1.626s] Invoked command in '/home/antreas/MsC/Q2/RO47005/finalAssignment/RO47005-Project/ro47005_drone_simulator/src/global_planner' returned '0': PYTHONPATH=/home/antreas/MsC/Q2/RO47005/finalAssignment/RO47005-Project/ro47005_drone_simulator/build/global_planner/prefix_override:/usr/lib/python3/dist-packages/colcon_core/task/python/colcon_distutils_commands:/home/antreas/MsC/Q2/RO47005/finalAssignment/RO47005-Project/ro47005_drone_simulator/install/global_planner/lib/python3.10/site-packages:${PYTHONPATH} /usr/bin/python3 -W ignore:setup.py install is deprecated setup.py egg_info --egg-base ../../build/global_planner build --build-base /home/antreas/MsC/Q2/RO47005/finalAssignment/RO47005-Project/ro47005_drone_simulator/build/global_planner/build install --record /home/antreas/MsC/Q2/RO47005/finalAssignment/RO47005-Project/ro47005_drone_simulator/build/global_planner/install.log --single-version-externally-managed install_data
