[0.082s] [34mcolcon[0m [1;30mDEBUG[0m [32mCommand line arguments: ['/usr/bin/colcon', 'build'][0m
[0.082s] [34mcolcon[0m [1;30mDEBUG[0m [32mParsed command line arguments: Namespace(log_base=None, log_level=None, verb_name='build', build_base='build', install_base='install', merge_install=False, symlink_install=False, test_result_base=None, continue_on_error=False, executor='parallel', parallel_workers=8, event_handlers=None, ignore_user_meta=False, metas=['./colcon.meta'], base_paths=['.'], packages_ignore=None, packages_ignore_regex=None, paths=None, packages_up_to=None, packages_up_to_regex=None, packages_above=None, packages_above_and_dependencies=None, packages_above_depth=None, packages_select_by_dep=None, packages_skip_by_dep=None, packages_skip_up_to=None, packages_select_build_failed=False, packages_skip_build_finished=False, packages_select_test_failures=False, packages_skip_test_passed=False, packages_select=None, packages_skip=None, packages_select_regex=None, packages_skip_regex=None, packages_start=None, packages_end=None, allow_overriding=[], cmake_args=None, cmake_target=None, cmake_target_skip_unavailable=False, cmake_clean_cache=False, cmake_clean_first=False, cmake_force_configure=False, ament_cmake_args=None, catkin_cmake_args=None, catkin_skip_building_tests=False, verb_parser=<colcon_defaults.argument_parser.defaults.DefaultArgumentsDecorator object at 0x710a954fbf70>, verb_extension=<colcon_core.verb.build.BuildVerb object at 0x710a954faf50>, main=<bound method BuildVerb.main of <colcon_core.verb.build.BuildVerb object at 0x710a954faf50>>)[0m
[0.225s] [34mcolcon.colcon_core.package_discovery[0m [1;30mLevel 1[0m discover_packages(colcon_meta) check parameters
[0.225s] [34mcolcon.colcon_core.package_discovery[0m [1;30mLevel 1[0m discover_packages(recursive) check parameters
[0.225s] [34mcolcon.colcon_core.package_discovery[0m [1;30mLevel 1[0m discover_packages(ignore) check parameters
[0.225s] [34mcolcon.colcon_core.package_discovery[0m [1;30mLevel 1[0m discover_packages(path) check parameters
[0.225s] [34mcolcon.colcon_core.package_discovery[0m [1;30mLevel 1[0m discover_packages(colcon_meta) discover
[0.225s] [34mcolcon.colcon_core.package_discovery[0m [1;30mLevel 1[0m discover_packages(recursive) discover
[0.225s] [34mcolcon.colcon_core.package_discovery[0m [1;30mINFO[0m Crawling recursively for packages in '/home/antreas/MsC/Q2/RO47005/finalAssignment/RO47005-Project/drone_ws'
[0.225s] [34mcolcon.colcon_core.package_identification[0m [1;30mLevel 1[0m _identify(.) by extensions ['ignore', 'ignore_ament_install']
[0.225s] [34mcolcon.colcon_core.package_identification[0m [1;30mLevel 1[0m _identify(.) by extension 'ignore'
[0.225s] [34mcolcon.colcon_core.package_identification[0m [1;30mLevel 1[0m _identify(.) by extension 'ignore_ament_install'
[0.225s] [34mcolcon.colcon_core.package_identification[0m [1;30mLevel 1[0m _identify(.) by extensions ['colcon_pkg']
[0.225s] [34mcolcon.colcon_core.package_identification[0m [1;30mLevel 1[0m _identify(.) by extension 'colcon_pkg'
[0.225s] [34mcolcon.colcon_core.package_identification[0m [1;30mLevel 1[0m _identify(.) by extensions ['colcon_meta']
[0.226s] [34mcolcon.colcon_core.package_identification[0m [1;30mLevel 1[0m _identify(.) by extension 'colcon_meta'
[0.226s] [34mcolcon.colcon_core.package_identification[0m [1;30mLevel 1[0m _identify(.) by extensions ['ros']
[0.226s] [34mcolcon.colcon_core.package_identification[0m [1;30mLevel 1[0m _identify(.) by extension 'ros'
[0.240s] [34mcolcon.colcon_core.package_identification[0m [1;30mLevel 1[0m _identify(.) by extensions ['cmake', 'python']
[0.240s] [34mcolcon.colcon_core.package_identification[0m [1;30mLevel 1[0m _identify(.) by extension 'cmake'
[0.240s] [34mcolcon.colcon_core.package_identification[0m [1;30mLevel 1[0m _identify(.) by extension 'python'
[0.240s] [34mcolcon.colcon_core.package_identification[0m [1;30mLevel 1[0m _identify(.) by extensions ['python_setup_py']
[0.240s] [34mcolcon.colcon_core.package_identification[0m [1;30mLevel 1[0m _identify(.) by extension 'python_setup_py'
[0.241s] [34mcolcon.colcon_core.package_identification[0m [1;30mLevel 1[0m _identify(build) by extensions ['ignore', 'ignore_ament_install']
[0.241s] [34mcolcon.colcon_core.package_identification[0m [1;30mLevel 1[0m _identify(build) by extension 'ignore'
[0.241s] [34mcolcon.colcon_core.package_identification[0m [1;30mLevel 1[0m _identify(build) ignored
[0.241s] [34mcolcon.colcon_core.package_identification[0m [1;30mLevel 1[0m _identify(install) by extensions ['ignore', 'ignore_ament_install']
[0.241s] [34mcolcon.colcon_core.package_identification[0m [1;30mLevel 1[0m _identify(install) by extension 'ignore'
[0.241s] [34mcolcon.colcon_core.package_identification[0m [1;30mLevel 1[0m _identify(install) ignored
[0.241s] [34mcolcon.colcon_core.package_identification[0m [1;30mLevel 1[0m _identify(log) by extensions ['ignore', 'ignore_ament_install']
[0.241s] [34mcolcon.colcon_core.package_identification[0m [1;30mLevel 1[0m _identify(log) by extension 'ignore'
[0.241s] [34mcolcon.colcon_core.package_identification[0m [1;30mLevel 1[0m _identify(log) ignored
[0.241s] [34mcolcon.colcon_core.package_identification[0m [1;30mLevel 1[0m _identify(src) by extensions ['ignore', 'ignore_ament_install']
[0.241s] [34mcolcon.colcon_core.package_identification[0m [1;30mLevel 1[0m _identify(src) by extension 'ignore'
[0.241s] [34mcolcon.colcon_core.package_identification[0m [1;30mLevel 1[0m _identify(src) by extension 'ignore_ament_install'
[0.241s] [34mcolcon.colcon_core.package_identification[0m [1;30mLevel 1[0m _identify(src) by extensions ['colcon_pkg']
[0.241s] [34mcolcon.colcon_core.package_identification[0m [1;30mLevel 1[0m _identify(src) by extension 'colcon_pkg'
[0.241s] [34mcolcon.colcon_core.package_identification[0m [1;30mLevel 1[0m _identify(src) by extensions ['colcon_meta']
[0.241s] [34mcolcon.colcon_core.package_identification[0m [1;30mLevel 1[0m _identify(src) by extension 'colcon_meta'
[0.241s] [34mcolcon.colcon_core.package_identification[0m [1;30mLevel 1[0m _identify(src) by extensions ['ros']
[0.241s] [34mcolcon.colcon_core.package_identification[0m [1;30mLevel 1[0m _identify(src) by extension 'ros'
[0.241s] [34mcolcon.colcon_core.package_identification[0m [1;30mLevel 1[0m _identify(src) by extensions ['cmake', 'python']
[0.242s] [34mcolcon.colcon_core.package_identification[0m [1;30mLevel 1[0m _identify(src) by extension 'cmake'
[0.242s] [34mcolcon.colcon_core.package_identification[0m [1;30mLevel 1[0m _identify(src) by extension 'python'
[0.242s] [34mcolcon.colcon_core.package_identification[0m [1;30mLevel 1[0m _identify(src) by extensions ['python_setup_py']
[0.242s] [34mcolcon.colcon_core.package_identification[0m [1;30mLevel 1[0m _identify(src) by extension 'python_setup_py'
[0.242s] [34mcolcon.colcon_core.package_identification[0m [1;30mLevel 1[0m _identify(src/drone_mpc) by extensions ['ignore', 'ignore_ament_install']
[0.242s] [34mcolcon.colcon_core.package_identification[0m [1;30mLevel 1[0m _identify(src/drone_mpc) by extension 'ignore'
[0.242s] [34mcolcon.colcon_core.package_identification[0m [1;30mLevel 1[0m _identify(src/drone_mpc) by extension 'ignore_ament_install'
[0.242s] [34mcolcon.colcon_core.package_identification[0m [1;30mLevel 1[0m _identify(src/drone_mpc) by extensions ['colcon_pkg']
[0.242s] [34mcolcon.colcon_core.package_identification[0m [1;30mLevel 1[0m _identify(src/drone_mpc) by extension 'colcon_pkg'
[0.242s] [34mcolcon.colcon_core.package_identification[0m [1;30mLevel 1[0m _identify(src/drone_mpc) by extensions ['colcon_meta']
[0.242s] [34mcolcon.colcon_core.package_identification[0m [1;30mLevel 1[0m _identify(src/drone_mpc) by extension 'colcon_meta'
[0.242s] [34mcolcon.colcon_core.package_identification[0m [1;30mLevel 1[0m _identify(src/drone_mpc) by extensions ['ros']
[0.242s] [34mcolcon.colcon_core.package_identification[0m [1;30mLevel 1[0m _identify(src/drone_mpc) by extension 'ros'
[0.244s] [34mcolcon.colcon_core.package_identification[0m [1;30mDEBUG[0m [32mPackage 'src/drone_mpc' with type 'ros.ament_cmake' and name 'drone_mpc'[0m
[0.244s] [34mcolcon.colcon_core.package_identification[0m [1;30mLevel 1[0m _identify(src/drone_simulator) by extensions ['ignore', 'ignore_ament_install']
[0.244s] [34mcolcon.colcon_core.package_identification[0m [1;30mLevel 1[0m _identify(src/drone_simulator) by extension 'ignore'
[0.244s] [34mcolcon.colcon_core.package_identification[0m [1;30mLevel 1[0m _identify(src/drone_simulator) by extension 'ignore_ament_install'
[0.244s] [34mcolcon.colcon_core.package_identification[0m [1;30mLevel 1[0m _identify(src/drone_simulator) by extensions ['colcon_pkg']
[0.244s] [34mcolcon.colcon_core.package_identification[0m [1;30mLevel 1[0m _identify(src/drone_simulator) by extension 'colcon_pkg'
[0.244s] [34mcolcon.colcon_core.package_identification[0m [1;30mLevel 1[0m _identify(src/drone_simulator) by extensions ['colcon_meta']
[0.244s] [34mcolcon.colcon_core.package_identification[0m [1;30mLevel 1[0m _identify(src/drone_simulator) by extension 'colcon_meta'
[0.244s] [34mcolcon.colcon_core.package_identification[0m [1;30mLevel 1[0m _identify(src/drone_simulator) by extensions ['ros']
[0.244s] [34mcolcon.colcon_core.package_identification[0m [1;30mLevel 1[0m _identify(src/drone_simulator) by extension 'ros'
[0.244s] [34mcolcon.colcon_core.package_identification[0m [1;30mDEBUG[0m [32mPackage 'src/drone_simulator' with type 'ros.ament_python' and name 'drone_simulator'[0m
[0.245s] [34mcolcon.colcon_core.package_identification[0m [1;30mLevel 1[0m _identify(src/global_planner) by extensions ['ignore', 'ignore_ament_install']
[0.245s] [34mcolcon.colcon_core.package_identification[0m [1;30mLevel 1[0m _identify(src/global_planner) by extension 'ignore'
[0.245s] [34mcolcon.colcon_core.package_identification[0m [1;30mLevel 1[0m _identify(src/global_planner) by extension 'ignore_ament_install'
[0.245s] [34mcolcon.colcon_core.package_identification[0m [1;30mLevel 1[0m _identify(src/global_planner) by extensions ['colcon_pkg']
[0.245s] [34mcolcon.colcon_core.package_identification[0m [1;30mLevel 1[0m _identify(src/global_planner) by extension 'colcon_pkg'
[0.245s] [34mcolcon.colcon_core.package_identification[0m [1;30mLevel 1[0m _identify(src/global_planner) by extensions ['colcon_meta']
[0.245s] [34mcolcon.colcon_core.package_identification[0m [1;30mLevel 1[0m _identify(src/global_planner) by extension 'colcon_meta'
[0.245s] [34mcolcon.colcon_core.package_identification[0m [1;30mLevel 1[0m _identify(src/global_planner) by extensions ['ros']
[0.245s] [34mcolcon.colcon_core.package_identification[0m [1;30mLevel 1[0m _identify(src/global_planner) by extension 'ros'
[0.245s] [34mcolcon.colcon_core.package_identification[0m [1;30mDEBUG[0m [32mPackage 'src/global_planner' with type 'ros.ament_python' and name 'global_planner'[0m
[0.245s] [34mcolcon.colcon_core.package_identification[0m [1;30mLevel 1[0m _identify(src/scenario_creator) by extensions ['ignore', 'ignore_ament_install']
[0.245s] [34mcolcon.colcon_core.package_identification[0m [1;30mLevel 1[0m _identify(src/scenario_creator) by extension 'ignore'
[0.245s] [34mcolcon.colcon_core.package_identification[0m [1;30mLevel 1[0m _identify(src/scenario_creator) by extension 'ignore_ament_install'
[0.245s] [34mcolcon.colcon_core.package_identification[0m [1;30mLevel 1[0m _identify(src/scenario_creator) by extensions ['colcon_pkg']
[0.245s] [34mcolcon.colcon_core.package_identification[0m [1;30mLevel 1[0m _identify(src/scenario_creator) by extension 'colcon_pkg'
[0.245s] [34mcolcon.colcon_core.package_identification[0m [1;30mLevel 1[0m _identify(src/scenario_creator) by extensions ['colcon_meta']
[0.245s] [34mcolcon.colcon_core.package_identification[0m [1;30mLevel 1[0m _identify(src/scenario_creator) by extension 'colcon_meta'
[0.246s] [34mcolcon.colcon_core.package_identification[0m [1;30mLevel 1[0m _identify(src/scenario_creator) by extensions ['ros']
[0.246s] [34mcolcon.colcon_core.package_identification[0m [1;30mLevel 1[0m _identify(src/scenario_creator) by extension 'ros'
[0.246s] [34mcolcon.colcon_core.package_identification[0m [1;30mDEBUG[0m [32mPackage 'src/scenario_creator' with type 'ros.ament_python' and name 'scenario_creator'[0m
[0.246s] [34mcolcon.colcon_core.package_discovery[0m [1;30mLevel 1[0m discover_packages(recursive) using defaults
[0.246s] [34mcolcon.colcon_core.package_discovery[0m [1;30mLevel 1[0m discover_packages(ignore) discover
[0.246s] [34mcolcon.colcon_core.package_discovery[0m [1;30mLevel 1[0m discover_packages(ignore) using defaults
[0.246s] [34mcolcon.colcon_core.package_discovery[0m [1;30mLevel 1[0m discover_packages(path) discover
[0.246s] [34mcolcon.colcon_core.package_discovery[0m [1;30mLevel 1[0m discover_packages(path) using defaults
[0.258s] [34mcolcon.colcon_core.package_discovery[0m [1;30mLevel 1[0m discover_packages(prefix_path) check parameters
[0.258s] [34mcolcon.colcon_core.package_discovery[0m [1;30mLevel 1[0m discover_packages(prefix_path) discover
[0.259s] [34mcolcon.colcon_core.prefix_path.colcon[0m [1;30mWARNING[0m [33mThe path '/home/antreas/MsC/Q2/RO47005/finalAssignment/RO47005-Project/ro47005_drone_simulator/install' in the environment variable COLCON_PREFIX_PATH doesn't exist[0m
[0.259s] [34mcolcon.colcon_ros.prefix_path.ament[0m [1;30mWARNING[0m [33mThe path '/home/antreas/MsC/Q2/RO47005/finalAssignment/RO47005-Project/ro47005_drone_simulator/install/scenario_creator' in the environment variable AMENT_PREFIX_PATH doesn't exist[0m
[0.259s] [34mcolcon.colcon_ros.prefix_path.ament[0m [1;30mWARNING[0m [33mThe path '/home/antreas/MsC/Q2/RO47005/finalAssignment/RO47005-Project/ro47005_drone_simulator/install/global_planner' in the environment variable AMENT_PREFIX_PATH doesn't exist[0m
[0.259s] [34mcolcon.colcon_ros.prefix_path.ament[0m [1;30mWARNING[0m [33mThe path '/home/antreas/MsC/Q2/RO47005/finalAssignment/RO47005-Project/ro47005_drone_simulator/install/drone_simulator' in the environment variable AMENT_PREFIX_PATH doesn't exist[0m
[0.259s] [34mcolcon.colcon_ros.prefix_path.ament[0m [1;30mWARNING[0m [33mThe path '/home/antreas/MsC/Q2/RO47005/finalAssignment/RO47005-Project/ro47005_drone_simulator/install/drone_mpc' in the environment variable AMENT_PREFIX_PATH doesn't exist[0m
[0.259s] [34mcolcon.colcon_ros.prefix_path.catkin[0m [1;30mWARNING[0m [33mThe path '/home/antreas/MsC/Q2/RO47005/finalAssignment/RO47005-Project/ro47005_drone_simulator/install/drone_mpc' in the environment variable CMAKE_PREFIX_PATH doesn't exist[0m
[0.260s] [34mcolcon.colcon_installed_package_information.package_discovery[0m [1;30mDEBUG[0m [32mFound 4 installed packages in /home/antreas/MsC/Q2/RO47005/finalAssignment/RO47005-Project/drone_ws/install[0m
[0.261s] [34mcolcon.colcon_installed_package_information.package_discovery[0m [1;30mDEBUG[0m [32mFound 301 installed packages in /opt/ros/humble[0m
[0.262s] [34mcolcon.colcon_core.package_discovery[0m [1;30mLevel 1[0m discover_packages(prefix_path) using defaults
[0.289s] [34mcolcon.colcon_core.verb[0m [1;30mLevel 5[0m set package 'drone_mpc' build argument 'cmake_args' from command line to 'None'
[0.289s] [34mcolcon.colcon_core.verb[0m [1;30mLevel 5[0m set package 'drone_mpc' build argument 'cmake_target' from command line to 'None'
[0.289s] [34mcolcon.colcon_core.verb[0m [1;30mLevel 5[0m set package 'drone_mpc' build argument 'cmake_target_skip_unavailable' from command line to 'False'
[0.289s] [34mcolcon.colcon_core.verb[0m [1;30mLevel 5[0m set package 'drone_mpc' build argument 'cmake_clean_cache' from command line to 'False'
[0.289s] [34mcolcon.colcon_core.verb[0m [1;30mLevel 5[0m set package 'drone_mpc' build argument 'cmake_clean_first' from command line to 'False'
[0.289s] [34mcolcon.colcon_core.verb[0m [1;30mLevel 5[0m set package 'drone_mpc' build argument 'cmake_force_configure' from command line to 'False'
[0.289s] [34mcolcon.colcon_core.verb[0m [1;30mLevel 5[0m set package 'drone_mpc' build argument 'ament_cmake_args' from command line to 'None'
[0.289s] [34mcolcon.colcon_core.verb[0m [1;30mLevel 5[0m set package 'drone_mpc' build argument 'catkin_cmake_args' from command line to 'None'
[0.289s] [34mcolcon.colcon_core.verb[0m [1;30mLevel 5[0m set package 'drone_mpc' build argument 'catkin_skip_building_tests' from command line to 'False'
[0.289s] [34mcolcon.colcon_core.verb[0m [1;30mDEBUG[0m [32mBuilding package 'drone_mpc' with the following arguments: {'ament_cmake_args': None, 'build_base': '/home/antreas/MsC/Q2/RO47005/finalAssignment/RO47005-Project/drone_ws/build/drone_mpc', 'catkin_cmake_args': None, 'catkin_skip_building_tests': False, 'cmake_args': None, 'cmake_clean_cache': False, 'cmake_clean_first': False, 'cmake_force_configure': False, 'cmake_target': None, 'cmake_target_skip_unavailable': False, 'install_base': '/home/antreas/MsC/Q2/RO47005/finalAssignment/RO47005-Project/drone_ws/install/drone_mpc', 'merge_install': False, 'path': '/home/antreas/MsC/Q2/RO47005/finalAssignment/RO47005-Project/drone_ws/src/drone_mpc', 'symlink_install': False, 'test_result_base': None}[0m
[0.290s] [34mcolcon.colcon_core.verb[0m [1;30mLevel 5[0m set package 'drone_simulator' build argument 'cmake_args' from command line to 'None'
[0.290s] [34mcolcon.colcon_core.verb[0m [1;30mLevel 5[0m set package 'drone_simulator' build argument 'cmake_target' from command line to 'None'
[0.290s] [34mcolcon.colcon_core.verb[0m [1;30mLevel 5[0m set package 'drone_simulator' build argument 'cmake_target_skip_unavailable' from command line to 'False'
[0.290s] [34mcolcon.colcon_core.verb[0m [1;30mLevel 5[0m set package 'drone_simulator' build argument 'cmake_clean_cache' from command line to 'False'
[0.290s] [34mcolcon.colcon_core.verb[0m [1;30mLevel 5[0m set package 'drone_simulator' build argument 'cmake_clean_first' from command line to 'False'
[0.290s] [34mcolcon.colcon_core.verb[0m [1;30mLevel 5[0m set package 'drone_simulator' build argument 'cmake_force_configure' from command line to 'False'
[0.290s] [34mcolcon.colcon_core.verb[0m [1;30mLevel 5[0m set package 'drone_simulator' build argument 'ament_cmake_args' from command line to 'None'
[0.290s] [34mcolcon.colcon_core.verb[0m [1;30mLevel 5[0m set package 'drone_simulator' build argument 'catkin_cmake_args' from command line to 'None'
[0.290s] [34mcolcon.colcon_core.verb[0m [1;30mLevel 5[0m set package 'drone_simulator' build argument 'catkin_skip_building_tests' from command line to 'False'
[0.290s] [34mcolcon.colcon_core.verb[0m [1;30mDEBUG[0m [32mBuilding package 'drone_simulator' with the following arguments: {'ament_cmake_args': None, 'build_base': '/home/antreas/MsC/Q2/RO47005/finalAssignment/RO47005-Project/drone_ws/build/drone_simulator', 'catkin_cmake_args': None, 'catkin_skip_building_tests': False, 'cmake_args': None, 'cmake_clean_cache': False, 'cmake_clean_first': False, 'cmake_force_configure': False, 'cmake_target': None, 'cmake_target_skip_unavailable': False, 'install_base': '/home/antreas/MsC/Q2/RO47005/finalAssignment/RO47005-Project/drone_ws/install/drone_simulator', 'merge_install': False, 'path': '/home/antreas/MsC/Q2/RO47005/finalAssignment/RO47005-Project/drone_ws/src/drone_simulator', 'symlink_install': False, 'test_result_base': None}[0m
[0.290s] [34mcolcon.colcon_core.verb[0m [1;30mLevel 5[0m set package 'global_planner' build argument 'cmake_args' from command line to 'None'
[0.290s] [34mcolcon.colcon_core.verb[0m [1;30mLevel 5[0m set package 'global_planner' build argument 'cmake_target' from command line to 'None'
[0.290s] [34mcolcon.colcon_core.verb[0m [1;30mLevel 5[0m set package 'global_planner' build argument 'cmake_target_skip_unavailable' from command line to 'False'
[0.290s] [34mcolcon.colcon_core.verb[0m [1;30mLevel 5[0m set package 'global_planner' build argument 'cmake_clean_cache' from command line to 'False'
[0.290s] [34mcolcon.colcon_core.verb[0m [1;30mLevel 5[0m set package 'global_planner' build argument 'cmake_clean_first' from command line to 'False'
[0.290s] [34mcolcon.colcon_core.verb[0m [1;30mLevel 5[0m set package 'global_planner' build argument 'cmake_force_configure' from command line to 'False'
[0.290s] [34mcolcon.colcon_core.verb[0m [1;30mLevel 5[0m set package 'global_planner' build argument 'ament_cmake_args' from command line to 'None'
[0.290s] [34mcolcon.colcon_core.verb[0m [1;30mLevel 5[0m set package 'global_planner' build argument 'catkin_cmake_args' from command line to 'None'
[0.290s] [34mcolcon.colcon_core.verb[0m [1;30mLevel 5[0m set package 'global_planner' build argument 'catkin_skip_building_tests' from command line to 'False'
[0.290s] [34mcolcon.colcon_core.verb[0m [1;30mDEBUG[0m [32mBuilding package 'global_planner' with the following arguments: {'ament_cmake_args': None, 'build_base': '/home/antreas/MsC/Q2/RO47005/finalAssignment/RO47005-Project/drone_ws/build/global_planner', 'catkin_cmake_args': None, 'catkin_skip_building_tests': False, 'cmake_args': None, 'cmake_clean_cache': False, 'cmake_clean_first': False, 'cmake_force_configure': False, 'cmake_target': None, 'cmake_target_skip_unavailable': False, 'install_base': '/home/antreas/MsC/Q2/RO47005/finalAssignment/RO47005-Project/drone_ws/install/global_planner', 'merge_install': False, 'path': '/home/antreas/MsC/Q2/RO47005/finalAssignment/RO47005-Project/drone_ws/src/global_planner', 'symlink_install': False, 'test_result_base': None}[0m
[0.291s] [34mcolcon.colcon_core.verb[0m [1;30mLevel 5[0m set package 'scenario_creator' build argument 'cmake_args' from command line to 'None'
[0.291s] [34mcolcon.colcon_core.verb[0m [1;30mLevel 5[0m set package 'scenario_creator' build argument 'cmake_target' from command line to 'None'
[0.291s] [34mcolcon.colcon_core.verb[0m [1;30mLevel 5[0m set package 'scenario_creator' build argument 'cmake_target_skip_unavailable' from command line to 'False'
[0.291s] [34mcolcon.colcon_core.verb[0m [1;30mLevel 5[0m set package 'scenario_creator' build argument 'cmake_clean_cache' from command line to 'False'
[0.291s] [34mcolcon.colcon_core.verb[0m [1;30mLevel 5[0m set package 'scenario_creator' build argument 'cmake_clean_first' from command line to 'False'
[0.291s] [34mcolcon.colcon_core.verb[0m [1;30mLevel 5[0m set package 'scenario_creator' build argument 'cmake_force_configure' from command line to 'False'
[0.291s] [34mcolcon.colcon_core.verb[0m [1;30mLevel 5[0m set package 'scenario_creator' build argument 'ament_cmake_args' from command line to 'None'
[0.291s] [34mcolcon.colcon_core.verb[0m [1;30mLevel 5[0m set package 'scenario_creator' build argument 'catkin_cmake_args' from command line to 'None'
[0.291s] [34mcolcon.colcon_core.verb[0m [1;30mLevel 5[0m set package 'scenario_creator' build argument 'catkin_skip_building_tests' from command line to 'False'
[0.291s] [34mcolcon.colcon_core.verb[0m [1;30mDEBUG[0m [32mBuilding package 'scenario_creator' with the following arguments: {'ament_cmake_args': None, 'build_base': '/home/antreas/MsC/Q2/RO47005/finalAssignment/RO47005-Project/drone_ws/build/scenario_creator', 'catkin_cmake_args': None, 'catkin_skip_building_tests': False, 'cmake_args': None, 'cmake_clean_cache': False, 'cmake_clean_first': False, 'cmake_force_configure': False, 'cmake_target': None, 'cmake_target_skip_unavailable': False, 'install_base': '/home/antreas/MsC/Q2/RO47005/finalAssignment/RO47005-Project/drone_ws/install/scenario_creator', 'merge_install': False, 'path': '/home/antreas/MsC/Q2/RO47005/finalAssignment/RO47005-Project/drone_ws/src/scenario_creator', 'symlink_install': False, 'test_result_base': None}[0m
[0.291s] [34mcolcon.colcon_core.executor[0m [1;30mINFO[0m Executing jobs using 'parallel' executor
[0.292s] [34mcolcon.colcon_parallel_executor.executor.parallel[0m [1;30mDEBUG[0m [32mrun_until_complete[0m
[0.292s] [34mcolcon.colcon_ros.task.ament_cmake.build[0m [1;30mINFO[0m Building ROS package in '/home/antreas/MsC/Q2/RO47005/finalAssignment/RO47005-Project/drone_ws/src/drone_mpc' with build type 'ament_cmake'
[0.292s] [34mcolcon.colcon_cmake.task.cmake.build[0m [1;30mINFO[0m Building CMake package in '/home/antreas/MsC/Q2/RO47005/finalAssignment/RO47005-Project/drone_ws/src/drone_mpc'
[0.294s] [34mcolcon.colcon_core.plugin_system[0m [1;30mINFO[0m Skipping extension 'colcon_core.shell.bat': Not used on non-Windows systems
[0.294s] [34mcolcon.colcon_core.shell[0m [1;30mINFO[0m Skip shell extension 'powershell' for command environment: Not usable outside of PowerShell
[0.294s] [34mcolcon.colcon_core.shell[0m [1;30mDEBUG[0m [32mSkip shell extension 'dsv' for command environment[0m
[0.297s] [34mcolcon.colcon_ros.task.ament_python.build[0m [1;30mINFO[0m Building ROS package in '/home/antreas/MsC/Q2/RO47005/finalAssignment/RO47005-Project/drone_ws/src/drone_simulator' with build type 'ament_python'
[0.297s] [34mcolcon.colcon_core.shell[0m [1;30mLevel 1[0m create_environment_hook('drone_simulator', 'ament_prefix_path')
[0.297s] [34mcolcon.colcon_core.shell[0m [1;30mINFO[0m Creating environment hook '/home/antreas/MsC/Q2/RO47005/finalAssignment/RO47005-Project/drone_ws/install/drone_simulator/share/drone_simulator/hook/ament_prefix_path.ps1'
[0.298s] [34mcolcon.colcon_core.shell[0m [1;30mINFO[0m Creating environment descriptor '/home/antreas/MsC/Q2/RO47005/finalAssignment/RO47005-Project/drone_ws/install/drone_simulator/share/drone_simulator/hook/ament_prefix_path.dsv'
[0.298s] [34mcolcon.colcon_core.shell[0m [1;30mINFO[0m Creating environment hook '/home/antreas/MsC/Q2/RO47005/finalAssignment/RO47005-Project/drone_ws/install/drone_simulator/share/drone_simulator/hook/ament_prefix_path.sh'
[0.299s] [34mcolcon.colcon_core.shell[0m [1;30mINFO[0m Skip shell extension 'powershell' for command environment: Not usable outside of PowerShell
[0.299s] [34mcolcon.colcon_core.shell[0m [1;30mDEBUG[0m [32mSkip shell extension 'dsv' for command environment[0m
[0.301s] [34mcolcon.colcon_ros.task.ament_python.build[0m [1;30mINFO[0m Building ROS package in '/home/antreas/MsC/Q2/RO47005/finalAssignment/RO47005-Project/drone_ws/src/global_planner' with build type 'ament_python'
[0.301s] [34mcolcon.colcon_core.shell[0m [1;30mLevel 1[0m create_environment_hook('global_planner', 'ament_prefix_path')
[0.301s] [34mcolcon.colcon_core.shell[0m [1;30mINFO[0m Creating environment hook '/home/antreas/MsC/Q2/RO47005/finalAssignment/RO47005-Project/drone_ws/install/global_planner/share/global_planner/hook/ament_prefix_path.ps1'
[0.302s] [34mcolcon.colcon_core.shell[0m [1;30mINFO[0m Creating environment descriptor '/home/antreas/MsC/Q2/RO47005/finalAssignment/RO47005-Project/drone_ws/install/global_planner/share/global_planner/hook/ament_prefix_path.dsv'
[0.302s] [34mcolcon.colcon_core.shell[0m [1;30mINFO[0m Creating environment hook '/home/antreas/MsC/Q2/RO47005/finalAssignment/RO47005-Project/drone_ws/install/global_planner/share/global_planner/hook/ament_prefix_path.sh'
[0.303s] [34mcolcon.colcon_core.shell[0m [1;30mINFO[0m Skip shell extension 'powershell' for command environment: Not usable outside of PowerShell
[0.303s] [34mcolcon.colcon_core.shell[0m [1;30mDEBUG[0m [32mSkip shell extension 'dsv' for command environment[0m
[0.305s] [34mcolcon.colcon_ros.task.ament_python.build[0m [1;30mINFO[0m Building ROS package in '/home/antreas/MsC/Q2/RO47005/finalAssignment/RO47005-Project/drone_ws/src/scenario_creator' with build type 'ament_python'
[0.305s] [34mcolcon.colcon_core.shell[0m [1;30mLevel 1[0m create_environment_hook('scenario_creator', 'ament_prefix_path')
[0.305s] [34mcolcon.colcon_core.shell[0m [1;30mINFO[0m Creating environment hook '/home/antreas/MsC/Q2/RO47005/finalAssignment/RO47005-Project/drone_ws/install/scenario_creator/share/scenario_creator/hook/ament_prefix_path.ps1'
[0.306s] [34mcolcon.colcon_core.shell[0m [1;30mINFO[0m Creating environment descriptor '/home/antreas/MsC/Q2/RO47005/finalAssignment/RO47005-Project/drone_ws/install/scenario_creator/share/scenario_creator/hook/ament_prefix_path.dsv'
[0.306s] [34mcolcon.colcon_core.shell[0m [1;30mINFO[0m Creating environment hook '/home/antreas/MsC/Q2/RO47005/finalAssignment/RO47005-Project/drone_ws/install/scenario_creator/share/scenario_creator/hook/ament_prefix_path.sh'
[0.306s] [34mcolcon.colcon_core.shell[0m [1;30mINFO[0m Skip shell extension 'powershell' for command environment: Not usable outside of PowerShell
[0.306s] [34mcolcon.colcon_core.shell[0m [1;30mDEBUG[0m [32mSkip shell extension 'dsv' for command environment[0m
[0.313s] [34mcolcon.colcon_core.event_handler.log_command[0m [1;30mDEBUG[0m [32mInvoking command in '/home/antreas/MsC/Q2/RO47005/finalAssignment/RO47005-Project/drone_ws/build/drone_mpc': CMAKE_PREFIX_PATH=${CMAKE_PREFIX_PATH}:/home/antreas/MsC/Q2/RO47005/finalAssignment/RO47005-Project/drone_ws/install/scenario_creator:/home/antreas/MsC/Q2/RO47005/finalAssignment/RO47005-Project/drone_ws/install/global_planner:/home/antreas/MsC/Q2/RO47005/finalAssignment/RO47005-Project/drone_ws/install/drone_simulator:/home/antreas/MsC/Q2/RO47005/finalAssignment/RO47005-Project/ro47005_drone_simulator/install/scenario_creator:/home/antreas/MsC/Q2/RO47005/finalAssignment/RO47005-Project/ro47005_drone_simulator/install/global_planner:/home/antreas/MsC/Q2/RO47005/finalAssignment/RO47005-Project/ro47005_drone_simulator/install/drone_simulator:/opt/ros/humble /home/antreas/.local/bin/cmake --build /home/antreas/MsC/Q2/RO47005/finalAssignment/RO47005-Project/drone_ws/build/drone_mpc -- -j8 -l8[0m
[0.533s] [34mcolcon.colcon_core.task.python.build[0m [1;30mINFO[0m Building Python package in '/home/antreas/MsC/Q2/RO47005/finalAssignment/RO47005-Project/drone_ws/src/drone_simulator'
[0.533s] [34mcolcon.colcon_core.shell[0m [1;30mINFO[0m Skip shell extension 'powershell' for command environment: Not usable outside of PowerShell
[0.533s] [34mcolcon.colcon_core.shell[0m [1;30mDEBUG[0m [32mSkip shell extension 'dsv' for command environment[0m
[0.748s] [34mcolcon.colcon_core.task.python.build[0m [1;30mINFO[0m Building Python package in '/home/antreas/MsC/Q2/RO47005/finalAssignment/RO47005-Project/drone_ws/src/global_planner'
[0.748s] [34mcolcon.colcon_core.shell[0m [1;30mINFO[0m Skip shell extension 'powershell' for command environment: Not usable outside of PowerShell
[0.748s] [34mcolcon.colcon_core.shell[0m [1;30mDEBUG[0m [32mSkip shell extension 'dsv' for command environment[0m
[0.954s] [34mcolcon.colcon_core.task.python.build[0m [1;30mINFO[0m Building Python package in '/home/antreas/MsC/Q2/RO47005/finalAssignment/RO47005-Project/drone_ws/src/scenario_creator'
[0.954s] [34mcolcon.colcon_core.shell[0m [1;30mINFO[0m Skip shell extension 'powershell' for command environment: Not usable outside of PowerShell
[0.955s] [34mcolcon.colcon_core.shell[0m [1;30mDEBUG[0m [32mSkip shell extension 'dsv' for command environment[0m
[0.958s] [34mcolcon.colcon_core.event_handler.log_command[0m [1;30mDEBUG[0m [32mInvoked command in '/home/antreas/MsC/Q2/RO47005/finalAssignment/RO47005-Project/drone_ws/build/drone_mpc' returned '0': CMAKE_PREFIX_PATH=${CMAKE_PREFIX_PATH}:/home/antreas/MsC/Q2/RO47005/finalAssignment/RO47005-Project/drone_ws/install/scenario_creator:/home/antreas/MsC/Q2/RO47005/finalAssignment/RO47005-Project/drone_ws/install/global_planner:/home/antreas/MsC/Q2/RO47005/finalAssignment/RO47005-Project/drone_ws/install/drone_simulator:/home/antreas/MsC/Q2/RO47005/finalAssignment/RO47005-Project/ro47005_drone_simulator/install/scenario_creator:/home/antreas/MsC/Q2/RO47005/finalAssignment/RO47005-Project/ro47005_drone_simulator/install/global_planner:/home/antreas/MsC/Q2/RO47005/finalAssignment/RO47005-Project/ro47005_drone_simulator/install/drone_simulator:/opt/ros/humble /home/antreas/.local/bin/cmake --build /home/antreas/MsC/Q2/RO47005/finalAssignment/RO47005-Project/drone_ws/build/drone_mpc -- -j8 -l8[0m
[1.060s] [34mcolcon.colcon_core.event_handler.log_command[0m [1;30mDEBUG[0m [32mInvoking command in '/home/antreas/MsC/Q2/RO47005/finalAssignment/RO47005-Project/drone_ws/build/drone_mpc': CMAKE_PREFIX_PATH=${CMAKE_PREFIX_PATH}:/home/antreas/MsC/Q2/RO47005/finalAssignment/RO47005-Project/drone_ws/install/scenario_creator:/home/antreas/MsC/Q2/RO47005/finalAssignment/RO47005-Project/drone_ws/install/global_planner:/home/antreas/MsC/Q2/RO47005/finalAssignment/RO47005-Project/drone_ws/install/drone_simulator:/home/antreas/MsC/Q2/RO47005/finalAssignment/RO47005-Project/ro47005_drone_simulator/install/scenario_creator:/home/antreas/MsC/Q2/RO47005/finalAssignment/RO47005-Project/ro47005_drone_simulator/install/global_planner:/home/antreas/MsC/Q2/RO47005/finalAssignment/RO47005-Project/ro47005_drone_simulator/install/drone_simulator:/opt/ros/humble /home/antreas/.local/bin/cmake --install /home/antreas/MsC/Q2/RO47005/finalAssignment/RO47005-Project/drone_ws/build/drone_mpc[0m
[1.106s] [34mcolcon.colcon_core.environment[0m [1;30mLevel 1[0m create_environment_scripts_only(drone_mpc)
[1.107s] [34mcolcon.colcon_core.event_handler.log_command[0m [1;30mDEBUG[0m [32mInvoked command in '/home/antreas/MsC/Q2/RO47005/finalAssignment/RO47005-Project/drone_ws/build/drone_mpc' returned '0': CMAKE_PREFIX_PATH=${CMAKE_PREFIX_PATH}:/home/antreas/MsC/Q2/RO47005/finalAssignment/RO47005-Project/drone_ws/install/scenario_creator:/home/antreas/MsC/Q2/RO47005/finalAssignment/RO47005-Project/drone_ws/install/global_planner:/home/antreas/MsC/Q2/RO47005/finalAssignment/RO47005-Project/drone_ws/install/drone_simulator:/home/antreas/MsC/Q2/RO47005/finalAssignment/RO47005-Project/ro47005_drone_simulator/install/scenario_creator:/home/antreas/MsC/Q2/RO47005/finalAssignment/RO47005-Project/ro47005_drone_simulator/install/global_planner:/home/antreas/MsC/Q2/RO47005/finalAssignment/RO47005-Project/ro47005_drone_simulator/install/drone_simulator:/opt/ros/humble /home/antreas/.local/bin/cmake --install /home/antreas/MsC/Q2/RO47005/finalAssignment/RO47005-Project/drone_ws/build/drone_mpc[0m
[1.110s] [34mcolcon.colcon_core.environment[0m [1;30mLevel 1[0m checking '/home/antreas/MsC/Q2/RO47005/finalAssignment/RO47005-Project/drone_ws/install/drone_mpc' for CMake module files
[1.111s] [34mcolcon.colcon_core.environment[0m [1;30mLevel 1[0m checking '/home/antreas/MsC/Q2/RO47005/finalAssignment/RO47005-Project/drone_ws/install/drone_mpc' for CMake config files
[1.112s] [34mcolcon.colcon_core.shell[0m [1;30mLevel 1[0m create_environment_hook('drone_mpc', 'cmake_prefix_path')
[1.112s] [34mcolcon.colcon_core.shell[0m [1;30mINFO[0m Creating environment hook '/home/antreas/MsC/Q2/RO47005/finalAssignment/RO47005-Project/drone_ws/install/drone_mpc/share/drone_mpc/hook/cmake_prefix_path.ps1'
[1.113s] [34mcolcon.colcon_core.shell[0m [1;30mINFO[0m Creating environment descriptor '/home/antreas/MsC/Q2/RO47005/finalAssignment/RO47005-Project/drone_ws/install/drone_mpc/share/drone_mpc/hook/cmake_prefix_path.dsv'
[1.114s] [34mcolcon.colcon_core.shell[0m [1;30mINFO[0m Creating environment hook '/home/antreas/MsC/Q2/RO47005/finalAssignment/RO47005-Project/drone_ws/install/drone_mpc/share/drone_mpc/hook/cmake_prefix_path.sh'
[1.115s] [34mcolcon.colcon_core.environment[0m [1;30mLevel 1[0m checking '/home/antreas/MsC/Q2/RO47005/finalAssignment/RO47005-Project/drone_ws/install/drone_mpc/bin'
[1.115s] [34mcolcon.colcon_core.environment[0m [1;30mLevel 1[0m checking '/home/antreas/MsC/Q2/RO47005/finalAssignment/RO47005-Project/drone_ws/install/drone_mpc/lib/pkgconfig/drone_mpc.pc'
[1.115s] [34mcolcon.colcon_core.environment[0m [1;30mLevel 1[0m checking '/home/antreas/MsC/Q2/RO47005/finalAssignment/RO47005-Project/drone_ws/install/drone_mpc/lib/python3.10/site-packages'
[1.116s] [34mcolcon.colcon_core.environment[0m [1;30mLevel 1[0m checking '/home/antreas/MsC/Q2/RO47005/finalAssignment/RO47005-Project/drone_ws/install/drone_mpc/bin'
[1.116s] [34mcolcon.colcon_core.shell[0m [1;30mINFO[0m Creating package script '/home/antreas/MsC/Q2/RO47005/finalAssignment/RO47005-Project/drone_ws/install/drone_mpc/share/drone_mpc/package.ps1'
[1.118s] [34mcolcon.colcon_core.shell[0m [1;30mINFO[0m Creating package descriptor '/home/antreas/MsC/Q2/RO47005/finalAssignment/RO47005-Project/drone_ws/install/drone_mpc/share/drone_mpc/package.dsv'
[1.119s] [34mcolcon.colcon_core.shell[0m [1;30mINFO[0m Creating package script '/home/antreas/MsC/Q2/RO47005/finalAssignment/RO47005-Project/drone_ws/install/drone_mpc/share/drone_mpc/package.sh'
[1.120s] [34mcolcon.colcon_core.shell[0m [1;30mINFO[0m Creating package script '/home/antreas/MsC/Q2/RO47005/finalAssignment/RO47005-Project/drone_ws/install/drone_mpc/share/drone_mpc/package.bash'
[1.122s] [34mcolcon.colcon_core.shell[0m [1;30mINFO[0m Creating package script '/home/antreas/MsC/Q2/RO47005/finalAssignment/RO47005-Project/drone_ws/install/drone_mpc/share/drone_mpc/package.zsh'
[1.123s] [34mcolcon.colcon_core.environment[0m [1;30mLevel 1[0m create_file_with_runtime_dependencies(/home/antreas/MsC/Q2/RO47005/finalAssignment/RO47005-Project/drone_ws/install/drone_mpc/share/colcon-core/packages/drone_mpc)
[1.180s] [34mcolcon.colcon_core.environment[0m [1;30mLevel 1[0m create_environment_scripts_only(drone_mpc)
[1.181s] [34mcolcon.colcon_core.environment[0m [1;30mLevel 1[0m checking '/home/antreas/MsC/Q2/RO47005/finalAssignment/RO47005-Project/drone_ws/install/drone_mpc' for CMake module files
[1.181s] [34mcolcon.colcon_core.environment[0m [1;30mLevel 1[0m checking '/home/antreas/MsC/Q2/RO47005/finalAssignment/RO47005-Project/drone_ws/install/drone_mpc' for CMake config files
[1.182s] [34mcolcon.colcon_core.shell[0m [1;30mLevel 1[0m create_environment_hook('drone_mpc', 'cmake_prefix_path')
[1.182s] [34mcolcon.colcon_core.shell[0m [1;30mINFO[0m Creating environment hook '/home/antreas/MsC/Q2/RO47005/finalAssignment/RO47005-Project/drone_ws/install/drone_mpc/share/drone_mpc/hook/cmake_prefix_path.ps1'
[1.183s] [34mcolcon.colcon_core.shell[0m [1;30mINFO[0m Creating environment descriptor '/home/antreas/MsC/Q2/RO47005/finalAssignment/RO47005-Project/drone_ws/install/drone_mpc/share/drone_mpc/hook/cmake_prefix_path.dsv'
[1.184s] [34mcolcon.colcon_core.shell[0m [1;30mINFO[0m Creating environment hook '/home/antreas/MsC/Q2/RO47005/finalAssignment/RO47005-Project/drone_ws/install/drone_mpc/share/drone_mpc/hook/cmake_prefix_path.sh'
[1.184s] [34mcolcon.colcon_core.environment[0m [1;30mLevel 1[0m checking '/home/antreas/MsC/Q2/RO47005/finalAssignment/RO47005-Project/drone_ws/install/drone_mpc/bin'
[1.185s] [34mcolcon.colcon_core.environment[0m [1;30mLevel 1[0m checking '/home/antreas/MsC/Q2/RO47005/finalAssignment/RO47005-Project/drone_ws/install/drone_mpc/lib/pkgconfig/drone_mpc.pc'
[1.185s] [34mcolcon.colcon_core.environment[0m [1;30mLevel 1[0m checking '/home/antreas/MsC/Q2/RO47005/finalAssignment/RO47005-Project/drone_ws/install/drone_mpc/lib/python3.10/site-packages'
[1.185s] [34mcolcon.colcon_core.environment[0m [1;30mLevel 1[0m checking '/home/antreas/MsC/Q2/RO47005/finalAssignment/RO47005-Project/drone_ws/install/drone_mpc/bin'
[1.186s] [34mcolcon.colcon_core.shell[0m [1;30mINFO[0m Creating package script '/home/antreas/MsC/Q2/RO47005/finalAssignment/RO47005-Project/drone_ws/install/drone_mpc/share/drone_mpc/package.ps1'
[1.187s] [34mcolcon.colcon_core.shell[0m [1;30mINFO[0m Creating package descriptor '/home/antreas/MsC/Q2/RO47005/finalAssignment/RO47005-Project/drone_ws/install/drone_mpc/share/drone_mpc/package.dsv'
[1.187s] [34mcolcon.colcon_core.shell[0m [1;30mINFO[0m Creating package script '/home/antreas/MsC/Q2/RO47005/finalAssignment/RO47005-Project/drone_ws/install/drone_mpc/share/drone_mpc/package.sh'
[1.188s] [34mcolcon.colcon_core.shell[0m [1;30mINFO[0m Creating package script '/home/antreas/MsC/Q2/RO47005/finalAssignment/RO47005-Project/drone_ws/install/drone_mpc/share/drone_mpc/package.bash'
[1.189s] [34mcolcon.colcon_core.shell[0m [1;30mINFO[0m Creating package script '/home/antreas/MsC/Q2/RO47005/finalAssignment/RO47005-Project/drone_ws/install/drone_mpc/share/drone_mpc/package.zsh'
[1.189s] [34mcolcon.colcon_core.environment[0m [1;30mLevel 1[0m create_file_with_runtime_dependencies(/home/antreas/MsC/Q2/RO47005/finalAssignment/RO47005-Project/drone_ws/install/drone_mpc/share/colcon-core/packages/drone_mpc)
[1.474s] [34mcolcon.colcon_core.event_handler.log_command[0m [1;30mDEBUG[0m [32mInvoking command in '/home/antreas/MsC/Q2/RO47005/finalAssignment/RO47005-Project/drone_ws/src/drone_simulator': PYTHONPATH=/home/antreas/MsC/Q2/RO47005/finalAssignment/RO47005-Project/drone_ws/build/drone_simulator/prefix_override:/usr/lib/python3/dist-packages/colcon_core/task/python/colcon_distutils_commands:/home/antreas/MsC/Q2/RO47005/finalAssignment/RO47005-Project/drone_ws/install/drone_simulator/lib/python3.10/site-packages:${PYTHONPATH} /usr/bin/python3 -W ignore:setup.py install is deprecated setup.py egg_info --egg-base ../../build/drone_simulator build --build-base /home/antreas/MsC/Q2/RO47005/finalAssignment/RO47005-Project/drone_ws/build/drone_simulator/build install --record /home/antreas/MsC/Q2/RO47005/finalAssignment/RO47005-Project/drone_ws/build/drone_simulator/install.log --single-version-externally-managed install_data[0m
[1.478s] [34mcolcon.colcon_core.event_handler.log_command[0m [1;30mDEBUG[0m [32mInvoking command in '/home/antreas/MsC/Q2/RO47005/finalAssignment/RO47005-Project/drone_ws/src/scenario_creator': PYTHONPATH=/home/antreas/MsC/Q2/RO47005/finalAssignment/RO47005-Project/drone_ws/build/scenario_creator/prefix_override:/usr/lib/python3/dist-packages/colcon_core/task/python/colcon_distutils_commands:/home/antreas/MsC/Q2/RO47005/finalAssignment/RO47005-Project/drone_ws/install/scenario_creator/lib/python3.10/site-packages:${PYTHONPATH} /usr/bin/python3 -W ignore:setup.py install is deprecated setup.py egg_info --egg-base ../../build/scenario_creator build --build-base /home/antreas/MsC/Q2/RO47005/finalAssignment/RO47005-Project/drone_ws/build/scenario_creator/build install --record /home/antreas/MsC/Q2/RO47005/finalAssignment/RO47005-Project/drone_ws/build/scenario_creator/install.log --single-version-externally-managed install_data[0m
[1.487s] [34mcolcon.colcon_core.event_handler.log_command[0m [1;30mDEBUG[0m [32mInvoking command in '/home/antreas/MsC/Q2/RO47005/finalAssignment/RO47005-Project/drone_ws/src/global_planner': PYTHONPATH=/home/antreas/MsC/Q2/RO47005/finalAssignment/RO47005-Project/drone_ws/build/global_planner/prefix_override:/usr/lib/python3/dist-packages/colcon_core/task/python/colcon_distutils_commands:/home/antreas/MsC/Q2/RO47005/finalAssignment/RO47005-Project/drone_ws/install/global_planner/lib/python3.10/site-packages:${PYTHONPATH} /usr/bin/python3 -W ignore:setup.py install is deprecated setup.py egg_info --egg-base ../../build/global_planner build --build-base /home/antreas/MsC/Q2/RO47005/finalAssignment/RO47005-Project/drone_ws/build/global_planner/build install --record /home/antreas/MsC/Q2/RO47005/finalAssignment/RO47005-Project/drone_ws/build/global_planner/install.log --single-version-externally-managed install_data[0m
[1.828s] [34mcolcon.colcon_core.environment[0m [1;30mLevel 1[0m checking '/home/antreas/MsC/Q2/RO47005/finalAssignment/RO47005-Project/drone_ws/install/scenario_creator' for CMake module files
[1.828s] [34mcolcon.colcon_core.event_handler.log_command[0m [1;30mDEBUG[0m [32mInvoked command in '/home/antreas/MsC/Q2/RO47005/finalAssignment/RO47005-Project/drone_ws/src/scenario_creator' returned '0': PYTHONPATH=/home/antreas/MsC/Q2/RO47005/finalAssignment/RO47005-Project/drone_ws/build/scenario_creator/prefix_override:/usr/lib/python3/dist-packages/colcon_core/task/python/colcon_distutils_commands:/home/antreas/MsC/Q2/RO47005/finalAssignment/RO47005-Project/drone_ws/install/scenario_creator/lib/python3.10/site-packages:${PYTHONPATH} /usr/bin/python3 -W ignore:setup.py install is deprecated setup.py egg_info --egg-base ../../build/scenario_creator build --build-base /home/antreas/MsC/Q2/RO47005/finalAssignment/RO47005-Project/drone_ws/build/scenario_creator/build install --record /home/antreas/MsC/Q2/RO47005/finalAssignment/RO47005-Project/drone_ws/build/scenario_creator/install.log --single-version-externally-managed install_data[0m
[1.829s] [34mcolcon.colcon_core.environment[0m [1;30mLevel 1[0m checking '/home/antreas/MsC/Q2/RO47005/finalAssignment/RO47005-Project/drone_ws/install/scenario_creator' for CMake config files
[1.829s] [34mcolcon.colcon_core.environment[0m [1;30mLevel 1[0m checking '/home/antreas/MsC/Q2/RO47005/finalAssignment/RO47005-Project/drone_ws/install/scenario_creator/lib'
[1.830s] [34mcolcon.colcon_core.environment[0m [1;30mLevel 1[0m checking '/home/antreas/MsC/Q2/RO47005/finalAssignment/RO47005-Project/drone_ws/install/scenario_creator/bin'
[1.830s] [34mcolcon.colcon_core.environment[0m [1;30mLevel 1[0m checking '/home/antreas/MsC/Q2/RO47005/finalAssignment/RO47005-Project/drone_ws/install/scenario_creator/lib/pkgconfig/scenario_creator.pc'
[1.830s] [34mcolcon.colcon_core.environment[0m [1;30mLevel 1[0m checking '/home/antreas/MsC/Q2/RO47005/finalAssignment/RO47005-Project/drone_ws/install/scenario_creator/lib/python3.10/site-packages'
[1.830s] [34mcolcon.colcon_core.shell[0m [1;30mLevel 1[0m create_environment_hook('scenario_creator', 'pythonpath')
[1.830s] [34mcolcon.colcon_core.shell[0m [1;30mINFO[0m Creating environment hook '/home/antreas/MsC/Q2/RO47005/finalAssignment/RO47005-Project/drone_ws/install/scenario_creator/share/scenario_creator/hook/pythonpath.ps1'
[1.831s] [34mcolcon.colcon_core.shell[0m [1;30mINFO[0m Creating environment descriptor '/home/antreas/MsC/Q2/RO47005/finalAssignment/RO47005-Project/drone_ws/install/scenario_creator/share/scenario_creator/hook/pythonpath.dsv'
[1.831s] [34mcolcon.colcon_core.shell[0m [1;30mINFO[0m Creating environment hook '/home/antreas/MsC/Q2/RO47005/finalAssignment/RO47005-Project/drone_ws/install/scenario_creator/share/scenario_creator/hook/pythonpath.sh'
[1.832s] [34mcolcon.colcon_core.environment[0m [1;30mLevel 1[0m checking '/home/antreas/MsC/Q2/RO47005/finalAssignment/RO47005-Project/drone_ws/install/scenario_creator/bin'
[1.832s] [34mcolcon.colcon_core.environment[0m [1;30mLevel 1[0m create_environment_scripts_only(scenario_creator)
[1.832s] [34mcolcon.colcon_core.shell[0m [1;30mINFO[0m Creating package script '/home/antreas/MsC/Q2/RO47005/finalAssignment/RO47005-Project/drone_ws/install/scenario_creator/share/scenario_creator/package.ps1'
[1.833s] [34mcolcon.colcon_core.shell[0m [1;30mINFO[0m Creating package descriptor '/home/antreas/MsC/Q2/RO47005/finalAssignment/RO47005-Project/drone_ws/install/scenario_creator/share/scenario_creator/package.dsv'
[1.833s] [34mcolcon.colcon_core.shell[0m [1;30mINFO[0m Creating package script '/home/antreas/MsC/Q2/RO47005/finalAssignment/RO47005-Project/drone_ws/install/scenario_creator/share/scenario_creator/package.sh'
[1.834s] [34mcolcon.colcon_core.shell[0m [1;30mINFO[0m Creating package script '/home/antreas/MsC/Q2/RO47005/finalAssignment/RO47005-Project/drone_ws/install/scenario_creator/share/scenario_creator/package.bash'
[1.834s] [34mcolcon.colcon_core.shell[0m [1;30mINFO[0m Creating package script '/home/antreas/MsC/Q2/RO47005/finalAssignment/RO47005-Project/drone_ws/install/scenario_creator/share/scenario_creator/package.zsh'
[1.834s] [34mcolcon.colcon_core.environment[0m [1;30mLevel 1[0m create_file_with_runtime_dependencies(/home/antreas/MsC/Q2/RO47005/finalAssignment/RO47005-Project/drone_ws/install/scenario_creator/share/colcon-core/packages/scenario_creator)
[1.835s] [34mcolcon.colcon_core.environment[0m [1;30mLevel 1[0m checking '/home/antreas/MsC/Q2/RO47005/finalAssignment/RO47005-Project/drone_ws/install/drone_simulator' for CMake module files
[1.836s] [34mcolcon.colcon_core.event_handler.log_command[0m [1;30mDEBUG[0m [32mInvoked command in '/home/antreas/MsC/Q2/RO47005/finalAssignment/RO47005-Project/drone_ws/src/drone_simulator' returned '0': PYTHONPATH=/home/antreas/MsC/Q2/RO47005/finalAssignment/RO47005-Project/drone_ws/build/drone_simulator/prefix_override:/usr/lib/python3/dist-packages/colcon_core/task/python/colcon_distutils_commands:/home/antreas/MsC/Q2/RO47005/finalAssignment/RO47005-Project/drone_ws/install/drone_simulator/lib/python3.10/site-packages:${PYTHONPATH} /usr/bin/python3 -W ignore:setup.py install is deprecated setup.py egg_info --egg-base ../../build/drone_simulator build --build-base /home/antreas/MsC/Q2/RO47005/finalAssignment/RO47005-Project/drone_ws/build/drone_simulator/build install --record /home/antreas/MsC/Q2/RO47005/finalAssignment/RO47005-Project/drone_ws/build/drone_simulator/install.log --single-version-externally-managed install_data[0m
[1.836s] [34mcolcon.colcon_core.environment[0m [1;30mLevel 1[0m checking '/home/antreas/MsC/Q2/RO47005/finalAssignment/RO47005-Project/drone_ws/install/drone_simulator' for CMake config files
[1.837s] [34mcolcon.colcon_core.environment[0m [1;30mLevel 1[0m checking '/home/antreas/MsC/Q2/RO47005/finalAssignment/RO47005-Project/drone_ws/install/drone_simulator/lib'
[1.837s] [34mcolcon.colcon_core.environment[0m [1;30mLevel 1[0m checking '/home/antreas/MsC/Q2/RO47005/finalAssignment/RO47005-Project/drone_ws/install/drone_simulator/bin'
[1.837s] [34mcolcon.colcon_core.environment[0m [1;30mLevel 1[0m checking '/home/antreas/MsC/Q2/RO47005/finalAssignment/RO47005-Project/drone_ws/install/drone_simulator/lib/pkgconfig/drone_simulator.pc'
[1.837s] [34mcolcon.colcon_core.environment[0m [1;30mLevel 1[0m checking '/home/antreas/MsC/Q2/RO47005/finalAssignment/RO47005-Project/drone_ws/install/drone_simulator/lib/python3.10/site-packages'
[1.837s] [34mcolcon.colcon_core.shell[0m [1;30mLevel 1[0m create_environment_hook('drone_simulator', 'pythonpath')
[1.838s] [34mcolcon.colcon_core.shell[0m [1;30mINFO[0m Creating environment hook '/home/antreas/MsC/Q2/RO47005/finalAssignment/RO47005-Project/drone_ws/install/drone_simulator/share/drone_simulator/hook/pythonpath.ps1'
[1.838s] [34mcolcon.colcon_core.shell[0m [1;30mINFO[0m Creating environment descriptor '/home/antreas/MsC/Q2/RO47005/finalAssignment/RO47005-Project/drone_ws/install/drone_simulator/share/drone_simulator/hook/pythonpath.dsv'
[1.838s] [34mcolcon.colcon_core.shell[0m [1;30mINFO[0m Creating environment hook '/home/antreas/MsC/Q2/RO47005/finalAssignment/RO47005-Project/drone_ws/install/drone_simulator/share/drone_simulator/hook/pythonpath.sh'
[1.839s] [34mcolcon.colcon_core.environment[0m [1;30mLevel 1[0m checking '/home/antreas/MsC/Q2/RO47005/finalAssignment/RO47005-Project/drone_ws/install/drone_simulator/bin'
[1.839s] [34mcolcon.colcon_core.environment[0m [1;30mLevel 1[0m create_environment_scripts_only(drone_simulator)
[1.839s] [34mcolcon.colcon_core.shell[0m [1;30mINFO[0m Creating package script '/home/antreas/MsC/Q2/RO47005/finalAssignment/RO47005-Project/drone_ws/install/drone_simulator/share/drone_simulator/package.ps1'
[1.840s] [34mcolcon.colcon_core.shell[0m [1;30mINFO[0m Creating package descriptor '/home/antreas/MsC/Q2/RO47005/finalAssignment/RO47005-Project/drone_ws/install/drone_simulator/share/drone_simulator/package.dsv'
[1.840s] [34mcolcon.colcon_core.shell[0m [1;30mINFO[0m Creating package script '/home/antreas/MsC/Q2/RO47005/finalAssignment/RO47005-Project/drone_ws/install/drone_simulator/share/drone_simulator/package.sh'
[1.841s] [34mcolcon.colcon_core.shell[0m [1;30mINFO[0m Creating package script '/home/antreas/MsC/Q2/RO47005/finalAssignment/RO47005-Project/drone_ws/install/drone_simulator/share/drone_simulator/package.bash'
[1.841s] [34mcolcon.colcon_core.shell[0m [1;30mINFO[0m Creating package script '/home/antreas/MsC/Q2/RO47005/finalAssignment/RO47005-Project/drone_ws/install/drone_simulator/share/drone_simulator/package.zsh'
[1.842s] [34mcolcon.colcon_core.environment[0m [1;30mLevel 1[0m create_file_with_runtime_dependencies(/home/antreas/MsC/Q2/RO47005/finalAssignment/RO47005-Project/drone_ws/install/drone_simulator/share/colcon-core/packages/drone_simulator)
[1.844s] [34mcolcon.colcon_core.environment[0m [1;30mLevel 1[0m checking '/home/antreas/MsC/Q2/RO47005/finalAssignment/RO47005-Project/drone_ws/install/global_planner' for CMake module files
[1.845s] [34mcolcon.colcon_core.event_handler.log_command[0m [1;30mDEBUG[0m [32mInvoked command in '/home/antreas/MsC/Q2/RO47005/finalAssignment/RO47005-Project/drone_ws/src/global_planner' returned '0': PYTHONPATH=/home/antreas/MsC/Q2/RO47005/finalAssignment/RO47005-Project/drone_ws/build/global_planner/prefix_override:/usr/lib/python3/dist-packages/colcon_core/task/python/colcon_distutils_commands:/home/antreas/MsC/Q2/RO47005/finalAssignment/RO47005-Project/drone_ws/install/global_planner/lib/python3.10/site-packages:${PYTHONPATH} /usr/bin/python3 -W ignore:setup.py install is deprecated setup.py egg_info --egg-base ../../build/global_planner build --build-base /home/antreas/MsC/Q2/RO47005/finalAssignment/RO47005-Project/drone_ws/build/global_planner/build install --record /home/antreas/MsC/Q2/RO47005/finalAssignment/RO47005-Project/drone_ws/build/global_planner/install.log --single-version-externally-managed install_data[0m
[1.845s] [34mcolcon.colcon_core.environment[0m [1;30mLevel 1[0m checking '/home/antreas/MsC/Q2/RO47005/finalAssignment/RO47005-Project/drone_ws/install/global_planner' for CMake config files
[1.845s] [34mcolcon.colcon_core.environment[0m [1;30mLevel 1[0m checking '/home/antreas/MsC/Q2/RO47005/finalAssignment/RO47005-Project/drone_ws/install/global_planner/lib'
[1.845s] [34mcolcon.colcon_core.environment[0m [1;30mLevel 1[0m checking '/home/antreas/MsC/Q2/RO47005/finalAssignment/RO47005-Project/drone_ws/install/global_planner/bin'
[1.846s] [34mcolcon.colcon_core.environment[0m [1;30mLevel 1[0m checking '/home/antreas/MsC/Q2/RO47005/finalAssignment/RO47005-Project/drone_ws/install/global_planner/lib/pkgconfig/global_planner.pc'
[1.846s] [34mcolcon.colcon_core.environment[0m [1;30mLevel 1[0m checking '/home/antreas/MsC/Q2/RO47005/finalAssignment/RO47005-Project/drone_ws/install/global_planner/lib/python3.10/site-packages'
[1.846s] [34mcolcon.colcon_core.shell[0m [1;30mLevel 1[0m create_environment_hook('global_planner', 'pythonpath')
[1.846s] [34mcolcon.colcon_core.shell[0m [1;30mINFO[0m Creating environment hook '/home/antreas/MsC/Q2/RO47005/finalAssignment/RO47005-Project/drone_ws/install/global_planner/share/global_planner/hook/pythonpath.ps1'
[1.846s] [34mcolcon.colcon_core.shell[0m [1;30mINFO[0m Creating environment descriptor '/home/antreas/MsC/Q2/RO47005/finalAssignment/RO47005-Project/drone_ws/install/global_planner/share/global_planner/hook/pythonpath.dsv'
[1.847s] [34mcolcon.colcon_core.shell[0m [1;30mINFO[0m Creating environment hook '/home/antreas/MsC/Q2/RO47005/finalAssignment/RO47005-Project/drone_ws/install/global_planner/share/global_planner/hook/pythonpath.sh'
[1.847s] [34mcolcon.colcon_core.environment[0m [1;30mLevel 1[0m checking '/home/antreas/MsC/Q2/RO47005/finalAssignment/RO47005-Project/drone_ws/install/global_planner/bin'
[1.847s] [34mcolcon.colcon_core.environment[0m [1;30mLevel 1[0m create_environment_scripts_only(global_planner)
[1.848s] [34mcolcon.colcon_core.shell[0m [1;30mINFO[0m Creating package script '/home/antreas/MsC/Q2/RO47005/finalAssignment/RO47005-Project/drone_ws/install/global_planner/share/global_planner/package.ps1'
[1.848s] [34mcolcon.colcon_core.shell[0m [1;30mINFO[0m Creating package descriptor '/home/antreas/MsC/Q2/RO47005/finalAssignment/RO47005-Project/drone_ws/install/global_planner/share/global_planner/package.dsv'
[1.848s] [34mcolcon.colcon_core.shell[0m [1;30mINFO[0m Creating package script '/home/antreas/MsC/Q2/RO47005/finalAssignment/RO47005-Project/drone_ws/install/global_planner/share/global_planner/package.sh'
[1.849s] [34mcolcon.colcon_core.shell[0m [1;30mINFO[0m Creating package script '/home/antreas/MsC/Q2/RO47005/finalAssignment/RO47005-Project/drone_ws/install/global_planner/share/global_planner/package.bash'
[1.849s] [34mcolcon.colcon_core.shell[0m [1;30mINFO[0m Creating package script '/home/antreas/MsC/Q2/RO47005/finalAssignment/RO47005-Project/drone_ws/install/global_planner/share/global_planner/package.zsh'
[1.849s] [34mcolcon.colcon_core.environment[0m [1;30mLevel 1[0m create_file_with_runtime_dependencies(/home/antreas/MsC/Q2/RO47005/finalAssignment/RO47005-Project/drone_ws/install/global_planner/share/colcon-core/packages/global_planner)
[1.850s] [34mcolcon.colcon_parallel_executor.executor.parallel[0m [1;30mDEBUG[0m [32mclosing loop[0m
[1.850s] [34mcolcon.colcon_parallel_executor.executor.parallel[0m [1;30mDEBUG[0m [32mloop closed[0m
[1.850s] [34mcolcon.colcon_parallel_executor.executor.parallel[0m [1;30mDEBUG[0m [32mrun_until_complete finished with '0'[0m
[1.850s] [34mcolcon.colcon_core.event_reactor[0m [1;30mDEBUG[0m [32mjoining thread[0m
[1.855s] [34mcolcon.colcon_core.plugin_system[0m [1;30mINFO[0m Skipping extension 'colcon_notification.desktop_notification.terminal_notifier': Not used on non-Darwin systems
[1.855s] [34mcolcon.colcon_core.plugin_system[0m [1;30mINFO[0m Skipping extension 'colcon_notification.desktop_notification.win32': Not used on non-Windows systems
[1.855s] [34mcolcon.colcon_notification.desktop_notification[0m [1;30mINFO[0m Sending desktop notification using 'notify2'
[1.866s] [34mcolcon.colcon_core.event_reactor[0m [1;30mDEBUG[0m [32mjoined thread[0m
[1.866s] [34mcolcon.colcon_core.shell[0m [1;30mINFO[0m Creating prefix script '/home/antreas/MsC/Q2/RO47005/finalAssignment/RO47005-Project/drone_ws/install/local_setup.ps1'
[1.868s] [34mcolcon.colcon_core.shell[0m [1;30mINFO[0m Creating prefix util module '/home/antreas/MsC/Q2/RO47005/finalAssignment/RO47005-Project/drone_ws/install/_local_setup_util_ps1.py'
[1.869s] [34mcolcon.colcon_core.shell[0m [1;30mINFO[0m Creating prefix chain script '/home/antreas/MsC/Q2/RO47005/finalAssignment/RO47005-Project/drone_ws/install/setup.ps1'
[1.870s] [34mcolcon.colcon_core.shell[0m [1;30mINFO[0m Creating prefix script '/home/antreas/MsC/Q2/RO47005/finalAssignment/RO47005-Project/drone_ws/install/local_setup.sh'
[1.870s] [34mcolcon.colcon_core.shell[0m [1;30mINFO[0m Creating prefix util module '/home/antreas/MsC/Q2/RO47005/finalAssignment/RO47005-Project/drone_ws/install/_local_setup_util_sh.py'
[1.871s] [34mcolcon.colcon_core.shell[0m [1;30mINFO[0m Creating prefix chain script '/home/antreas/MsC/Q2/RO47005/finalAssignment/RO47005-Project/drone_ws/install/setup.sh'
[1.872s] [34mcolcon.colcon_core.shell[0m [1;30mINFO[0m Creating prefix script '/home/antreas/MsC/Q2/RO47005/finalAssignment/RO47005-Project/drone_ws/install/local_setup.bash'
[1.873s] [34mcolcon.colcon_core.shell[0m [1;30mINFO[0m Creating prefix chain script '/home/antreas/MsC/Q2/RO47005/finalAssignment/RO47005-Project/drone_ws/install/setup.bash'
[1.874s] [34mcolcon.colcon_core.shell[0m [1;30mINFO[0m Creating prefix script '/home/antreas/MsC/Q2/RO47005/finalAssignment/RO47005-Project/drone_ws/install/local_setup.zsh'
[1.874s] [34mcolcon.colcon_core.shell[0m [1;30mINFO[0m Creating prefix chain script '/home/antreas/MsC/Q2/RO47005/finalAssignment/RO47005-Project/drone_ws/install/setup.zsh'
