[1.780s] Invoking command in '/home/antreas/MsC/Q2/RO47005/finalAssignment/RO47005-Project/drone_ws/src/scenario_creator': PYTHONPATH=/home/antreas/MsC/Q2/RO47005/finalAssignment/RO47005-Project/build/scenario_creator/prefix_override:/usr/lib/python3/dist-packages/colcon_core/task/python/colcon_distutils_commands:/home/antreas/MsC/Q2/RO47005/finalAssignment/RO47005-Project/install/scenario_creator/lib/python3.10/site-packages:${PYTHONPATH} /usr/bin/python3 -W ignore:setup.py install is deprecated setup.py egg_info --egg-base ../../../build/scenario_creator build --build-base /home/antreas/MsC/Q2/RO47005/finalAssignment/RO47005-Project/build/scenario_creator/build install --record /home/antreas/MsC/Q2/RO47005/finalAssignment/RO47005-Project/build/scenario_creator/install.log --single-version-externally-managed install_data
[2.164s] running egg_info
[2.165s] creating ../../../build/scenario_creator/scenario_creator.egg-info
[2.166s] writing ../../../build/scenario_creator/scenario_creator.egg-info/PKG-INFO
[2.166s] writing dependency_links to ../../../build/scenario_creator/scenario_creator.egg-info/dependency_links.txt
[2.167s] writing entry points to ../../../build/scenario_creator/scenario_creator.egg-info/entry_points.txt
[2.167s] writing requirements to ../../../build/scenario_creator/scenario_creator.egg-info/requires.txt
[2.167s] writing top-level names to ../../../build/scenario_creator/scenario_creator.egg-info/top_level.txt
[2.167s] writing manifest file '../../../build/scenario_creator/scenario_creator.egg-info/SOURCES.txt'
[2.169s] reading manifest file '../../../build/scenario_creator/scenario_creator.egg-info/SOURCES.txt'
[2.170s] adding license file 'LICENSE'
[2.171s] writing manifest file '../../../build/scenario_creator/scenario_creator.egg-info/SOURCES.txt'
[2.171s] running build
[2.171s] running build_py
[2.171s] creating /home/antreas/MsC/Q2/RO47005/finalAssignment/RO47005-Project/build/scenario_creator/build
[2.171s] creating /home/antreas/MsC/Q2/RO47005/finalAssignment/RO47005-Project/build/scenario_creator/build/lib
[2.171s] creating /home/antreas/MsC/Q2/RO47005/finalAssignment/RO47005-Project/build/scenario_creator/build/lib/scenario_creator
[2.172s] copying scenario_creator/tests.py -> /home/antreas/MsC/Q2/RO47005/finalAssignment/RO47005-Project/build/scenario_creator/build/lib/scenario_creator
[2.172s] copying scenario_creator/drone_scenario.py -> /home/antreas/MsC/Q2/RO47005/finalAssignment/RO47005-Project/build/scenario_creator/build/lib/scenario_creator
[2.172s] copying scenario_creator/__init__.py -> /home/antreas/MsC/Q2/RO47005/finalAssignment/RO47005-Project/build/scenario_creator/build/lib/scenario_creator
[2.172s] running install
[2.172s] running install_lib
[2.173s] creating /home/antreas/MsC/Q2/RO47005/finalAssignment/RO47005-Project/install/scenario_creator/lib/python3.10/site-packages/scenario_creator
[2.173s] copying /home/antreas/MsC/Q2/RO47005/finalAssignment/RO47005-Project/build/scenario_creator/build/lib/scenario_creator/tests.py -> /home/antreas/MsC/Q2/RO47005/finalAssignment/RO47005-Project/install/scenario_creator/lib/python3.10/site-packages/scenario_creator
[2.173s] copying /home/antreas/MsC/Q2/RO47005/finalAssignment/RO47005-Project/build/scenario_creator/build/lib/scenario_creator/drone_scenario.py -> /home/antreas/MsC/Q2/RO47005/finalAssignment/RO47005-Project/install/scenario_creator/lib/python3.10/site-packages/scenario_creator
[2.173s] copying /home/antreas/MsC/Q2/RO47005/finalAssignment/RO47005-Project/build/scenario_creator/build/lib/scenario_creator/__init__.py -> /home/antreas/MsC/Q2/RO47005/finalAssignment/RO47005-Project/install/scenario_creator/lib/python3.10/site-packages/scenario_creator
[2.174s] byte-compiling /home/antreas/MsC/Q2/RO47005/finalAssignment/RO47005-Project/install/scenario_creator/lib/python3.10/site-packages/scenario_creator/tests.py to tests.cpython-310.pyc
[2.175s] byte-compiling /home/antreas/MsC/Q2/RO47005/finalAssignment/RO47005-Project/install/scenario_creator/lib/python3.10/site-packages/scenario_creator/drone_scenario.py to drone_scenario.cpython-310.pyc
[2.177s] byte-compiling /home/antreas/MsC/Q2/RO47005/finalAssignment/RO47005-Project/install/scenario_creator/lib/python3.10/site-packages/scenario_creator/__init__.py to __init__.cpython-310.pyc
[2.177s] running install_data
[2.178s] creating /home/antreas/MsC/Q2/RO47005/finalAssignment/RO47005-Project/install/scenario_creator/share/ament_index
[2.178s] creating /home/antreas/MsC/Q2/RO47005/finalAssignment/RO47005-Project/install/scenario_creator/share/ament_index/resource_index
[2.178s] creating /home/antreas/MsC/Q2/RO47005/finalAssignment/RO47005-Project/install/scenario_creator/share/ament_index/resource_index/packages
[2.178s] copying resource/scenario_creator -> /home/antreas/MsC/Q2/RO47005/finalAssignment/RO47005-Project/install/scenario_creator/share/ament_index/resource_index/packages
[2.178s] copying package.xml -> /home/antreas/MsC/Q2/RO47005/finalAssignment/RO47005-Project/install/scenario_creator/share/scenario_creator
[2.178s] running install_egg_info
[2.180s] Copying ../../../build/scenario_creator/scenario_creator.egg-info to /home/antreas/MsC/Q2/RO47005/finalAssignment/RO47005-Project/install/scenario_creator/lib/python3.10/site-packages/scenario_creator-0.0.0-py3.10.egg-info
[2.181s] running install_scripts
[2.210s] writing list of installed files to '/home/antreas/MsC/Q2/RO47005/finalAssignment/RO47005-Project/build/scenario_creator/install.log'
[2.253s] Invoked command in '/home/antreas/MsC/Q2/RO47005/finalAssignment/RO47005-Project/drone_ws/src/scenario_creator' returned '0': PYTHONPATH=/home/antreas/MsC/Q2/RO47005/finalAssignment/RO47005-Project/build/scenario_creator/prefix_override:/usr/lib/python3/dist-packages/colcon_core/task/python/colcon_distutils_commands:/home/antreas/MsC/Q2/RO47005/finalAssignment/RO47005-Project/install/scenario_creator/lib/python3.10/site-packages:${PYTHONPATH} /usr/bin/python3 -W ignore:setup.py install is deprecated setup.py egg_info --egg-base ../../../build/scenario_creator build --build-base /home/antreas/MsC/Q2/RO47005/finalAssignment/RO47005-Project/build/scenario_creator/build install --record /home/antreas/MsC/Q2/RO47005/finalAssignment/RO47005-Project/build/scenario_creator/install.log --single-version-externally-managed install_data
