running egg_info
creating ../../../build/drone_mpc_python/drone_mpc_python.egg-info
writing ../../../build/drone_mpc_python/drone_mpc_python.egg-info/PKG-INFO
writing dependency_links to ../../../build/drone_mpc_python/drone_mpc_python.egg-info/dependency_links.txt
writing entry points to ../../../build/drone_mpc_python/drone_mpc_python.egg-info/entry_points.txt
writing requirements to ../../../build/drone_mpc_python/drone_mpc_python.egg-info/requires.txt
writing top-level names to ../../../build/drone_mpc_python/drone_mpc_python.egg-info/top_level.txt
writing manifest file '../../../build/drone_mpc_python/drone_mpc_python.egg-info/SOURCES.txt'
reading manifest file '../../../build/drone_mpc_python/drone_mpc_python.egg-info/SOURCES.txt'
adding license file 'LICENSE'
writing manifest file '../../../build/drone_mpc_python/drone_mpc_python.egg-info/SOURCES.txt'
running build
running build_py
creating /home/antreas/MsC/Q2/RO47005/finalAssignment/RO47005-Project/build/drone_mpc_python/build
creating /home/antreas/MsC/Q2/RO47005/finalAssignment/RO47005-Project/build/drone_mpc_python/build/lib
creating /home/antreas/MsC/Q2/RO47005/finalAssignment/RO47005-Project/build/drone_mpc_python/build/lib/drone_mpc_python
copying drone_mpc_python/drone_mpc_python.py -> /home/antreas/MsC/Q2/RO47005/finalAssignment/RO47005-Project/build/drone_mpc_python/build/lib/drone_mpc_python
copying drone_mpc_python/drone_model.py -> /home/antreas/MsC/Q2/RO47005/finalAssignment/RO47005-Project/build/drone_mpc_python/build/lib/drone_mpc_python
copying drone_mpc_python/mpcDroneSolver.py -> /home/antreas/MsC/Q2/RO47005/finalAssignment/RO47005-Project/build/drone_mpc_python/build/lib/drone_mpc_python
copying drone_mpc_python/__init__.py -> /home/antreas/MsC/Q2/RO47005/finalAssignment/RO47005-Project/build/drone_mpc_python/build/lib/drone_mpc_python
running install
running install_lib
creating /home/antreas/MsC/Q2/RO47005/finalAssignment/RO47005-Project/install/drone_mpc_python/lib/python3.10/site-packages/drone_mpc_python
copying /home/antreas/MsC/Q2/RO47005/finalAssignment/RO47005-Project/build/drone_mpc_python/build/lib/drone_mpc_python/drone_mpc_python.py -> /home/antreas/MsC/Q2/RO47005/finalAssignment/RO47005-Project/install/drone_mpc_python/lib/python3.10/site-packages/drone_mpc_python
copying /home/antreas/MsC/Q2/RO47005/finalAssignment/RO47005-Project/build/drone_mpc_python/build/lib/drone_mpc_python/drone_model.py -> /home/antreas/MsC/Q2/RO47005/finalAssignment/RO47005-Project/install/drone_mpc_python/lib/python3.10/site-packages/drone_mpc_python
copying /home/antreas/MsC/Q2/RO47005/finalAssignment/RO47005-Project/build/drone_mpc_python/build/lib/drone_mpc_python/mpcDroneSolver.py -> /home/antreas/MsC/Q2/RO47005/finalAssignment/RO47005-Project/install/drone_mpc_python/lib/python3.10/site-packages/drone_mpc_python
copying /home/antreas/MsC/Q2/RO47005/finalAssignment/RO47005-Project/build/drone_mpc_python/build/lib/drone_mpc_python/__init__.py -> /home/antreas/MsC/Q2/RO47005/finalAssignment/RO47005-Project/install/drone_mpc_python/lib/python3.10/site-packages/drone_mpc_python
byte-compiling /home/antreas/MsC/Q2/RO47005/finalAssignment/RO47005-Project/install/drone_mpc_python/lib/python3.10/site-packages/drone_mpc_python/drone_mpc_python.py to drone_mpc_python.cpython-310.pyc
byte-compiling /home/antreas/MsC/Q2/RO47005/finalAssignment/RO47005-Project/install/drone_mpc_python/lib/python3.10/site-packages/drone_mpc_python/drone_model.py to drone_model.cpython-310.pyc
byte-compiling /home/antreas/MsC/Q2/RO47005/finalAssignment/RO47005-Project/install/drone_mpc_python/lib/python3.10/site-packages/drone_mpc_python/mpcDroneSolver.py to mpcDroneSolver.cpython-310.pyc
byte-compiling /home/antreas/MsC/Q2/RO47005/finalAssignment/RO47005-Project/install/drone_mpc_python/lib/python3.10/site-packages/drone_mpc_python/__init__.py to __init__.cpython-310.pyc
running install_data
creating /home/antreas/MsC/Q2/RO47005/finalAssignment/RO47005-Project/install/drone_mpc_python/share/ament_index
creating /home/antreas/MsC/Q2/RO47005/finalAssignment/RO47005-Project/install/drone_mpc_python/share/ament_index/resource_index
creating /home/antreas/MsC/Q2/RO47005/finalAssignment/RO47005-Project/install/drone_mpc_python/share/ament_index/resource_index/packages
copying resource/drone_mpc_python -> /home/antreas/MsC/Q2/RO47005/finalAssignment/RO47005-Project/install/drone_mpc_python/share/ament_index/resource_index/packages
copying package.xml -> /home/antreas/MsC/Q2/RO47005/finalAssignment/RO47005-Project/install/drone_mpc_python/share/drone_mpc_python
running install_egg_info
Copying ../../../build/drone_mpc_python/drone_mpc_python.egg-info to /home/antreas/MsC/Q2/RO47005/finalAssignment/RO47005-Project/install/drone_mpc_python/lib/python3.10/site-packages/drone_mpc_python-0.0.0-py3.10.egg-info
running install_scripts
Installing drone_mpc_python script to /home/antreas/MsC/Q2/RO47005/finalAssignment/RO47005-Project/install/drone_mpc_python/lib/drone_mpc_python
writing list of installed files to '/home/antreas/MsC/Q2/RO47005/finalAssignment/RO47005-Project/build/drone_mpc_python/install.log'
