[1.332s] Invoking command in '/home/antreas/MsC/Q2/RO47005/finalAssignment/RO47005-Project/drone_ws/src/scenario_creator': PYTHONPATH=/home/antreas/MsC/Q2/RO47005/finalAssignment/RO47005-Project/drone_ws/build/scenario_creator/prefix_override:/usr/lib/python3/dist-packages/colcon_core/task/python/colcon_distutils_commands:/home/antreas/MsC/Q2/RO47005/finalAssignment/RO47005-Project/drone_ws/install/scenario_creator/lib/python3.10/site-packages:${PYTHONPATH} /usr/bin/python3 -W ignore:setup.py install is deprecated setup.py egg_info --egg-base ../../build/scenario_creator build --build-base /home/antreas/MsC/Q2/RO47005/finalAssignment/RO47005-Project/drone_ws/build/scenario_creator/build install --record /home/antreas/MsC/Q2/RO47005/finalAssignment/RO47005-Project/drone_ws/build/scenario_creator/install.log --single-version-externally-managed install_data
[1.634s] running egg_info
[1.634s] creating ../../build/scenario_creator/scenario_creator.egg-info
[1.635s] writing ../../build/scenario_creator/scenario_creator.egg-info/PKG-INFO
[1.635s] writing dependency_links to ../../build/scenario_creator/scenario_creator.egg-info/dependency_links.txt
[1.635s] writing entry points to ../../build/scenario_creator/scenario_creator.egg-info/entry_points.txt
[1.635s] writing requirements to ../../build/scenario_creator/scenario_creator.egg-info/requires.txt
[1.635s] writing top-level names to ../../build/scenario_creator/scenario_creator.egg-info/top_level.txt
[1.636s] writing manifest file '../../build/scenario_creator/scenario_creator.egg-info/SOURCES.txt'
[1.638s] reading manifest file '../../build/scenario_creator/scenario_creator.egg-info/SOURCES.txt'
[1.638s] adding license file 'LICENSE'
[1.639s] writing manifest file '../../build/scenario_creator/scenario_creator.egg-info/SOURCES.txt'
[1.639s] running build
[1.639s] running build_py
[1.639s] creating /home/antreas/MsC/Q2/RO47005/finalAssignment/RO47005-Project/drone_ws/build/scenario_creator/build
[1.640s] creating /home/antreas/MsC/Q2/RO47005/finalAssignment/RO47005-Project/drone_ws/build/scenario_creator/build/lib
[1.640s] creating /home/antreas/MsC/Q2/RO47005/finalAssignment/RO47005-Project/drone_ws/build/scenario_creator/build/lib/scenario_creator
[1.640s] copying scenario_creator/__init__.py -> /home/antreas/MsC/Q2/RO47005/finalAssignment/RO47005-Project/drone_ws/build/scenario_creator/build/lib/scenario_creator
[1.640s] running install
[1.640s] running install_lib
[1.642s] creating /home/antreas/MsC/Q2/RO47005/finalAssignment/RO47005-Project/drone_ws/install/scenario_creator/lib/python3.10/site-packages/scenario_creator
[1.642s] copying /home/antreas/MsC/Q2/RO47005/finalAssignment/RO47005-Project/drone_ws/build/scenario_creator/build/lib/scenario_creator/__init__.py -> /home/antreas/MsC/Q2/RO47005/finalAssignment/RO47005-Project/drone_ws/install/scenario_creator/lib/python3.10/site-packages/scenario_creator
[1.643s] byte-compiling /home/antreas/MsC/Q2/RO47005/finalAssignment/RO47005-Project/drone_ws/install/scenario_creator/lib/python3.10/site-packages/scenario_creator/__init__.py to __init__.cpython-310.pyc
[1.643s] running install_data
[1.643s] creating /home/antreas/MsC/Q2/RO47005/finalAssignment/RO47005-Project/drone_ws/install/scenario_creator/share/ament_index
[1.643s] creating /home/antreas/MsC/Q2/RO47005/finalAssignment/RO47005-Project/drone_ws/install/scenario_creator/share/ament_index/resource_index
[1.643s] creating /home/antreas/MsC/Q2/RO47005/finalAssignment/RO47005-Project/drone_ws/install/scenario_creator/share/ament_index/resource_index/packages
[1.643s] copying resource/scenario_creator -> /home/antreas/MsC/Q2/RO47005/finalAssignment/RO47005-Project/drone_ws/install/scenario_creator/share/ament_index/resource_index/packages
[1.643s] copying package.xml -> /home/antreas/MsC/Q2/RO47005/finalAssignment/RO47005-Project/drone_ws/install/scenario_creator/share/scenario_creator
[1.644s] running install_egg_info
[1.646s] Copying ../../build/scenario_creator/scenario_creator.egg-info to /home/antreas/MsC/Q2/RO47005/finalAssignment/RO47005-Project/drone_ws/install/scenario_creator/lib/python3.10/site-packages/scenario_creator-0.0.0-py3.10.egg-info
[1.647s] running install_scripts
[1.670s] writing list of installed files to '/home/antreas/MsC/Q2/RO47005/finalAssignment/RO47005-Project/drone_ws/build/scenario_creator/install.log'
[1.694s] Invoked command in '/home/antreas/MsC/Q2/RO47005/finalAssignment/RO47005-Project/drone_ws/src/scenario_creator' returned '0': PYTHONPATH=/home/antreas/MsC/Q2/RO47005/finalAssignment/RO47005-Project/drone_ws/build/scenario_creator/prefix_override:/usr/lib/python3/dist-packages/colcon_core/task/python/colcon_distutils_commands:/home/antreas/MsC/Q2/RO47005/finalAssignment/RO47005-Project/drone_ws/install/scenario_creator/lib/python3.10/site-packages:${PYTHONPATH} /usr/bin/python3 -W ignore:setup.py install is deprecated setup.py egg_info --egg-base ../../build/scenario_creator build --build-base /home/antreas/MsC/Q2/RO47005/finalAssignment/RO47005-Project/drone_ws/build/scenario_creator/build install --record /home/antreas/MsC/Q2/RO47005/finalAssignment/RO47005-Project/drone_ws/build/scenario_creator/install.log --single-version-externally-managed install_data
