[0.019s] Invoking command in '/home/antreas/MsC/Q2/RO47005/finalAssignment/RO47005-Project/drone_ws/build/drone_mpc': CMAKE_PREFIX_PATH=${CMAKE_PREFIX_PATH}:/home/antreas/MsC/Q2/RO47005/finalAssignment/RO47005-Project/drone_ws/install/scenario_creator:/home/antreas/MsC/Q2/RO47005/finalAssignment/RO47005-Project/drone_ws/install/global_planner:/home/antreas/MsC/Q2/RO47005/finalAssignment/RO47005-Project/drone_ws/install/drone_simulator:/home/antreas/MsC/Q2/RO47005/finalAssignment/RO47005-Project/ro47005_drone_simulator/install/scenario_creator:/home/antreas/MsC/Q2/RO47005/finalAssignment/RO47005-Project/ro47005_drone_simulator/install/global_planner:/home/antreas/MsC/Q2/RO47005/finalAssignment/RO47005-Project/ro47005_drone_simulator/install/drone_simulator:/opt/ros/humble /home/antreas/.local/bin/cmake /home/antreas/MsC/Q2/RO47005/finalAssignment/RO47005-Project/drone_ws/src/drone_mpc -DCMAKE_INSTALL_PREFIX=/home/antreas/MsC/Q2/RO47005/finalAssignment/RO47005-Project/drone_ws/install/drone_mpc
[0.582s] -- The C compiler identification is GNU 11.4.0
[0.582s] -- The CXX compiler identification is GNU 11.4.0
[0.582s] -- Detecting C compiler ABI info
[0.582s] -- Detecting C compiler ABI info - done
[0.582s] -- Check for working C compiler: /usr/bin/cc - skipped
[0.582s] -- Detecting C compile features
[0.582s] -- Detecting C compile features - done
[0.582s] -- Detecting CXX compiler ABI info
[0.582s] -- Detecting CXX compiler ABI info - done
[0.582s] -- Check for working CXX compiler: /usr/bin/c++ - skipped
[0.582s] -- Detecting CXX compile features
[0.582s] -- Detecting CXX compile features - done
[0.582s] -- Found ament_cmake: 1.3.10 (/opt/ros/humble/share/ament_cmake/cmake)
[0.582s] -- Found Python3: /usr/bin/python3 (found version "3.10.12") found components: Interpreter 
[0.582s] -- Found ament_lint_auto: 0.12.11 (/opt/ros/humble/share/ament_lint_auto/cmake)
[0.615s] -- Added test 'lint_cmake' to check CMake code style
[0.616s] -- Added test 'xmllint' to check XML markup files
[0.618s] -- Configuring done (0.6s)
[0.621s] -- Generating done (0.0s)
[0.622s] -- Build files have been written to: /home/antreas/MsC/Q2/RO47005/finalAssignment/RO47005-Project/drone_ws/build/drone_mpc
[0.802s] Invoked command in '/home/antreas/MsC/Q2/RO47005/finalAssignment/RO47005-Project/drone_ws/build/drone_mpc' returned '0': CMAKE_PREFIX_PATH=${CMAKE_PREFIX_PATH}:/home/antreas/MsC/Q2/RO47005/finalAssignment/RO47005-Project/drone_ws/install/scenario_creator:/home/antreas/MsC/Q2/RO47005/finalAssignment/RO47005-Project/drone_ws/install/global_planner:/home/antreas/MsC/Q2/RO47005/finalAssignment/RO47005-Project/drone_ws/install/drone_simulator:/home/antreas/MsC/Q2/RO47005/finalAssignment/RO47005-Project/ro47005_drone_simulator/install/scenario_creator:/home/antreas/MsC/Q2/RO47005/finalAssignment/RO47005-Project/ro47005_drone_simulator/install/global_planner:/home/antreas/MsC/Q2/RO47005/finalAssignment/RO47005-Project/ro47005_drone_simulator/install/drone_simulator:/opt/ros/humble /home/antreas/.local/bin/cmake /home/antreas/MsC/Q2/RO47005/finalAssignment/RO47005-Project/drone_ws/src/drone_mpc -DCMAKE_INSTALL_PREFIX=/home/antreas/MsC/Q2/RO47005/finalAssignment/RO47005-Project/drone_ws/install/drone_mpc
[0.803s] Invoking command in '/home/antreas/MsC/Q2/RO47005/finalAssignment/RO47005-Project/drone_ws/build/drone_mpc': CMAKE_PREFIX_PATH=${CMAKE_PREFIX_PATH}:/home/antreas/MsC/Q2/RO47005/finalAssignment/RO47005-Project/drone_ws/install/scenario_creator:/home/antreas/MsC/Q2/RO47005/finalAssignment/RO47005-Project/drone_ws/install/global_planner:/home/antreas/MsC/Q2/RO47005/finalAssignment/RO47005-Project/drone_ws/install/drone_simulator:/home/antreas/MsC/Q2/RO47005/finalAssignment/RO47005-Project/ro47005_drone_simulator/install/scenario_creator:/home/antreas/MsC/Q2/RO47005/finalAssignment/RO47005-Project/ro47005_drone_simulator/install/global_planner:/home/antreas/MsC/Q2/RO47005/finalAssignment/RO47005-Project/ro47005_drone_simulator/install/drone_simulator:/opt/ros/humble /home/antreas/.local/bin/cmake --build /home/antreas/MsC/Q2/RO47005/finalAssignment/RO47005-Project/drone_ws/build/drone_mpc -- -j8 -l8
[0.859s] Invoked command in '/home/antreas/MsC/Q2/RO47005/finalAssignment/RO47005-Project/drone_ws/build/drone_mpc' returned '0': CMAKE_PREFIX_PATH=${CMAKE_PREFIX_PATH}:/home/antreas/MsC/Q2/RO47005/finalAssignment/RO47005-Project/drone_ws/install/scenario_creator:/home/antreas/MsC/Q2/RO47005/finalAssignment/RO47005-Project/drone_ws/install/global_planner:/home/antreas/MsC/Q2/RO47005/finalAssignment/RO47005-Project/drone_ws/install/drone_simulator:/home/antreas/MsC/Q2/RO47005/finalAssignment/RO47005-Project/ro47005_drone_simulator/install/scenario_creator:/home/antreas/MsC/Q2/RO47005/finalAssignment/RO47005-Project/ro47005_drone_simulator/install/global_planner:/home/antreas/MsC/Q2/RO47005/finalAssignment/RO47005-Project/ro47005_drone_simulator/install/drone_simulator:/opt/ros/humble /home/antreas/.local/bin/cmake --build /home/antreas/MsC/Q2/RO47005/finalAssignment/RO47005-Project/drone_ws/build/drone_mpc -- -j8 -l8
[0.964s] Invoking command in '/home/antreas/MsC/Q2/RO47005/finalAssignment/RO47005-Project/drone_ws/build/drone_mpc': CMAKE_PREFIX_PATH=${CMAKE_PREFIX_PATH}:/home/antreas/MsC/Q2/RO47005/finalAssignment/RO47005-Project/drone_ws/install/scenario_creator:/home/antreas/MsC/Q2/RO47005/finalAssignment/RO47005-Project/drone_ws/install/global_planner:/home/antreas/MsC/Q2/RO47005/finalAssignment/RO47005-Project/drone_ws/install/drone_simulator:/home/antreas/MsC/Q2/RO47005/finalAssignment/RO47005-Project/ro47005_drone_simulator/install/scenario_creator:/home/antreas/MsC/Q2/RO47005/finalAssignment/RO47005-Project/ro47005_drone_simulator/install/global_planner:/home/antreas/MsC/Q2/RO47005/finalAssignment/RO47005-Project/ro47005_drone_simulator/install/drone_simulator:/opt/ros/humble /home/antreas/.local/bin/cmake --install /home/antreas/MsC/Q2/RO47005/finalAssignment/RO47005-Project/drone_ws/build/drone_mpc
[1.015s] -- Install configuration: ""
[1.016s] -- Installing: /home/antreas/MsC/Q2/RO47005/finalAssignment/RO47005-Project/drone_ws/install/drone_mpc/share/ament_index/resource_index/package_run_dependencies/drone_mpc
[1.016s] -- Installing: /home/antreas/MsC/Q2/RO47005/finalAssignment/RO47005-Project/drone_ws/install/drone_mpc/share/ament_index/resource_index/parent_prefix_path/drone_mpc
[1.016s] -- Installing: /home/antreas/MsC/Q2/RO47005/finalAssignment/RO47005-Project/drone_ws/install/drone_mpc/share/drone_mpc/environment/ament_prefix_path.sh
[1.016s] -- Installing: /home/antreas/MsC/Q2/RO47005/finalAssignment/RO47005-Project/drone_ws/install/drone_mpc/share/drone_mpc/environment/ament_prefix_path.dsv
[1.016s] -- Installing: /home/antreas/MsC/Q2/RO47005/finalAssignment/RO47005-Project/drone_ws/install/drone_mpc/share/drone_mpc/environment/path.sh
[1.017s] -- Installing: /home/antreas/MsC/Q2/RO47005/finalAssignment/RO47005-Project/drone_ws/install/drone_mpc/share/drone_mpc/environment/path.dsv
[1.017s] -- Installing: /home/antreas/MsC/Q2/RO47005/finalAssignment/RO47005-Project/drone_ws/install/drone_mpc/share/drone_mpc/local_setup.bash
[1.017s] -- Installing: /home/antreas/MsC/Q2/RO47005/finalAssignment/RO47005-Project/drone_ws/install/drone_mpc/share/drone_mpc/local_setup.sh
[1.017s] -- Installing: /home/antreas/MsC/Q2/RO47005/finalAssignment/RO47005-Project/drone_ws/install/drone_mpc/share/drone_mpc/local_setup.zsh
[1.017s] -- Installing: /home/antreas/MsC/Q2/RO47005/finalAssignment/RO47005-Project/drone_ws/install/drone_mpc/share/drone_mpc/local_setup.dsv
[1.017s] -- Installing: /home/antreas/MsC/Q2/RO47005/finalAssignment/RO47005-Project/drone_ws/install/drone_mpc/share/drone_mpc/package.dsv
[1.017s] -- Installing: /home/antreas/MsC/Q2/RO47005/finalAssignment/RO47005-Project/drone_ws/install/drone_mpc/share/ament_index/resource_index/packages/drone_mpc
[1.018s] -- Installing: /home/antreas/MsC/Q2/RO47005/finalAssignment/RO47005-Project/drone_ws/install/drone_mpc/share/drone_mpc/cmake/drone_mpcConfig.cmake
[1.018s] -- Installing: /home/antreas/MsC/Q2/RO47005/finalAssignment/RO47005-Project/drone_ws/install/drone_mpc/share/drone_mpc/cmake/drone_mpcConfig-version.cmake
[1.018s] -- Installing: /home/antreas/MsC/Q2/RO47005/finalAssignment/RO47005-Project/drone_ws/install/drone_mpc/share/drone_mpc/package.xml
[1.026s] Invoked command in '/home/antreas/MsC/Q2/RO47005/finalAssignment/RO47005-Project/drone_ws/build/drone_mpc' returned '0': CMAKE_PREFIX_PATH=${CMAKE_PREFIX_PATH}:/home/antreas/MsC/Q2/RO47005/finalAssignment/RO47005-Project/drone_ws/install/scenario_creator:/home/antreas/MsC/Q2/RO47005/finalAssignment/RO47005-Project/drone_ws/install/global_planner:/home/antreas/MsC/Q2/RO47005/finalAssignment/RO47005-Project/drone_ws/install/drone_simulator:/home/antreas/MsC/Q2/RO47005/finalAssignment/RO47005-Project/ro47005_drone_simulator/install/scenario_creator:/home/antreas/MsC/Q2/RO47005/finalAssignment/RO47005-Project/ro47005_drone_simulator/install/global_planner:/home/antreas/MsC/Q2/RO47005/finalAssignment/RO47005-Project/ro47005_drone_simulator/install/drone_simulator:/opt/ros/humble /home/antreas/.local/bin/cmake --install /home/antreas/MsC/Q2/RO47005/finalAssignment/RO47005-Project/drone_ws/build/drone_mpc
