running egg_info
writing ../../build/drone_simulator/drone_simulator.egg-info/PKG-INFO
writing dependency_links to ../../build/drone_simulator/drone_simulator.egg-info/dependency_links.txt
writing entry points to ../../build/drone_simulator/drone_simulator.egg-info/entry_points.txt
writing requirements to ../../build/drone_simulator/drone_simulator.egg-info/requires.txt
writing top-level names to ../../build/drone_simulator/drone_simulator.egg-info/top_level.txt
reading manifest file '../../build/drone_simulator/drone_simulator.egg-info/SOURCES.txt'
adding license file 'LICENSE'
writing manifest file '../../build/drone_simulator/drone_simulator.egg-info/SOURCES.txt'
running build
running build_py
running install
running install_lib
running install_data
running install_egg_info
removing '/home/antreas/MsC/Q2/RO47005/finalAssignment/RO47005-Project/ro47005_drone_simulator/install/drone_simulator/lib/python3.10/site-packages/drone_simulator-0.0.0-py3.10.egg-info' (and everything under it)
Copying ../../build/drone_simulator/drone_simulator.egg-info to /home/antreas/MsC/Q2/RO47005/finalAssignment/RO47005-Project/ro47005_drone_simulator/install/drone_simulator/lib/python3.10/site-packages/drone_simulator-0.0.0-py3.10.egg-info
running install_scripts
Installing drone_simulator script to /home/antreas/MsC/Q2/RO47005/finalAssignment/RO47005-Project/ro47005_drone_simulator/install/drone_simulator/lib/drone_simulator
writing list of installed files to '/home/antreas/MsC/Q2/RO47005/finalAssignment/RO47005-Project/ro47005_drone_simulator/build/drone_simulator/install.log'
