[1.540s] Invoking command in '/home/antreas/MsC/Q2/RO47005/finalAssignment/RO47005-Project/ro47005_drone_simulator/src/drone_simulator': PYTHONPATH=/home/antreas/MsC/Q2/RO47005/finalAssignment/RO47005-Project/ro47005_drone_simulator/build/drone_simulator/prefix_override:/usr/lib/python3/dist-packages/colcon_core/task/python/colcon_distutils_commands:/home/antreas/MsC/Q2/RO47005/finalAssignment/RO47005-Project/ro47005_drone_simulator/install/drone_simulator/lib/python3.10/site-packages:${PYTHONPATH} /usr/bin/python3 -W ignore:setup.py install is deprecated setup.py egg_info --egg-base ../../build/drone_simulator build --build-base /home/antreas/MsC/Q2/RO47005/finalAssignment/RO47005-Project/ro47005_drone_simulator/build/drone_simulator/build install --record /home/antreas/MsC/Q2/RO47005/finalAssignment/RO47005-Project/ro47005_drone_simulator/build/drone_simulator/install.log --single-version-externally-managed install_data
[1.837s] running egg_info
[1.838s] writing ../../build/drone_simulator/drone_simulator.egg-info/PKG-INFO
[1.838s] writing dependency_links to ../../build/drone_simulator/drone_simulator.egg-info/dependency_links.txt
[1.838s] writing entry points to ../../build/drone_simulator/drone_simulator.egg-info/entry_points.txt
[1.839s] writing requirements to ../../build/drone_simulator/drone_simulator.egg-info/requires.txt
[1.839s] writing top-level names to ../../build/drone_simulator/drone_simulator.egg-info/top_level.txt
[1.841s] reading manifest file '../../build/drone_simulator/drone_simulator.egg-info/SOURCES.txt'
[1.842s] adding license file 'LICENSE'
[1.842s] writing manifest file '../../build/drone_simulator/drone_simulator.egg-info/SOURCES.txt'
[1.843s] running build
[1.843s] running build_py
[1.843s] running install
[1.843s] running install_lib
[1.845s] running install_data
[1.846s] running install_egg_info
[1.848s] removing '/home/antreas/MsC/Q2/RO47005/finalAssignment/RO47005-Project/ro47005_drone_simulator/install/drone_simulator/lib/python3.10/site-packages/drone_simulator-0.0.0-py3.10.egg-info' (and everything under it)
[1.849s] Copying ../../build/drone_simulator/drone_simulator.egg-info to /home/antreas/MsC/Q2/RO47005/finalAssignment/RO47005-Project/ro47005_drone_simulator/install/drone_simulator/lib/python3.10/site-packages/drone_simulator-0.0.0-py3.10.egg-info
[1.850s] running install_scripts
[1.873s] Installing drone_simulator script to /home/antreas/MsC/Q2/RO47005/finalAssignment/RO47005-Project/ro47005_drone_simulator/install/drone_simulator/lib/drone_simulator
[1.873s] writing list of installed files to '/home/antreas/MsC/Q2/RO47005/finalAssignment/RO47005-Project/ro47005_drone_simulator/build/drone_simulator/install.log'
[1.896s] Invoked command in '/home/antreas/MsC/Q2/RO47005/finalAssignment/RO47005-Project/ro47005_drone_simulator/src/drone_simulator' returned '0': PYTHONPATH=/home/antreas/MsC/Q2/RO47005/finalAssignment/RO47005-Project/ro47005_drone_simulator/build/drone_simulator/prefix_override:/usr/lib/python3/dist-packages/colcon_core/task/python/colcon_distutils_commands:/home/antreas/MsC/Q2/RO47005/finalAssignment/RO47005-Project/ro47005_drone_simulator/install/drone_simulator/lib/python3.10/site-packages:${PYTHONPATH} /usr/bin/python3 -W ignore:setup.py install is deprecated setup.py egg_info --egg-base ../../build/drone_simulator build --build-base /home/antreas/MsC/Q2/RO47005/finalAssignment/RO47005-Project/ro47005_drone_simulator/build/drone_simulator/build install --record /home/antreas/MsC/Q2/RO47005/finalAssignment/RO47005-Project/ro47005_drone_simulator/build/drone_simulator/install.log --single-version-externally-managed install_data
