[0.122s] DEBUG:colcon:Command line arguments: ['/usr/bin/colcon', 'build']
[0.123s] DEBUG:colcon:Parsed command line arguments: Namespace(log_base=None, log_level=None, verb_name='build', build_base='build', install_base='install', merge_install=False, symlink_install=False, test_result_base=None, continue_on_error=False, executor='parallel', parallel_workers=12, event_handlers=None, ignore_user_meta=False, metas=['./colcon.meta'], base_paths=['.'], packages_ignore=None, packages_ignore_regex=None, paths=None, packages_up_to=None, packages_up_to_regex=None, packages_above=None, packages_above_and_dependencies=None, packages_above_depth=None, packages_select_by_dep=None, packages_skip_by_dep=None, packages_skip_up_to=None, packages_select_build_failed=False, packages_skip_build_finished=False, packages_select_test_failures=False, packages_skip_test_passed=False, packages_select=None, packages_skip=None, packages_select_regex=None, packages_skip_regex=None, packages_start=None, packages_end=None, allow_overriding=[], cmake_args=None, cmake_target=None, cmake_target_skip_unavailable=False, cmake_clean_cache=False, cmake_clean_first=False, cmake_force_configure=False, ament_cmake_args=None, catkin_cmake_args=None, catkin_skip_building_tests=False, mixin_files=None, mixin=None, verb_parser=<colcon_mixin.mixin.mixin_argument.MixinArgumentDecorator object at 0x7767cd53a2f0>, verb_extension=<colcon_core.verb.build.BuildVerb object at 0x7767cd639f30>, main=<bound method BuildVerb.main of <colcon_core.verb.build.BuildVerb object at 0x7767cd639f30>>, mixin_verb=('build',))
[0.317s] Level 1:colcon.colcon_core.package_discovery:discover_packages(colcon_meta) check parameters
[0.317s] Level 1:colcon.colcon_core.package_discovery:discover_packages(recursive) check parameters
[0.317s] Level 1:colcon.colcon_core.package_discovery:discover_packages(ignore) check parameters
[0.317s] Level 1:colcon.colcon_core.package_discovery:discover_packages(path) check parameters
[0.317s] Level 1:colcon.colcon_core.package_discovery:discover_packages(colcon_meta) discover
[0.317s] Level 1:colcon.colcon_core.package_discovery:discover_packages(recursive) discover
[0.317s] INFO:colcon.colcon_core.package_discovery:Crawling recursively for packages in '/home/mukil/MSc_Robotics/Quarter2/Planning_&_Decision_Making_(RO47005)/Project/RO47005-Project/drone_ws'
[0.317s] Level 1:colcon.colcon_core.package_identification:_identify(.) by extensions ['ignore', 'ignore_ament_install']
[0.318s] Level 1:colcon.colcon_core.package_identification:_identify(.) by extension 'ignore'
[0.318s] Level 1:colcon.colcon_core.package_identification:_identify(.) by extension 'ignore_ament_install'
[0.318s] Level 1:colcon.colcon_core.package_identification:_identify(.) by extensions ['colcon_pkg']
[0.318s] Level 1:colcon.colcon_core.package_identification:_identify(.) by extension 'colcon_pkg'
[0.318s] Level 1:colcon.colcon_core.package_identification:_identify(.) by extensions ['colcon_meta']
[0.318s] Level 1:colcon.colcon_core.package_identification:_identify(.) by extension 'colcon_meta'
[0.318s] Level 1:colcon.colcon_core.package_identification:_identify(.) by extensions ['ros']
[0.318s] Level 1:colcon.colcon_core.package_identification:_identify(.) by extension 'ros'
[0.333s] Level 1:colcon.colcon_core.package_identification:_identify(.) by extensions ['cmake', 'python']
[0.333s] Level 1:colcon.colcon_core.package_identification:_identify(.) by extension 'cmake'
[0.333s] Level 1:colcon.colcon_core.package_identification:_identify(.) by extension 'python'
[0.333s] Level 1:colcon.colcon_core.package_identification:_identify(.) by extensions ['python_setup_py']
[0.333s] Level 1:colcon.colcon_core.package_identification:_identify(.) by extension 'python_setup_py'
[0.333s] Level 1:colcon.colcon_core.package_identification:_identify(build) by extensions ['ignore', 'ignore_ament_install']
[0.334s] Level 1:colcon.colcon_core.package_identification:_identify(build) by extension 'ignore'
[0.334s] Level 1:colcon.colcon_core.package_identification:_identify(build) ignored
[0.334s] Level 1:colcon.colcon_core.package_identification:_identify(install) by extensions ['ignore', 'ignore_ament_install']
[0.334s] Level 1:colcon.colcon_core.package_identification:_identify(install) by extension 'ignore'
[0.334s] Level 1:colcon.colcon_core.package_identification:_identify(install) ignored
[0.334s] Level 1:colcon.colcon_core.package_identification:_identify(log) by extensions ['ignore', 'ignore_ament_install']
[0.334s] Level 1:colcon.colcon_core.package_identification:_identify(log) by extension 'ignore'
[0.334s] Level 1:colcon.colcon_core.package_identification:_identify(log) ignored
[0.334s] Level 1:colcon.colcon_core.package_identification:_identify(src) by extensions ['ignore', 'ignore_ament_install']
[0.334s] Level 1:colcon.colcon_core.package_identification:_identify(src) by extension 'ignore'
[0.334s] Level 1:colcon.colcon_core.package_identification:_identify(src) by extension 'ignore_ament_install'
[0.334s] Level 1:colcon.colcon_core.package_identification:_identify(src) by extensions ['colcon_pkg']
[0.335s] Level 1:colcon.colcon_core.package_identification:_identify(src) by extension 'colcon_pkg'
[0.335s] Level 1:colcon.colcon_core.package_identification:_identify(src) by extensions ['colcon_meta']
[0.335s] Level 1:colcon.colcon_core.package_identification:_identify(src) by extension 'colcon_meta'
[0.335s] Level 1:colcon.colcon_core.package_identification:_identify(src) by extensions ['ros']
[0.335s] Level 1:colcon.colcon_core.package_identification:_identify(src) by extension 'ros'
[0.335s] Level 1:colcon.colcon_core.package_identification:_identify(src) by extensions ['cmake', 'python']
[0.335s] Level 1:colcon.colcon_core.package_identification:_identify(src) by extension 'cmake'
[0.335s] Level 1:colcon.colcon_core.package_identification:_identify(src) by extension 'python'
[0.335s] Level 1:colcon.colcon_core.package_identification:_identify(src) by extensions ['python_setup_py']
[0.335s] Level 1:colcon.colcon_core.package_identification:_identify(src) by extension 'python_setup_py'
[0.335s] Level 1:colcon.colcon_core.package_identification:_identify(src/drone_mpc) by extensions ['ignore', 'ignore_ament_install']
[0.335s] Level 1:colcon.colcon_core.package_identification:_identify(src/drone_mpc) by extension 'ignore'
[0.335s] Level 1:colcon.colcon_core.package_identification:_identify(src/drone_mpc) by extension 'ignore_ament_install'
[0.335s] Level 1:colcon.colcon_core.package_identification:_identify(src/drone_mpc) by extensions ['colcon_pkg']
[0.335s] Level 1:colcon.colcon_core.package_identification:_identify(src/drone_mpc) by extension 'colcon_pkg'
[0.335s] Level 1:colcon.colcon_core.package_identification:_identify(src/drone_mpc) by extensions ['colcon_meta']
[0.335s] Level 1:colcon.colcon_core.package_identification:_identify(src/drone_mpc) by extension 'colcon_meta'
[0.335s] Level 1:colcon.colcon_core.package_identification:_identify(src/drone_mpc) by extensions ['ros']
[0.335s] Level 1:colcon.colcon_core.package_identification:_identify(src/drone_mpc) by extension 'ros'
[0.339s] DEBUG:colcon.colcon_core.package_identification:Package 'src/drone_mpc' with type 'ros.ament_cmake' and name 'drone_mpc'
[0.339s] Level 1:colcon.colcon_core.package_identification:_identify(src/drone_simulator) by extensions ['ignore', 'ignore_ament_install']
[0.339s] Level 1:colcon.colcon_core.package_identification:_identify(src/drone_simulator) by extension 'ignore'
[0.339s] Level 1:colcon.colcon_core.package_identification:_identify(src/drone_simulator) by extension 'ignore_ament_install'
[0.339s] Level 1:colcon.colcon_core.package_identification:_identify(src/drone_simulator) by extensions ['colcon_pkg']
[0.339s] Level 1:colcon.colcon_core.package_identification:_identify(src/drone_simulator) by extension 'colcon_pkg'
[0.339s] Level 1:colcon.colcon_core.package_identification:_identify(src/drone_simulator) by extensions ['colcon_meta']
[0.339s] Level 1:colcon.colcon_core.package_identification:_identify(src/drone_simulator) by extension 'colcon_meta'
[0.340s] Level 1:colcon.colcon_core.package_identification:_identify(src/drone_simulator) by extensions ['ros']
[0.340s] Level 1:colcon.colcon_core.package_identification:_identify(src/drone_simulator) by extension 'ros'
[0.340s] DEBUG:colcon.colcon_core.package_identification:Package 'src/drone_simulator' with type 'ros.ament_python' and name 'drone_simulator'
[0.341s] Level 1:colcon.colcon_core.package_identification:_identify(src/global_planner) by extensions ['ignore', 'ignore_ament_install']
[0.341s] Level 1:colcon.colcon_core.package_identification:_identify(src/global_planner) by extension 'ignore'
[0.341s] Level 1:colcon.colcon_core.package_identification:_identify(src/global_planner) by extension 'ignore_ament_install'
[0.341s] Level 1:colcon.colcon_core.package_identification:_identify(src/global_planner) by extensions ['colcon_pkg']
[0.341s] Level 1:colcon.colcon_core.package_identification:_identify(src/global_planner) by extension 'colcon_pkg'
[0.341s] Level 1:colcon.colcon_core.package_identification:_identify(src/global_planner) by extensions ['colcon_meta']
[0.341s] Level 1:colcon.colcon_core.package_identification:_identify(src/global_planner) by extension 'colcon_meta'
[0.341s] Level 1:colcon.colcon_core.package_identification:_identify(src/global_planner) by extensions ['ros']
[0.341s] Level 1:colcon.colcon_core.package_identification:_identify(src/global_planner) by extension 'ros'
[0.342s] DEBUG:colcon.colcon_core.package_identification:Package 'src/global_planner' with type 'ros.ament_python' and name 'global_planner'
[0.342s] Level 1:colcon.colcon_core.package_identification:_identify(src/scenario_creator) by extensions ['ignore', 'ignore_ament_install']
[0.342s] Level 1:colcon.colcon_core.package_identification:_identify(src/scenario_creator) by extension 'ignore'
[0.342s] Level 1:colcon.colcon_core.package_identification:_identify(src/scenario_creator) by extension 'ignore_ament_install'
[0.342s] Level 1:colcon.colcon_core.package_identification:_identify(src/scenario_creator) by extensions ['colcon_pkg']
[0.342s] Level 1:colcon.colcon_core.package_identification:_identify(src/scenario_creator) by extension 'colcon_pkg'
[0.342s] Level 1:colcon.colcon_core.package_identification:_identify(src/scenario_creator) by extensions ['colcon_meta']
[0.342s] Level 1:colcon.colcon_core.package_identification:_identify(src/scenario_creator) by extension 'colcon_meta'
[0.342s] Level 1:colcon.colcon_core.package_identification:_identify(src/scenario_creator) by extensions ['ros']
[0.342s] Level 1:colcon.colcon_core.package_identification:_identify(src/scenario_creator) by extension 'ros'
[0.343s] DEBUG:colcon.colcon_core.package_identification:Package 'src/scenario_creator' with type 'ros.ament_python' and name 'scenario_creator'
[0.343s] Level 1:colcon.colcon_core.package_discovery:discover_packages(recursive) using defaults
[0.343s] Level 1:colcon.colcon_core.package_discovery:discover_packages(ignore) discover
[0.343s] Level 1:colcon.colcon_core.package_discovery:discover_packages(ignore) using defaults
[0.343s] Level 1:colcon.colcon_core.package_discovery:discover_packages(path) discover
[0.343s] Level 1:colcon.colcon_core.package_discovery:discover_packages(path) using defaults
[0.400s] Level 1:colcon.colcon_core.package_discovery:discover_packages(prefix_path) check parameters
[0.400s] Level 1:colcon.colcon_core.package_discovery:discover_packages(prefix_path) discover
[0.403s] DEBUG:colcon.colcon_installed_package_information.package_discovery:Found 273 installed packages in /opt/ros/humble
[0.405s] Level 1:colcon.colcon_core.package_discovery:discover_packages(prefix_path) using defaults
[0.451s] Level 5:colcon.colcon_core.verb:set package 'drone_mpc' build argument 'cmake_args' from command line to 'None'
[0.451s] Level 5:colcon.colcon_core.verb:set package 'drone_mpc' build argument 'cmake_target' from command line to 'None'
[0.451s] Level 5:colcon.colcon_core.verb:set package 'drone_mpc' build argument 'cmake_target_skip_unavailable' from command line to 'False'
[0.451s] Level 5:colcon.colcon_core.verb:set package 'drone_mpc' build argument 'cmake_clean_cache' from command line to 'False'
[0.451s] Level 5:colcon.colcon_core.verb:set package 'drone_mpc' build argument 'cmake_clean_first' from command line to 'False'
[0.451s] Level 5:colcon.colcon_core.verb:set package 'drone_mpc' build argument 'cmake_force_configure' from command line to 'False'
[0.451s] Level 5:colcon.colcon_core.verb:set package 'drone_mpc' build argument 'ament_cmake_args' from command line to 'None'
[0.451s] Level 5:colcon.colcon_core.verb:set package 'drone_mpc' build argument 'catkin_cmake_args' from command line to 'None'
[0.451s] Level 5:colcon.colcon_core.verb:set package 'drone_mpc' build argument 'catkin_skip_building_tests' from command line to 'False'
[0.451s] DEBUG:colcon.colcon_core.verb:Building package 'drone_mpc' with the following arguments: {'ament_cmake_args': None, 'build_base': '/home/mukil/MSc_Robotics/Quarter2/Planning_&_Decision_Making_(RO47005)/Project/RO47005-Project/drone_ws/build/drone_mpc', 'catkin_cmake_args': None, 'catkin_skip_building_tests': False, 'cmake_args': None, 'cmake_clean_cache': False, 'cmake_clean_first': False, 'cmake_force_configure': False, 'cmake_target': None, 'cmake_target_skip_unavailable': False, 'install_base': '/home/mukil/MSc_Robotics/Quarter2/Planning_&_Decision_Making_(RO47005)/Project/RO47005-Project/drone_ws/install/drone_mpc', 'merge_install': False, 'path': '/home/mukil/MSc_Robotics/Quarter2/Planning_&_Decision_Making_(RO47005)/Project/RO47005-Project/drone_ws/src/drone_mpc', 'symlink_install': False, 'test_result_base': None}
[0.452s] Level 5:colcon.colcon_core.verb:set package 'drone_simulator' build argument 'cmake_args' from command line to 'None'
[0.452s] Level 5:colcon.colcon_core.verb:set package 'drone_simulator' build argument 'cmake_target' from command line to 'None'
[0.452s] Level 5:colcon.colcon_core.verb:set package 'drone_simulator' build argument 'cmake_target_skip_unavailable' from command line to 'False'
[0.452s] Level 5:colcon.colcon_core.verb:set package 'drone_simulator' build argument 'cmake_clean_cache' from command line to 'False'
[0.452s] Level 5:colcon.colcon_core.verb:set package 'drone_simulator' build argument 'cmake_clean_first' from command line to 'False'
[0.452s] Level 5:colcon.colcon_core.verb:set package 'drone_simulator' build argument 'cmake_force_configure' from command line to 'False'
[0.452s] Level 5:colcon.colcon_core.verb:set package 'drone_simulator' build argument 'ament_cmake_args' from command line to 'None'
[0.452s] Level 5:colcon.colcon_core.verb:set package 'drone_simulator' build argument 'catkin_cmake_args' from command line to 'None'
[0.452s] Level 5:colcon.colcon_core.verb:set package 'drone_simulator' build argument 'catkin_skip_building_tests' from command line to 'False'
[0.452s] DEBUG:colcon.colcon_core.verb:Building package 'drone_simulator' with the following arguments: {'ament_cmake_args': None, 'build_base': '/home/mukil/MSc_Robotics/Quarter2/Planning_&_Decision_Making_(RO47005)/Project/RO47005-Project/drone_ws/build/drone_simulator', 'catkin_cmake_args': None, 'catkin_skip_building_tests': False, 'cmake_args': None, 'cmake_clean_cache': False, 'cmake_clean_first': False, 'cmake_force_configure': False, 'cmake_target': None, 'cmake_target_skip_unavailable': False, 'install_base': '/home/mukil/MSc_Robotics/Quarter2/Planning_&_Decision_Making_(RO47005)/Project/RO47005-Project/drone_ws/install/drone_simulator', 'merge_install': False, 'path': '/home/mukil/MSc_Robotics/Quarter2/Planning_&_Decision_Making_(RO47005)/Project/RO47005-Project/drone_ws/src/drone_simulator', 'symlink_install': False, 'test_result_base': None}
[0.452s] Level 5:colcon.colcon_core.verb:set package 'global_planner' build argument 'cmake_args' from command line to 'None'
[0.452s] Level 5:colcon.colcon_core.verb:set package 'global_planner' build argument 'cmake_target' from command line to 'None'
[0.452s] Level 5:colcon.colcon_core.verb:set package 'global_planner' build argument 'cmake_target_skip_unavailable' from command line to 'False'
[0.453s] Level 5:colcon.colcon_core.verb:set package 'global_planner' build argument 'cmake_clean_cache' from command line to 'False'
[0.453s] Level 5:colcon.colcon_core.verb:set package 'global_planner' build argument 'cmake_clean_first' from command line to 'False'
[0.453s] Level 5:colcon.colcon_core.verb:set package 'global_planner' build argument 'cmake_force_configure' from command line to 'False'
[0.453s] Level 5:colcon.colcon_core.verb:set package 'global_planner' build argument 'ament_cmake_args' from command line to 'None'
[0.453s] Level 5:colcon.colcon_core.verb:set package 'global_planner' build argument 'catkin_cmake_args' from command line to 'None'
[0.453s] Level 5:colcon.colcon_core.verb:set package 'global_planner' build argument 'catkin_skip_building_tests' from command line to 'False'
[0.453s] DEBUG:colcon.colcon_core.verb:Building package 'global_planner' with the following arguments: {'ament_cmake_args': None, 'build_base': '/home/mukil/MSc_Robotics/Quarter2/Planning_&_Decision_Making_(RO47005)/Project/RO47005-Project/drone_ws/build/global_planner', 'catkin_cmake_args': None, 'catkin_skip_building_tests': False, 'cmake_args': None, 'cmake_clean_cache': False, 'cmake_clean_first': False, 'cmake_force_configure': False, 'cmake_target': None, 'cmake_target_skip_unavailable': False, 'install_base': '/home/mukil/MSc_Robotics/Quarter2/Planning_&_Decision_Making_(RO47005)/Project/RO47005-Project/drone_ws/install/global_planner', 'merge_install': False, 'path': '/home/mukil/MSc_Robotics/Quarter2/Planning_&_Decision_Making_(RO47005)/Project/RO47005-Project/drone_ws/src/global_planner', 'symlink_install': False, 'test_result_base': None}
[0.453s] Level 5:colcon.colcon_core.verb:set package 'scenario_creator' build argument 'cmake_args' from command line to 'None'
[0.453s] Level 5:colcon.colcon_core.verb:set package 'scenario_creator' build argument 'cmake_target' from command line to 'None'
[0.453s] Level 5:colcon.colcon_core.verb:set package 'scenario_creator' build argument 'cmake_target_skip_unavailable' from command line to 'False'
[0.453s] Level 5:colcon.colcon_core.verb:set package 'scenario_creator' build argument 'cmake_clean_cache' from command line to 'False'
[0.453s] Level 5:colcon.colcon_core.verb:set package 'scenario_creator' build argument 'cmake_clean_first' from command line to 'False'
[0.453s] Level 5:colcon.colcon_core.verb:set package 'scenario_creator' build argument 'cmake_force_configure' from command line to 'False'
[0.453s] Level 5:colcon.colcon_core.verb:set package 'scenario_creator' build argument 'ament_cmake_args' from command line to 'None'
[0.453s] Level 5:colcon.colcon_core.verb:set package 'scenario_creator' build argument 'catkin_cmake_args' from command line to 'None'
[0.453s] Level 5:colcon.colcon_core.verb:set package 'scenario_creator' build argument 'catkin_skip_building_tests' from command line to 'False'
[0.453s] DEBUG:colcon.colcon_core.verb:Building package 'scenario_creator' with the following arguments: {'ament_cmake_args': None, 'build_base': '/home/mukil/MSc_Robotics/Quarter2/Planning_&_Decision_Making_(RO47005)/Project/RO47005-Project/drone_ws/build/scenario_creator', 'catkin_cmake_args': None, 'catkin_skip_building_tests': False, 'cmake_args': None, 'cmake_clean_cache': False, 'cmake_clean_first': False, 'cmake_force_configure': False, 'cmake_target': None, 'cmake_target_skip_unavailable': False, 'install_base': '/home/mukil/MSc_Robotics/Quarter2/Planning_&_Decision_Making_(RO47005)/Project/RO47005-Project/drone_ws/install/scenario_creator', 'merge_install': False, 'path': '/home/mukil/MSc_Robotics/Quarter2/Planning_&_Decision_Making_(RO47005)/Project/RO47005-Project/drone_ws/src/scenario_creator', 'symlink_install': False, 'test_result_base': None}
[0.454s] INFO:colcon.colcon_core.executor:Executing jobs using 'parallel' executor
[0.455s] DEBUG:colcon.colcon_parallel_executor.executor.parallel:run_until_complete
[0.455s] INFO:colcon.colcon_ros.task.ament_cmake.build:Building ROS package in '/home/mukil/MSc_Robotics/Quarter2/Planning_&_Decision_Making_(RO47005)/Project/RO47005-Project/drone_ws/src/drone_mpc' with build type 'ament_cmake'
[0.455s] INFO:colcon.colcon_cmake.task.cmake.build:Building CMake package in '/home/mukil/MSc_Robotics/Quarter2/Planning_&_Decision_Making_(RO47005)/Project/RO47005-Project/drone_ws/src/drone_mpc'
[0.458s] INFO:colcon.colcon_core.plugin_system:Skipping extension 'colcon_core.shell.bat': Not used on non-Windows systems
[0.458s] INFO:colcon.colcon_core.shell:Skip shell extension 'powershell' for command environment: Not usable outside of PowerShell
[0.458s] DEBUG:colcon.colcon_core.shell:Skip shell extension 'dsv' for command environment
[0.462s] INFO:colcon.colcon_ros.task.ament_python.build:Building ROS package in '/home/mukil/MSc_Robotics/Quarter2/Planning_&_Decision_Making_(RO47005)/Project/RO47005-Project/drone_ws/src/drone_simulator' with build type 'ament_python'
[0.462s] Level 1:colcon.colcon_core.shell:create_environment_hook('drone_simulator', 'ament_prefix_path')
[0.462s] INFO:colcon.colcon_core.shell:Creating environment hook '/home/mukil/MSc_Robotics/Quarter2/Planning_&_Decision_Making_(RO47005)/Project/RO47005-Project/drone_ws/install/drone_simulator/share/drone_simulator/hook/ament_prefix_path.ps1'
[0.463s] INFO:colcon.colcon_core.shell:Creating environment descriptor '/home/mukil/MSc_Robotics/Quarter2/Planning_&_Decision_Making_(RO47005)/Project/RO47005-Project/drone_ws/install/drone_simulator/share/drone_simulator/hook/ament_prefix_path.dsv'
[0.463s] INFO:colcon.colcon_core.shell:Creating environment hook '/home/mukil/MSc_Robotics/Quarter2/Planning_&_Decision_Making_(RO47005)/Project/RO47005-Project/drone_ws/install/drone_simulator/share/drone_simulator/hook/ament_prefix_path.sh'
[0.464s] INFO:colcon.colcon_core.shell:Skip shell extension 'powershell' for command environment: Not usable outside of PowerShell
[0.464s] DEBUG:colcon.colcon_core.shell:Skip shell extension 'dsv' for command environment
[0.467s] INFO:colcon.colcon_ros.task.ament_python.build:Building ROS package in '/home/mukil/MSc_Robotics/Quarter2/Planning_&_Decision_Making_(RO47005)/Project/RO47005-Project/drone_ws/src/global_planner' with build type 'ament_python'
[0.467s] Level 1:colcon.colcon_core.shell:create_environment_hook('global_planner', 'ament_prefix_path')
[0.467s] INFO:colcon.colcon_core.shell:Creating environment hook '/home/mukil/MSc_Robotics/Quarter2/Planning_&_Decision_Making_(RO47005)/Project/RO47005-Project/drone_ws/install/global_planner/share/global_planner/hook/ament_prefix_path.ps1'
[0.468s] INFO:colcon.colcon_core.shell:Creating environment descriptor '/home/mukil/MSc_Robotics/Quarter2/Planning_&_Decision_Making_(RO47005)/Project/RO47005-Project/drone_ws/install/global_planner/share/global_planner/hook/ament_prefix_path.dsv'
[0.469s] INFO:colcon.colcon_core.shell:Creating environment hook '/home/mukil/MSc_Robotics/Quarter2/Planning_&_Decision_Making_(RO47005)/Project/RO47005-Project/drone_ws/install/global_planner/share/global_planner/hook/ament_prefix_path.sh'
[0.469s] INFO:colcon.colcon_core.shell:Skip shell extension 'powershell' for command environment: Not usable outside of PowerShell
[0.469s] DEBUG:colcon.colcon_core.shell:Skip shell extension 'dsv' for command environment
[0.473s] INFO:colcon.colcon_ros.task.ament_python.build:Building ROS package in '/home/mukil/MSc_Robotics/Quarter2/Planning_&_Decision_Making_(RO47005)/Project/RO47005-Project/drone_ws/src/scenario_creator' with build type 'ament_python'
[0.473s] Level 1:colcon.colcon_core.shell:create_environment_hook('scenario_creator', 'ament_prefix_path')
[0.473s] INFO:colcon.colcon_core.shell:Creating environment hook '/home/mukil/MSc_Robotics/Quarter2/Planning_&_Decision_Making_(RO47005)/Project/RO47005-Project/drone_ws/install/scenario_creator/share/scenario_creator/hook/ament_prefix_path.ps1'
[0.474s] INFO:colcon.colcon_core.shell:Creating environment descriptor '/home/mukil/MSc_Robotics/Quarter2/Planning_&_Decision_Making_(RO47005)/Project/RO47005-Project/drone_ws/install/scenario_creator/share/scenario_creator/hook/ament_prefix_path.dsv'
[0.474s] INFO:colcon.colcon_core.shell:Creating environment hook '/home/mukil/MSc_Robotics/Quarter2/Planning_&_Decision_Making_(RO47005)/Project/RO47005-Project/drone_ws/install/scenario_creator/share/scenario_creator/hook/ament_prefix_path.sh'
[0.475s] INFO:colcon.colcon_core.shell:Skip shell extension 'powershell' for command environment: Not usable outside of PowerShell
[0.475s] DEBUG:colcon.colcon_core.shell:Skip shell extension 'dsv' for command environment
[0.486s] DEBUG:colcon.colcon_core.event_handler.log_command:Invoking command in '/home/mukil/MSc_Robotics/Quarter2/Planning_&_Decision_Making_(RO47005)/Project/RO47005-Project/drone_ws/build/drone_mpc': CMAKE_PREFIX_PATH=/opt/ros/humble /usr/bin/cmake /home/mukil/MSc_Robotics/Quarter2/Planning_&_Decision_Making_(RO47005)/Project/RO47005-Project/drone_ws/src/drone_mpc -DCMAKE_INSTALL_PREFIX=/home/mukil/MSc_Robotics/Quarter2/Planning_&_Decision_Making_(RO47005)/Project/RO47005-Project/drone_ws/install/drone_mpc
[0.834s] INFO:colcon.colcon_core.task.python.build:Building Python package in '/home/mukil/MSc_Robotics/Quarter2/Planning_&_Decision_Making_(RO47005)/Project/RO47005-Project/drone_ws/src/drone_simulator'
[0.835s] INFO:colcon.colcon_core.shell:Skip shell extension 'powershell' for command environment: Not usable outside of PowerShell
[0.835s] DEBUG:colcon.colcon_core.shell:Skip shell extension 'dsv' for command environment
[1.154s] INFO:colcon.colcon_core.task.python.build:Building Python package in '/home/mukil/MSc_Robotics/Quarter2/Planning_&_Decision_Making_(RO47005)/Project/RO47005-Project/drone_ws/src/global_planner'
[1.155s] INFO:colcon.colcon_core.shell:Skip shell extension 'powershell' for command environment: Not usable outside of PowerShell
[1.155s] DEBUG:colcon.colcon_core.shell:Skip shell extension 'dsv' for command environment
[1.473s] INFO:colcon.colcon_core.task.python.build:Building Python package in '/home/mukil/MSc_Robotics/Quarter2/Planning_&_Decision_Making_(RO47005)/Project/RO47005-Project/drone_ws/src/scenario_creator'
[1.474s] INFO:colcon.colcon_core.shell:Skip shell extension 'powershell' for command environment: Not usable outside of PowerShell
[1.474s] DEBUG:colcon.colcon_core.shell:Skip shell extension 'dsv' for command environment
[1.484s] DEBUG:colcon.colcon_core.event_handler.log_command:Invoked command in '/home/mukil/MSc_Robotics/Quarter2/Planning_&_Decision_Making_(RO47005)/Project/RO47005-Project/drone_ws/build/drone_mpc' returned '0': CMAKE_PREFIX_PATH=/opt/ros/humble /usr/bin/cmake /home/mukil/MSc_Robotics/Quarter2/Planning_&_Decision_Making_(RO47005)/Project/RO47005-Project/drone_ws/src/drone_mpc -DCMAKE_INSTALL_PREFIX=/home/mukil/MSc_Robotics/Quarter2/Planning_&_Decision_Making_(RO47005)/Project/RO47005-Project/drone_ws/install/drone_mpc
[1.488s] DEBUG:colcon.colcon_core.event_handler.log_command:Invoking command in '/home/mukil/MSc_Robotics/Quarter2/Planning_&_Decision_Making_(RO47005)/Project/RO47005-Project/drone_ws/build/drone_mpc': CMAKE_PREFIX_PATH=/opt/ros/humble /usr/bin/cmake --build /home/mukil/MSc_Robotics/Quarter2/Planning_&_Decision_Making_(RO47005)/Project/RO47005-Project/drone_ws/build/drone_mpc -- -j12 -l12
[1.550s] DEBUG:colcon.colcon_core.event_handler.log_command:Invoked command in '/home/mukil/MSc_Robotics/Quarter2/Planning_&_Decision_Making_(RO47005)/Project/RO47005-Project/drone_ws/build/drone_mpc' returned '0': CMAKE_PREFIX_PATH=/opt/ros/humble /usr/bin/cmake --build /home/mukil/MSc_Robotics/Quarter2/Planning_&_Decision_Making_(RO47005)/Project/RO47005-Project/drone_ws/build/drone_mpc -- -j12 -l12
[1.598s] DEBUG:colcon.colcon_core.event_handler.log_command:Invoking command in '/home/mukil/MSc_Robotics/Quarter2/Planning_&_Decision_Making_(RO47005)/Project/RO47005-Project/drone_ws/build/drone_mpc': CMAKE_PREFIX_PATH=/opt/ros/humble /usr/bin/cmake --install /home/mukil/MSc_Robotics/Quarter2/Planning_&_Decision_Making_(RO47005)/Project/RO47005-Project/drone_ws/build/drone_mpc
[1.624s] Level 1:colcon.colcon_core.environment:create_environment_scripts_only(drone_mpc)
[1.625s] DEBUG:colcon.colcon_core.event_handler.log_command:Invoked command in '/home/mukil/MSc_Robotics/Quarter2/Planning_&_Decision_Making_(RO47005)/Project/RO47005-Project/drone_ws/build/drone_mpc' returned '0': CMAKE_PREFIX_PATH=/opt/ros/humble /usr/bin/cmake --install /home/mukil/MSc_Robotics/Quarter2/Planning_&_Decision_Making_(RO47005)/Project/RO47005-Project/drone_ws/build/drone_mpc
[1.627s] Level 1:colcon.colcon_core.environment:checking '/home/mukil/MSc_Robotics/Quarter2/Planning_&_Decision_Making_(RO47005)/Project/RO47005-Project/drone_ws/install/drone_mpc' for CMake module files
[1.628s] Level 1:colcon.colcon_core.environment:checking '/home/mukil/MSc_Robotics/Quarter2/Planning_&_Decision_Making_(RO47005)/Project/RO47005-Project/drone_ws/install/drone_mpc' for CMake config files
[1.628s] Level 1:colcon.colcon_core.shell:create_environment_hook('drone_mpc', 'cmake_prefix_path')
[1.628s] INFO:colcon.colcon_core.shell:Creating environment hook '/home/mukil/MSc_Robotics/Quarter2/Planning_&_Decision_Making_(RO47005)/Project/RO47005-Project/drone_ws/install/drone_mpc/share/drone_mpc/hook/cmake_prefix_path.ps1'
[1.629s] INFO:colcon.colcon_core.shell:Creating environment descriptor '/home/mukil/MSc_Robotics/Quarter2/Planning_&_Decision_Making_(RO47005)/Project/RO47005-Project/drone_ws/install/drone_mpc/share/drone_mpc/hook/cmake_prefix_path.dsv'
[1.629s] INFO:colcon.colcon_core.shell:Creating environment hook '/home/mukil/MSc_Robotics/Quarter2/Planning_&_Decision_Making_(RO47005)/Project/RO47005-Project/drone_ws/install/drone_mpc/share/drone_mpc/hook/cmake_prefix_path.sh'
[1.630s] Level 1:colcon.colcon_core.environment:checking '/home/mukil/MSc_Robotics/Quarter2/Planning_&_Decision_Making_(RO47005)/Project/RO47005-Project/drone_ws/install/drone_mpc/bin'
[1.630s] Level 1:colcon.colcon_core.environment:checking '/home/mukil/MSc_Robotics/Quarter2/Planning_&_Decision_Making_(RO47005)/Project/RO47005-Project/drone_ws/install/drone_mpc/lib/pkgconfig/drone_mpc.pc'
[1.630s] Level 1:colcon.colcon_core.environment:checking '/home/mukil/MSc_Robotics/Quarter2/Planning_&_Decision_Making_(RO47005)/Project/RO47005-Project/drone_ws/install/drone_mpc/lib/python3.10/site-packages'
[1.630s] Level 1:colcon.colcon_core.environment:checking '/home/mukil/MSc_Robotics/Quarter2/Planning_&_Decision_Making_(RO47005)/Project/RO47005-Project/drone_ws/install/drone_mpc/bin'
[1.631s] INFO:colcon.colcon_core.shell:Creating package script '/home/mukil/MSc_Robotics/Quarter2/Planning_&_Decision_Making_(RO47005)/Project/RO47005-Project/drone_ws/install/drone_mpc/share/drone_mpc/package.ps1'
[1.632s] INFO:colcon.colcon_core.shell:Creating package descriptor '/home/mukil/MSc_Robotics/Quarter2/Planning_&_Decision_Making_(RO47005)/Project/RO47005-Project/drone_ws/install/drone_mpc/share/drone_mpc/package.dsv'
[1.632s] INFO:colcon.colcon_core.shell:Creating package script '/home/mukil/MSc_Robotics/Quarter2/Planning_&_Decision_Making_(RO47005)/Project/RO47005-Project/drone_ws/install/drone_mpc/share/drone_mpc/package.sh'
[1.633s] INFO:colcon.colcon_core.shell:Creating package script '/home/mukil/MSc_Robotics/Quarter2/Planning_&_Decision_Making_(RO47005)/Project/RO47005-Project/drone_ws/install/drone_mpc/share/drone_mpc/package.bash'
[1.634s] INFO:colcon.colcon_core.shell:Creating package script '/home/mukil/MSc_Robotics/Quarter2/Planning_&_Decision_Making_(RO47005)/Project/RO47005-Project/drone_ws/install/drone_mpc/share/drone_mpc/package.zsh'
[1.634s] Level 1:colcon.colcon_core.environment:create_file_with_runtime_dependencies(/home/mukil/MSc_Robotics/Quarter2/Planning_&_Decision_Making_(RO47005)/Project/RO47005-Project/drone_ws/install/drone_mpc/share/colcon-core/packages/drone_mpc)
[1.666s] Level 1:colcon.colcon_core.environment:create_environment_scripts_only(drone_mpc)
[1.666s] Level 1:colcon.colcon_core.environment:checking '/home/mukil/MSc_Robotics/Quarter2/Planning_&_Decision_Making_(RO47005)/Project/RO47005-Project/drone_ws/install/drone_mpc' for CMake module files
[1.666s] Level 1:colcon.colcon_core.environment:checking '/home/mukil/MSc_Robotics/Quarter2/Planning_&_Decision_Making_(RO47005)/Project/RO47005-Project/drone_ws/install/drone_mpc' for CMake config files
[1.667s] Level 1:colcon.colcon_core.shell:create_environment_hook('drone_mpc', 'cmake_prefix_path')
[1.667s] INFO:colcon.colcon_core.shell:Creating environment hook '/home/mukil/MSc_Robotics/Quarter2/Planning_&_Decision_Making_(RO47005)/Project/RO47005-Project/drone_ws/install/drone_mpc/share/drone_mpc/hook/cmake_prefix_path.ps1'
[1.668s] INFO:colcon.colcon_core.shell:Creating environment descriptor '/home/mukil/MSc_Robotics/Quarter2/Planning_&_Decision_Making_(RO47005)/Project/RO47005-Project/drone_ws/install/drone_mpc/share/drone_mpc/hook/cmake_prefix_path.dsv'
[1.668s] INFO:colcon.colcon_core.shell:Creating environment hook '/home/mukil/MSc_Robotics/Quarter2/Planning_&_Decision_Making_(RO47005)/Project/RO47005-Project/drone_ws/install/drone_mpc/share/drone_mpc/hook/cmake_prefix_path.sh'
[1.669s] Level 1:colcon.colcon_core.environment:checking '/home/mukil/MSc_Robotics/Quarter2/Planning_&_Decision_Making_(RO47005)/Project/RO47005-Project/drone_ws/install/drone_mpc/bin'
[1.669s] Level 1:colcon.colcon_core.environment:checking '/home/mukil/MSc_Robotics/Quarter2/Planning_&_Decision_Making_(RO47005)/Project/RO47005-Project/drone_ws/install/drone_mpc/lib/pkgconfig/drone_mpc.pc'
[1.669s] Level 1:colcon.colcon_core.environment:checking '/home/mukil/MSc_Robotics/Quarter2/Planning_&_Decision_Making_(RO47005)/Project/RO47005-Project/drone_ws/install/drone_mpc/lib/python3.10/site-packages'
[1.669s] Level 1:colcon.colcon_core.environment:checking '/home/mukil/MSc_Robotics/Quarter2/Planning_&_Decision_Making_(RO47005)/Project/RO47005-Project/drone_ws/install/drone_mpc/bin'
[1.669s] INFO:colcon.colcon_core.shell:Creating package script '/home/mukil/MSc_Robotics/Quarter2/Planning_&_Decision_Making_(RO47005)/Project/RO47005-Project/drone_ws/install/drone_mpc/share/drone_mpc/package.ps1'
[1.670s] INFO:colcon.colcon_core.shell:Creating package descriptor '/home/mukil/MSc_Robotics/Quarter2/Planning_&_Decision_Making_(RO47005)/Project/RO47005-Project/drone_ws/install/drone_mpc/share/drone_mpc/package.dsv'
[1.671s] INFO:colcon.colcon_core.shell:Creating package script '/home/mukil/MSc_Robotics/Quarter2/Planning_&_Decision_Making_(RO47005)/Project/RO47005-Project/drone_ws/install/drone_mpc/share/drone_mpc/package.sh'
[1.671s] INFO:colcon.colcon_core.shell:Creating package script '/home/mukil/MSc_Robotics/Quarter2/Planning_&_Decision_Making_(RO47005)/Project/RO47005-Project/drone_ws/install/drone_mpc/share/drone_mpc/package.bash'
[1.671s] INFO:colcon.colcon_core.shell:Creating package script '/home/mukil/MSc_Robotics/Quarter2/Planning_&_Decision_Making_(RO47005)/Project/RO47005-Project/drone_ws/install/drone_mpc/share/drone_mpc/package.zsh'
[1.672s] Level 1:colcon.colcon_core.environment:create_file_with_runtime_dependencies(/home/mukil/MSc_Robotics/Quarter2/Planning_&_Decision_Making_(RO47005)/Project/RO47005-Project/drone_ws/install/drone_mpc/share/colcon-core/packages/drone_mpc)
[1.893s] DEBUG:colcon.colcon_core.event_handler.log_command:Invoking command in '/home/mukil/MSc_Robotics/Quarter2/Planning_&_Decision_Making_(RO47005)/Project/RO47005-Project/drone_ws/src/drone_simulator': PYTHONPATH=/home/mukil/MSc_Robotics/Quarter2/Planning_&_Decision_Making_(RO47005)/Project/RO47005-Project/drone_ws/build/drone_simulator/prefix_override:/usr/lib/python3/dist-packages/colcon_core/task/python/colcon_distutils_commands:/home/mukil/MSc_Robotics/Quarter2/Planning_&_Decision_Making_(RO47005)/Project/RO47005-Project/drone_ws/install/drone_simulator/lib/python3.10/site-packages:${PYTHONPATH} /usr/bin/python3 -W ignore:setup.py install is deprecated setup.py egg_info --egg-base ../../build/drone_simulator build --build-base /home/mukil/MSc_Robotics/Quarter2/Planning_&_Decision_Making_(RO47005)/Project/RO47005-Project/drone_ws/build/drone_simulator/build install --record /home/mukil/MSc_Robotics/Quarter2/Planning_&_Decision_Making_(RO47005)/Project/RO47005-Project/drone_ws/build/drone_simulator/install.log --single-version-externally-managed install_data
[1.934s] DEBUG:colcon.colcon_core.event_handler.log_command:Invoking command in '/home/mukil/MSc_Robotics/Quarter2/Planning_&_Decision_Making_(RO47005)/Project/RO47005-Project/drone_ws/src/scenario_creator': PYTHONPATH=/home/mukil/MSc_Robotics/Quarter2/Planning_&_Decision_Making_(RO47005)/Project/RO47005-Project/drone_ws/build/scenario_creator/prefix_override:/usr/lib/python3/dist-packages/colcon_core/task/python/colcon_distutils_commands:/home/mukil/MSc_Robotics/Quarter2/Planning_&_Decision_Making_(RO47005)/Project/RO47005-Project/drone_ws/install/scenario_creator/lib/python3.10/site-packages:${PYTHONPATH} /usr/bin/python3 -W ignore:setup.py install is deprecated setup.py egg_info --egg-base ../../build/scenario_creator build --build-base /home/mukil/MSc_Robotics/Quarter2/Planning_&_Decision_Making_(RO47005)/Project/RO47005-Project/drone_ws/build/scenario_creator/build install --record /home/mukil/MSc_Robotics/Quarter2/Planning_&_Decision_Making_(RO47005)/Project/RO47005-Project/drone_ws/build/scenario_creator/install.log --single-version-externally-managed install_data
[1.936s] DEBUG:colcon.colcon_core.event_handler.log_command:Invoking command in '/home/mukil/MSc_Robotics/Quarter2/Planning_&_Decision_Making_(RO47005)/Project/RO47005-Project/drone_ws/src/global_planner': PYTHONPATH=/home/mukil/MSc_Robotics/Quarter2/Planning_&_Decision_Making_(RO47005)/Project/RO47005-Project/drone_ws/build/global_planner/prefix_override:/usr/lib/python3/dist-packages/colcon_core/task/python/colcon_distutils_commands:/home/mukil/MSc_Robotics/Quarter2/Planning_&_Decision_Making_(RO47005)/Project/RO47005-Project/drone_ws/install/global_planner/lib/python3.10/site-packages:${PYTHONPATH} /usr/bin/python3 -W ignore:setup.py install is deprecated setup.py egg_info --egg-base ../../build/global_planner build --build-base /home/mukil/MSc_Robotics/Quarter2/Planning_&_Decision_Making_(RO47005)/Project/RO47005-Project/drone_ws/build/global_planner/build install --record /home/mukil/MSc_Robotics/Quarter2/Planning_&_Decision_Making_(RO47005)/Project/RO47005-Project/drone_ws/build/global_planner/install.log --single-version-externally-managed install_data
[2.235s] Level 1:colcon.colcon_core.environment:checking '/home/mukil/MSc_Robotics/Quarter2/Planning_&_Decision_Making_(RO47005)/Project/RO47005-Project/drone_ws/install/drone_simulator' for CMake module files
[2.236s] DEBUG:colcon.colcon_core.event_handler.log_command:Invoked command in '/home/mukil/MSc_Robotics/Quarter2/Planning_&_Decision_Making_(RO47005)/Project/RO47005-Project/drone_ws/src/drone_simulator' returned '0': PYTHONPATH=/home/mukil/MSc_Robotics/Quarter2/Planning_&_Decision_Making_(RO47005)/Project/RO47005-Project/drone_ws/build/drone_simulator/prefix_override:/usr/lib/python3/dist-packages/colcon_core/task/python/colcon_distutils_commands:/home/mukil/MSc_Robotics/Quarter2/Planning_&_Decision_Making_(RO47005)/Project/RO47005-Project/drone_ws/install/drone_simulator/lib/python3.10/site-packages:${PYTHONPATH} /usr/bin/python3 -W ignore:setup.py install is deprecated setup.py egg_info --egg-base ../../build/drone_simulator build --build-base /home/mukil/MSc_Robotics/Quarter2/Planning_&_Decision_Making_(RO47005)/Project/RO47005-Project/drone_ws/build/drone_simulator/build install --record /home/mukil/MSc_Robotics/Quarter2/Planning_&_Decision_Making_(RO47005)/Project/RO47005-Project/drone_ws/build/drone_simulator/install.log --single-version-externally-managed install_data
[2.237s] Level 1:colcon.colcon_core.environment:checking '/home/mukil/MSc_Robotics/Quarter2/Planning_&_Decision_Making_(RO47005)/Project/RO47005-Project/drone_ws/install/drone_simulator' for CMake config files
[2.238s] Level 1:colcon.colcon_core.environment:checking '/home/mukil/MSc_Robotics/Quarter2/Planning_&_Decision_Making_(RO47005)/Project/RO47005-Project/drone_ws/install/drone_simulator/lib'
[2.238s] Level 1:colcon.colcon_core.environment:checking '/home/mukil/MSc_Robotics/Quarter2/Planning_&_Decision_Making_(RO47005)/Project/RO47005-Project/drone_ws/install/drone_simulator/bin'
[2.238s] Level 1:colcon.colcon_core.environment:checking '/home/mukil/MSc_Robotics/Quarter2/Planning_&_Decision_Making_(RO47005)/Project/RO47005-Project/drone_ws/install/drone_simulator/lib/pkgconfig/drone_simulator.pc'
[2.238s] Level 1:colcon.colcon_core.environment:checking '/home/mukil/MSc_Robotics/Quarter2/Planning_&_Decision_Making_(RO47005)/Project/RO47005-Project/drone_ws/install/drone_simulator/lib/python3.10/site-packages'
[2.238s] Level 1:colcon.colcon_core.shell:create_environment_hook('drone_simulator', 'pythonpath')
[2.239s] INFO:colcon.colcon_core.shell:Creating environment hook '/home/mukil/MSc_Robotics/Quarter2/Planning_&_Decision_Making_(RO47005)/Project/RO47005-Project/drone_ws/install/drone_simulator/share/drone_simulator/hook/pythonpath.ps1'
[2.239s] INFO:colcon.colcon_core.shell:Creating environment descriptor '/home/mukil/MSc_Robotics/Quarter2/Planning_&_Decision_Making_(RO47005)/Project/RO47005-Project/drone_ws/install/drone_simulator/share/drone_simulator/hook/pythonpath.dsv'
[2.239s] INFO:colcon.colcon_core.shell:Creating environment hook '/home/mukil/MSc_Robotics/Quarter2/Planning_&_Decision_Making_(RO47005)/Project/RO47005-Project/drone_ws/install/drone_simulator/share/drone_simulator/hook/pythonpath.sh'
[2.240s] Level 1:colcon.colcon_core.environment:checking '/home/mukil/MSc_Robotics/Quarter2/Planning_&_Decision_Making_(RO47005)/Project/RO47005-Project/drone_ws/install/drone_simulator/bin'
[2.240s] Level 1:colcon.colcon_core.environment:create_environment_scripts_only(drone_simulator)
[2.241s] INFO:colcon.colcon_core.shell:Creating package script '/home/mukil/MSc_Robotics/Quarter2/Planning_&_Decision_Making_(RO47005)/Project/RO47005-Project/drone_ws/install/drone_simulator/share/drone_simulator/package.ps1'
[2.241s] INFO:colcon.colcon_core.shell:Creating package descriptor '/home/mukil/MSc_Robotics/Quarter2/Planning_&_Decision_Making_(RO47005)/Project/RO47005-Project/drone_ws/install/drone_simulator/share/drone_simulator/package.dsv'
[2.241s] INFO:colcon.colcon_core.shell:Creating package script '/home/mukil/MSc_Robotics/Quarter2/Planning_&_Decision_Making_(RO47005)/Project/RO47005-Project/drone_ws/install/drone_simulator/share/drone_simulator/package.sh'
[2.242s] INFO:colcon.colcon_core.shell:Creating package script '/home/mukil/MSc_Robotics/Quarter2/Planning_&_Decision_Making_(RO47005)/Project/RO47005-Project/drone_ws/install/drone_simulator/share/drone_simulator/package.bash'
[2.242s] INFO:colcon.colcon_core.shell:Creating package script '/home/mukil/MSc_Robotics/Quarter2/Planning_&_Decision_Making_(RO47005)/Project/RO47005-Project/drone_ws/install/drone_simulator/share/drone_simulator/package.zsh'
[2.243s] Level 1:colcon.colcon_core.environment:create_file_with_runtime_dependencies(/home/mukil/MSc_Robotics/Quarter2/Planning_&_Decision_Making_(RO47005)/Project/RO47005-Project/drone_ws/install/drone_simulator/share/colcon-core/packages/drone_simulator)
[2.264s] Level 1:colcon.colcon_core.environment:checking '/home/mukil/MSc_Robotics/Quarter2/Planning_&_Decision_Making_(RO47005)/Project/RO47005-Project/drone_ws/install/scenario_creator' for CMake module files
[2.265s] DEBUG:colcon.colcon_core.event_handler.log_command:Invoked command in '/home/mukil/MSc_Robotics/Quarter2/Planning_&_Decision_Making_(RO47005)/Project/RO47005-Project/drone_ws/src/scenario_creator' returned '0': PYTHONPATH=/home/mukil/MSc_Robotics/Quarter2/Planning_&_Decision_Making_(RO47005)/Project/RO47005-Project/drone_ws/build/scenario_creator/prefix_override:/usr/lib/python3/dist-packages/colcon_core/task/python/colcon_distutils_commands:/home/mukil/MSc_Robotics/Quarter2/Planning_&_Decision_Making_(RO47005)/Project/RO47005-Project/drone_ws/install/scenario_creator/lib/python3.10/site-packages:${PYTHONPATH} /usr/bin/python3 -W ignore:setup.py install is deprecated setup.py egg_info --egg-base ../../build/scenario_creator build --build-base /home/mukil/MSc_Robotics/Quarter2/Planning_&_Decision_Making_(RO47005)/Project/RO47005-Project/drone_ws/build/scenario_creator/build install --record /home/mukil/MSc_Robotics/Quarter2/Planning_&_Decision_Making_(RO47005)/Project/RO47005-Project/drone_ws/build/scenario_creator/install.log --single-version-externally-managed install_data
[2.265s] Level 1:colcon.colcon_core.environment:checking '/home/mukil/MSc_Robotics/Quarter2/Planning_&_Decision_Making_(RO47005)/Project/RO47005-Project/drone_ws/install/scenario_creator' for CMake config files
[2.265s] Level 1:colcon.colcon_core.environment:checking '/home/mukil/MSc_Robotics/Quarter2/Planning_&_Decision_Making_(RO47005)/Project/RO47005-Project/drone_ws/install/scenario_creator/lib'
[2.266s] Level 1:colcon.colcon_core.environment:checking '/home/mukil/MSc_Robotics/Quarter2/Planning_&_Decision_Making_(RO47005)/Project/RO47005-Project/drone_ws/install/scenario_creator/bin'
[2.266s] Level 1:colcon.colcon_core.environment:checking '/home/mukil/MSc_Robotics/Quarter2/Planning_&_Decision_Making_(RO47005)/Project/RO47005-Project/drone_ws/install/scenario_creator/lib/pkgconfig/scenario_creator.pc'
[2.266s] Level 1:colcon.colcon_core.environment:checking '/home/mukil/MSc_Robotics/Quarter2/Planning_&_Decision_Making_(RO47005)/Project/RO47005-Project/drone_ws/install/scenario_creator/lib/python3.10/site-packages'
[2.266s] Level 1:colcon.colcon_core.shell:create_environment_hook('scenario_creator', 'pythonpath')
[2.266s] INFO:colcon.colcon_core.shell:Creating environment hook '/home/mukil/MSc_Robotics/Quarter2/Planning_&_Decision_Making_(RO47005)/Project/RO47005-Project/drone_ws/install/scenario_creator/share/scenario_creator/hook/pythonpath.ps1'
[2.267s] INFO:colcon.colcon_core.shell:Creating environment descriptor '/home/mukil/MSc_Robotics/Quarter2/Planning_&_Decision_Making_(RO47005)/Project/RO47005-Project/drone_ws/install/scenario_creator/share/scenario_creator/hook/pythonpath.dsv'
[2.267s] INFO:colcon.colcon_core.shell:Creating environment hook '/home/mukil/MSc_Robotics/Quarter2/Planning_&_Decision_Making_(RO47005)/Project/RO47005-Project/drone_ws/install/scenario_creator/share/scenario_creator/hook/pythonpath.sh'
[2.268s] Level 1:colcon.colcon_core.environment:checking '/home/mukil/MSc_Robotics/Quarter2/Planning_&_Decision_Making_(RO47005)/Project/RO47005-Project/drone_ws/install/scenario_creator/bin'
[2.268s] Level 1:colcon.colcon_core.environment:create_environment_scripts_only(scenario_creator)
[2.268s] INFO:colcon.colcon_core.shell:Creating package script '/home/mukil/MSc_Robotics/Quarter2/Planning_&_Decision_Making_(RO47005)/Project/RO47005-Project/drone_ws/install/scenario_creator/share/scenario_creator/package.ps1'
[2.268s] INFO:colcon.colcon_core.shell:Creating package descriptor '/home/mukil/MSc_Robotics/Quarter2/Planning_&_Decision_Making_(RO47005)/Project/RO47005-Project/drone_ws/install/scenario_creator/share/scenario_creator/package.dsv'
[2.269s] INFO:colcon.colcon_core.shell:Creating package script '/home/mukil/MSc_Robotics/Quarter2/Planning_&_Decision_Making_(RO47005)/Project/RO47005-Project/drone_ws/install/scenario_creator/share/scenario_creator/package.sh'
[2.269s] INFO:colcon.colcon_core.shell:Creating package script '/home/mukil/MSc_Robotics/Quarter2/Planning_&_Decision_Making_(RO47005)/Project/RO47005-Project/drone_ws/install/scenario_creator/share/scenario_creator/package.bash'
[2.270s] INFO:colcon.colcon_core.shell:Creating package script '/home/mukil/MSc_Robotics/Quarter2/Planning_&_Decision_Making_(RO47005)/Project/RO47005-Project/drone_ws/install/scenario_creator/share/scenario_creator/package.zsh'
[2.271s] Level 1:colcon.colcon_core.environment:create_file_with_runtime_dependencies(/home/mukil/MSc_Robotics/Quarter2/Planning_&_Decision_Making_(RO47005)/Project/RO47005-Project/drone_ws/install/scenario_creator/share/colcon-core/packages/scenario_creator)
[2.272s] Level 1:colcon.colcon_core.environment:checking '/home/mukil/MSc_Robotics/Quarter2/Planning_&_Decision_Making_(RO47005)/Project/RO47005-Project/drone_ws/install/global_planner' for CMake module files
[2.273s] DEBUG:colcon.colcon_core.event_handler.log_command:Invoked command in '/home/mukil/MSc_Robotics/Quarter2/Planning_&_Decision_Making_(RO47005)/Project/RO47005-Project/drone_ws/src/global_planner' returned '0': PYTHONPATH=/home/mukil/MSc_Robotics/Quarter2/Planning_&_Decision_Making_(RO47005)/Project/RO47005-Project/drone_ws/build/global_planner/prefix_override:/usr/lib/python3/dist-packages/colcon_core/task/python/colcon_distutils_commands:/home/mukil/MSc_Robotics/Quarter2/Planning_&_Decision_Making_(RO47005)/Project/RO47005-Project/drone_ws/install/global_planner/lib/python3.10/site-packages:${PYTHONPATH} /usr/bin/python3 -W ignore:setup.py install is deprecated setup.py egg_info --egg-base ../../build/global_planner build --build-base /home/mukil/MSc_Robotics/Quarter2/Planning_&_Decision_Making_(RO47005)/Project/RO47005-Project/drone_ws/build/global_planner/build install --record /home/mukil/MSc_Robotics/Quarter2/Planning_&_Decision_Making_(RO47005)/Project/RO47005-Project/drone_ws/build/global_planner/install.log --single-version-externally-managed install_data
[2.273s] Level 1:colcon.colcon_core.environment:checking '/home/mukil/MSc_Robotics/Quarter2/Planning_&_Decision_Making_(RO47005)/Project/RO47005-Project/drone_ws/install/global_planner' for CMake config files
[2.274s] Level 1:colcon.colcon_core.environment:checking '/home/mukil/MSc_Robotics/Quarter2/Planning_&_Decision_Making_(RO47005)/Project/RO47005-Project/drone_ws/install/global_planner/lib'
[2.274s] Level 1:colcon.colcon_core.environment:checking '/home/mukil/MSc_Robotics/Quarter2/Planning_&_Decision_Making_(RO47005)/Project/RO47005-Project/drone_ws/install/global_planner/bin'
[2.274s] Level 1:colcon.colcon_core.environment:checking '/home/mukil/MSc_Robotics/Quarter2/Planning_&_Decision_Making_(RO47005)/Project/RO47005-Project/drone_ws/install/global_planner/lib/pkgconfig/global_planner.pc'
[2.274s] Level 1:colcon.colcon_core.environment:checking '/home/mukil/MSc_Robotics/Quarter2/Planning_&_Decision_Making_(RO47005)/Project/RO47005-Project/drone_ws/install/global_planner/lib/python3.10/site-packages'
[2.275s] Level 1:colcon.colcon_core.shell:create_environment_hook('global_planner', 'pythonpath')
[2.275s] INFO:colcon.colcon_core.shell:Creating environment hook '/home/mukil/MSc_Robotics/Quarter2/Planning_&_Decision_Making_(RO47005)/Project/RO47005-Project/drone_ws/install/global_planner/share/global_planner/hook/pythonpath.ps1'
[2.275s] INFO:colcon.colcon_core.shell:Creating environment descriptor '/home/mukil/MSc_Robotics/Quarter2/Planning_&_Decision_Making_(RO47005)/Project/RO47005-Project/drone_ws/install/global_planner/share/global_planner/hook/pythonpath.dsv'
[2.276s] INFO:colcon.colcon_core.shell:Creating environment hook '/home/mukil/MSc_Robotics/Quarter2/Planning_&_Decision_Making_(RO47005)/Project/RO47005-Project/drone_ws/install/global_planner/share/global_planner/hook/pythonpath.sh'
[2.276s] Level 1:colcon.colcon_core.environment:checking '/home/mukil/MSc_Robotics/Quarter2/Planning_&_Decision_Making_(RO47005)/Project/RO47005-Project/drone_ws/install/global_planner/bin'
[2.276s] Level 1:colcon.colcon_core.environment:create_environment_scripts_only(global_planner)
[2.276s] INFO:colcon.colcon_core.shell:Creating package script '/home/mukil/MSc_Robotics/Quarter2/Planning_&_Decision_Making_(RO47005)/Project/RO47005-Project/drone_ws/install/global_planner/share/global_planner/package.ps1'
[2.277s] INFO:colcon.colcon_core.shell:Creating package descriptor '/home/mukil/MSc_Robotics/Quarter2/Planning_&_Decision_Making_(RO47005)/Project/RO47005-Project/drone_ws/install/global_planner/share/global_planner/package.dsv'
[2.278s] INFO:colcon.colcon_core.shell:Creating package script '/home/mukil/MSc_Robotics/Quarter2/Planning_&_Decision_Making_(RO47005)/Project/RO47005-Project/drone_ws/install/global_planner/share/global_planner/package.sh'
[2.278s] INFO:colcon.colcon_core.shell:Creating package script '/home/mukil/MSc_Robotics/Quarter2/Planning_&_Decision_Making_(RO47005)/Project/RO47005-Project/drone_ws/install/global_planner/share/global_planner/package.bash'
[2.278s] INFO:colcon.colcon_core.shell:Creating package script '/home/mukil/MSc_Robotics/Quarter2/Planning_&_Decision_Making_(RO47005)/Project/RO47005-Project/drone_ws/install/global_planner/share/global_planner/package.zsh'
[2.279s] Level 1:colcon.colcon_core.environment:create_file_with_runtime_dependencies(/home/mukil/MSc_Robotics/Quarter2/Planning_&_Decision_Making_(RO47005)/Project/RO47005-Project/drone_ws/install/global_planner/share/colcon-core/packages/global_planner)
[2.279s] DEBUG:colcon.colcon_parallel_executor.executor.parallel:closing loop
[2.280s] DEBUG:colcon.colcon_parallel_executor.executor.parallel:loop closed
[2.280s] DEBUG:colcon.colcon_parallel_executor.executor.parallel:run_until_complete finished with '0'
[2.280s] DEBUG:colcon.colcon_core.event_reactor:joining thread
[2.286s] INFO:colcon.colcon_core.plugin_system:Skipping extension 'colcon_notification.desktop_notification.terminal_notifier': Not used on non-Darwin systems
[2.286s] INFO:colcon.colcon_core.plugin_system:Skipping extension 'colcon_notification.desktop_notification.win32': Not used on non-Windows systems
[2.286s] INFO:colcon.colcon_notification.desktop_notification:Sending desktop notification using 'notify2'
[2.306s] DEBUG:colcon.colcon_core.event_reactor:joined thread
[2.306s] INFO:colcon.colcon_core.shell:Creating prefix script '/home/mukil/MSc_Robotics/Quarter2/Planning_&_Decision_Making_(RO47005)/Project/RO47005-Project/drone_ws/install/local_setup.ps1'
[2.308s] INFO:colcon.colcon_core.shell:Creating prefix util module '/home/mukil/MSc_Robotics/Quarter2/Planning_&_Decision_Making_(RO47005)/Project/RO47005-Project/drone_ws/install/_local_setup_util_ps1.py'
[2.309s] INFO:colcon.colcon_core.shell:Creating prefix chain script '/home/mukil/MSc_Robotics/Quarter2/Planning_&_Decision_Making_(RO47005)/Project/RO47005-Project/drone_ws/install/setup.ps1'
[2.310s] INFO:colcon.colcon_core.shell:Creating prefix script '/home/mukil/MSc_Robotics/Quarter2/Planning_&_Decision_Making_(RO47005)/Project/RO47005-Project/drone_ws/install/local_setup.sh'
[2.311s] INFO:colcon.colcon_core.shell:Creating prefix util module '/home/mukil/MSc_Robotics/Quarter2/Planning_&_Decision_Making_(RO47005)/Project/RO47005-Project/drone_ws/install/_local_setup_util_sh.py'
[2.311s] INFO:colcon.colcon_core.shell:Creating prefix chain script '/home/mukil/MSc_Robotics/Quarter2/Planning_&_Decision_Making_(RO47005)/Project/RO47005-Project/drone_ws/install/setup.sh'
[2.312s] INFO:colcon.colcon_core.shell:Creating prefix script '/home/mukil/MSc_Robotics/Quarter2/Planning_&_Decision_Making_(RO47005)/Project/RO47005-Project/drone_ws/install/local_setup.bash'
[2.313s] INFO:colcon.colcon_core.shell:Creating prefix chain script '/home/mukil/MSc_Robotics/Quarter2/Planning_&_Decision_Making_(RO47005)/Project/RO47005-Project/drone_ws/install/setup.bash'
[2.314s] INFO:colcon.colcon_core.shell:Creating prefix script '/home/mukil/MSc_Robotics/Quarter2/Planning_&_Decision_Making_(RO47005)/Project/RO47005-Project/drone_ws/install/local_setup.zsh'
[2.314s] INFO:colcon.colcon_core.shell:Creating prefix chain script '/home/mukil/MSc_Robotics/Quarter2/Planning_&_Decision_Making_(RO47005)/Project/RO47005-Project/drone_ws/install/setup.zsh'
