[1.198s] Invoking command in '/home/antreas/MsC/Q2/RO47005/finalAssignment/RO47005-Project/ro47005_drone_simulator/src/drone_simulator': PYTHONPATH=/home/antreas/MsC/Q2/RO47005/finalAssignment/RO47005-Project/ro47005_drone_simulator/build/drone_simulator/prefix_override:/usr/lib/python3/dist-packages/colcon_core/task/python/colcon_distutils_commands:/home/antreas/MsC/Q2/RO47005/finalAssignment/RO47005-Project/ro47005_drone_simulator/install/drone_simulator/lib/python3.10/site-packages:${PYTHONPATH} /usr/bin/python3 -W ignore:setup.py install is deprecated setup.py egg_info --egg-base ../../build/drone_simulator build --build-base /home/antreas/MsC/Q2/RO47005/finalAssignment/RO47005-Project/ro47005_drone_simulator/build/drone_simulator/build install --record /home/antreas/MsC/Q2/RO47005/finalAssignment/RO47005-Project/ro47005_drone_simulator/build/drone_simulator/install.log --single-version-externally-managed install_data
[1.483s] running egg_info
[1.483s] writing ../../build/drone_simulator/drone_simulator.egg-info/PKG-INFO
[1.484s] writing dependency_links to ../../build/drone_simulator/drone_simulator.egg-info/dependency_links.txt
[1.484s] writing entry points to ../../build/drone_simulator/drone_simulator.egg-info/entry_points.txt
[1.484s] writing requirements to ../../build/drone_simulator/drone_simulator.egg-info/requires.txt
[1.484s] writing top-level names to ../../build/drone_simulator/drone_simulator.egg-info/top_level.txt
[1.486s] reading manifest file '../../build/drone_simulator/drone_simulator.egg-info/SOURCES.txt'
[1.487s] adding license file 'LICENSE'
[1.488s] writing manifest file '../../build/drone_simulator/drone_simulator.egg-info/SOURCES.txt'
[1.488s] running build
[1.488s] running build_py
[1.488s] copying drone_simulator/drone_simulator.py -> /home/antreas/MsC/Q2/RO47005/finalAssignment/RO47005-Project/ro47005_drone_simulator/build/drone_simulator/build/lib/drone_simulator
[1.488s] running install
[1.489s] running install_lib
[1.490s] copying /home/antreas/MsC/Q2/RO47005/finalAssignment/RO47005-Project/ro47005_drone_simulator/build/drone_simulator/build/lib/drone_simulator/drone_simulator.py -> /home/antreas/MsC/Q2/RO47005/finalAssignment/RO47005-Project/ro47005_drone_simulator/install/drone_simulator/lib/python3.10/site-packages/drone_simulator
[1.491s] byte-compiling /home/antreas/MsC/Q2/RO47005/finalAssignment/RO47005-Project/ro47005_drone_simulator/install/drone_simulator/lib/python3.10/site-packages/drone_simulator/drone_simulator.py to drone_simulator.cpython-310.pyc
[1.492s] running install_data
[1.492s] copying package.xml -> /home/antreas/MsC/Q2/RO47005/finalAssignment/RO47005-Project/ro47005_drone_simulator/install/drone_simulator/share/drone_simulator
[1.492s] running install_egg_info
[1.494s] removing '/home/antreas/MsC/Q2/RO47005/finalAssignment/RO47005-Project/ro47005_drone_simulator/install/drone_simulator/lib/python3.10/site-packages/drone_simulator-0.0.0-py3.10.egg-info' (and everything under it)
[1.494s] Copying ../../build/drone_simulator/drone_simulator.egg-info to /home/antreas/MsC/Q2/RO47005/finalAssignment/RO47005-Project/ro47005_drone_simulator/install/drone_simulator/lib/python3.10/site-packages/drone_simulator-0.0.0-py3.10.egg-info
[1.495s] running install_scripts
[1.522s] writing list of installed files to '/home/antreas/MsC/Q2/RO47005/finalAssignment/RO47005-Project/ro47005_drone_simulator/build/drone_simulator/install.log'
[1.549s] Invoked command in '/home/antreas/MsC/Q2/RO47005/finalAssignment/RO47005-Project/ro47005_drone_simulator/src/drone_simulator' returned '0': PYTHONPATH=/home/antreas/MsC/Q2/RO47005/finalAssignment/RO47005-Project/ro47005_drone_simulator/build/drone_simulator/prefix_override:/usr/lib/python3/dist-packages/colcon_core/task/python/colcon_distutils_commands:/home/antreas/MsC/Q2/RO47005/finalAssignment/RO47005-Project/ro47005_drone_simulator/install/drone_simulator/lib/python3.10/site-packages:${PYTHONPATH} /usr/bin/python3 -W ignore:setup.py install is deprecated setup.py egg_info --egg-base ../../build/drone_simulator build --build-base /home/antreas/MsC/Q2/RO47005/finalAssignment/RO47005-Project/ro47005_drone_simulator/build/drone_simulator/build install --record /home/antreas/MsC/Q2/RO47005/finalAssignment/RO47005-Project/ro47005_drone_simulator/build/drone_simulator/install.log --single-version-externally-managed install_data
