[1.196s] Invoking command in '/home/antreas/MsC/Q2/RO47005/finalAssignment/RO47005-Project/drone_ws/src/scenario_creator': PYTHONPATH=/home/antreas/MsC/Q2/RO47005/finalAssignment/RO47005-Project/drone_ws/build/scenario_creator/prefix_override:/usr/lib/python3/dist-packages/colcon_core/task/python/colcon_distutils_commands:/home/antreas/MsC/Q2/RO47005/finalAssignment/RO47005-Project/drone_ws/install/scenario_creator/lib/python3.10/site-packages:${PYTHONPATH} /usr/bin/python3 -W ignore:setup.py install is deprecated setup.py egg_info --egg-base ../../build/scenario_creator build --build-base /home/antreas/MsC/Q2/RO47005/finalAssignment/RO47005-Project/drone_ws/build/scenario_creator/build install --record /home/antreas/MsC/Q2/RO47005/finalAssignment/RO47005-Project/drone_ws/build/scenario_creator/install.log --single-version-externally-managed install_data
[1.483s] running egg_info
[1.484s] writing ../../build/scenario_creator/scenario_creator.egg-info/PKG-INFO
[1.484s] writing dependency_links to ../../build/scenario_creator/scenario_creator.egg-info/dependency_links.txt
[1.485s] writing entry points to ../../build/scenario_creator/scenario_creator.egg-info/entry_points.txt
[1.485s] writing requirements to ../../build/scenario_creator/scenario_creator.egg-info/requires.txt
[1.485s] writing top-level names to ../../build/scenario_creator/scenario_creator.egg-info/top_level.txt
[1.487s] reading manifest file '../../build/scenario_creator/scenario_creator.egg-info/SOURCES.txt'
[1.488s] adding license file 'LICENSE'
[1.488s] writing manifest file '../../build/scenario_creator/scenario_creator.egg-info/SOURCES.txt'
[1.488s] running build
[1.488s] running build_py
[1.489s] running install
[1.489s] running install_lib
[1.491s] running install_data
[1.491s] running install_egg_info
[1.493s] removing '/home/antreas/MsC/Q2/RO47005/finalAssignment/RO47005-Project/drone_ws/install/scenario_creator/lib/python3.10/site-packages/scenario_creator-0.0.0-py3.10.egg-info' (and everything under it)
[1.493s] Copying ../../build/scenario_creator/scenario_creator.egg-info to /home/antreas/MsC/Q2/RO47005/finalAssignment/RO47005-Project/drone_ws/install/scenario_creator/lib/python3.10/site-packages/scenario_creator-0.0.0-py3.10.egg-info
[1.494s] running install_scripts
[1.521s] writing list of installed files to '/home/antreas/MsC/Q2/RO47005/finalAssignment/RO47005-Project/drone_ws/build/scenario_creator/install.log'
[1.548s] Invoked command in '/home/antreas/MsC/Q2/RO47005/finalAssignment/RO47005-Project/drone_ws/src/scenario_creator' returned '0': PYTHONPATH=/home/antreas/MsC/Q2/RO47005/finalAssignment/RO47005-Project/drone_ws/build/scenario_creator/prefix_override:/usr/lib/python3/dist-packages/colcon_core/task/python/colcon_distutils_commands:/home/antreas/MsC/Q2/RO47005/finalAssignment/RO47005-Project/drone_ws/install/scenario_creator/lib/python3.10/site-packages:${PYTHONPATH} /usr/bin/python3 -W ignore:setup.py install is deprecated setup.py egg_info --egg-base ../../build/scenario_creator build --build-base /home/antreas/MsC/Q2/RO47005/finalAssignment/RO47005-Project/drone_ws/build/scenario_creator/build install --record /home/antreas/MsC/Q2/RO47005/finalAssignment/RO47005-Project/drone_ws/build/scenario_creator/install.log --single-version-externally-managed install_data
