[0.021s] Invoking command in '/home/antreas/MsC/Q2/RO47005/finalAssignment/RO47005-Project/ro47005_drone_simulator/build/drone_mpc': CMAKE_PREFIX_PATH=/opt/ros/humble /home/antreas/.local/bin/cmake --build /home/antreas/MsC/Q2/RO47005/finalAssignment/RO47005-Project/ro47005_drone_simulator/build/drone_mpc -- -j8 -l8
[0.709s] Invoked command in '/home/antreas/MsC/Q2/RO47005/finalAssignment/RO47005-Project/ro47005_drone_simulator/build/drone_mpc' returned '0': CMAKE_PREFIX_PATH=/opt/ros/humble /home/antreas/.local/bin/cmake --build /home/antreas/MsC/Q2/RO47005/finalAssignment/RO47005-Project/ro47005_drone_simulator/build/drone_mpc -- -j8 -l8
[0.804s] Invoking command in '/home/antreas/MsC/Q2/RO47005/finalAssignment/RO47005-Project/ro47005_drone_simulator/build/drone_mpc': CMAKE_PREFIX_PATH=/opt/ros/humble /home/antreas/.local/bin/cmake --install /home/antreas/MsC/Q2/RO47005/finalAssignment/RO47005-Project/ro47005_drone_simulator/build/drone_mpc
[0.841s] -- Install configuration: ""
[0.842s] -- Up-to-date: /home/antreas/MsC/Q2/RO47005/finalAssignment/RO47005-Project/ro47005_drone_simulator/install/drone_mpc/share/ament_index/resource_index/package_run_dependencies/drone_mpc
[0.842s] -- Up-to-date: /home/antreas/MsC/Q2/RO47005/finalAssignment/RO47005-Project/ro47005_drone_simulator/install/drone_mpc/share/ament_index/resource_index/parent_prefix_path/drone_mpc
[0.842s] -- Up-to-date: /home/antreas/MsC/Q2/RO47005/finalAssignment/RO47005-Project/ro47005_drone_simulator/install/drone_mpc/share/drone_mpc/environment/ament_prefix_path.sh
[0.842s] -- Up-to-date: /home/antreas/MsC/Q2/RO47005/finalAssignment/RO47005-Project/ro47005_drone_simulator/install/drone_mpc/share/drone_mpc/environment/ament_prefix_path.dsv
[0.842s] -- Up-to-date: /home/antreas/MsC/Q2/RO47005/finalAssignment/RO47005-Project/ro47005_drone_simulator/install/drone_mpc/share/drone_mpc/environment/path.sh
[0.842s] -- Up-to-date: /home/antreas/MsC/Q2/RO47005/finalAssignment/RO47005-Project/ro47005_drone_simulator/install/drone_mpc/share/drone_mpc/environment/path.dsv
[0.842s] -- Up-to-date: /home/antreas/MsC/Q2/RO47005/finalAssignment/RO47005-Project/ro47005_drone_simulator/install/drone_mpc/share/drone_mpc/local_setup.bash
[0.843s] -- Up-to-date: /home/antreas/MsC/Q2/RO47005/finalAssignment/RO47005-Project/ro47005_drone_simulator/install/drone_mpc/share/drone_mpc/local_setup.sh
[0.843s] -- Up-to-date: /home/antreas/MsC/Q2/RO47005/finalAssignment/RO47005-Project/ro47005_drone_simulator/install/drone_mpc/share/drone_mpc/local_setup.zsh
[0.843s] -- Up-to-date: /home/antreas/MsC/Q2/RO47005/finalAssignment/RO47005-Project/ro47005_drone_simulator/install/drone_mpc/share/drone_mpc/local_setup.dsv
[0.843s] -- Up-to-date: /home/antreas/MsC/Q2/RO47005/finalAssignment/RO47005-Project/ro47005_drone_simulator/install/drone_mpc/share/drone_mpc/package.dsv
[0.843s] -- Up-to-date: /home/antreas/MsC/Q2/RO47005/finalAssignment/RO47005-Project/ro47005_drone_simulator/install/drone_mpc/share/ament_index/resource_index/packages/drone_mpc
[0.843s] -- Up-to-date: /home/antreas/MsC/Q2/RO47005/finalAssignment/RO47005-Project/ro47005_drone_simulator/install/drone_mpc/share/drone_mpc/cmake/drone_mpcConfig.cmake
[0.843s] -- Up-to-date: /home/antreas/MsC/Q2/RO47005/finalAssignment/RO47005-Project/ro47005_drone_simulator/install/drone_mpc/share/drone_mpc/cmake/drone_mpcConfig-version.cmake
[0.843s] -- Up-to-date: /home/antreas/MsC/Q2/RO47005/finalAssignment/RO47005-Project/ro47005_drone_simulator/install/drone_mpc/share/drone_mpc/package.xml
[0.849s] Invoked command in '/home/antreas/MsC/Q2/RO47005/finalAssignment/RO47005-Project/ro47005_drone_simulator/build/drone_mpc' returned '0': CMAKE_PREFIX_PATH=/opt/ros/humble /home/antreas/.local/bin/cmake --install /home/antreas/MsC/Q2/RO47005/finalAssignment/RO47005-Project/ro47005_drone_simulator/build/drone_mpc
