[0.029s] Invoking command in '/home/mukil/MSc_Robotics/Quarter2/Planning_&_Decision_Making_(RO47005)/Project/RO47005-Project/drone_ws/build/drone_mpc': CMAKE_PREFIX_PATH=/opt/ros/humble /usr/bin/cmake /home/mukil/MSc_Robotics/Quarter2/Planning_&_Decision_Making_(RO47005)/Project/RO47005-Project/drone_ws/src/drone_mpc -DCMAKE_INSTALL_PREFIX=/home/mukil/MSc_Robotics/Quarter2/Planning_&_Decision_Making_(RO47005)/Project/RO47005-Project/drone_ws/install/drone_mpc
[0.705s] -- The C compiler identification is GNU 11.4.0
[0.705s] -- The CXX compiler identification is GNU 11.4.0
[0.705s] -- Detecting C compiler ABI info
[0.706s] -- Detecting C compiler ABI info - done
[0.706s] -- Check for working C compiler: /usr/bin/cc - skipped
[0.706s] -- Detecting C compile features
[0.706s] -- Detecting C compile features - done
[0.706s] -- Detecting CXX compiler ABI info
[0.706s] -- Detecting CXX compiler ABI info - done
[0.706s] -- Check for working CXX compiler: /usr/bin/c++ - skipped
[0.706s] -- Detecting CXX compile features
[0.706s] -- Detecting CXX compile features - done
[0.706s] -- Found ament_cmake: 1.3.10 (/opt/ros/humble/share/ament_cmake/cmake)
[0.757s] -- Found Python3: /usr/bin/python3 (found version "3.10.12") found components: Interpreter 
[0.887s] -- Found ament_lint_auto: 0.12.11 (/opt/ros/humble/share/ament_lint_auto/cmake)
[0.985s] -- Added test 'lint_cmake' to check CMake code style
[0.986s] -- Added test 'xmllint' to check XML markup files
[0.988s] -- Configuring done
[0.992s] -- Generating done
[0.993s] -- Build files have been written to: /home/mukil/MSc_Robotics/Quarter2/Planning_&_Decision_Making_(RO47005)/Project/RO47005-Project/drone_ws/build/drone_mpc
[1.028s] Invoked command in '/home/mukil/MSc_Robotics/Quarter2/Planning_&_Decision_Making_(RO47005)/Project/RO47005-Project/drone_ws/build/drone_mpc' returned '0': CMAKE_PREFIX_PATH=/opt/ros/humble /usr/bin/cmake /home/mukil/MSc_Robotics/Quarter2/Planning_&_Decision_Making_(RO47005)/Project/RO47005-Project/drone_ws/src/drone_mpc -DCMAKE_INSTALL_PREFIX=/home/mukil/MSc_Robotics/Quarter2/Planning_&_Decision_Making_(RO47005)/Project/RO47005-Project/drone_ws/install/drone_mpc
[1.032s] Invoking command in '/home/mukil/MSc_Robotics/Quarter2/Planning_&_Decision_Making_(RO47005)/Project/RO47005-Project/drone_ws/build/drone_mpc': CMAKE_PREFIX_PATH=/opt/ros/humble /usr/bin/cmake --build /home/mukil/MSc_Robotics/Quarter2/Planning_&_Decision_Making_(RO47005)/Project/RO47005-Project/drone_ws/build/drone_mpc -- -j12 -l12
[1.093s] Invoked command in '/home/mukil/MSc_Robotics/Quarter2/Planning_&_Decision_Making_(RO47005)/Project/RO47005-Project/drone_ws/build/drone_mpc' returned '0': CMAKE_PREFIX_PATH=/opt/ros/humble /usr/bin/cmake --build /home/mukil/MSc_Robotics/Quarter2/Planning_&_Decision_Making_(RO47005)/Project/RO47005-Project/drone_ws/build/drone_mpc -- -j12 -l12
[1.142s] Invoking command in '/home/mukil/MSc_Robotics/Quarter2/Planning_&_Decision_Making_(RO47005)/Project/RO47005-Project/drone_ws/build/drone_mpc': CMAKE_PREFIX_PATH=/opt/ros/humble /usr/bin/cmake --install /home/mukil/MSc_Robotics/Quarter2/Planning_&_Decision_Making_(RO47005)/Project/RO47005-Project/drone_ws/build/drone_mpc
[1.152s] -- Install configuration: ""
[1.152s] -- Installing: /home/mukil/MSc_Robotics/Quarter2/Planning_&_Decision_Making_(RO47005)/Project/RO47005-Project/drone_ws/install/drone_mpc/share/ament_index/resource_index/package_run_dependencies/drone_mpc
[1.153s] -- Installing: /home/mukil/MSc_Robotics/Quarter2/Planning_&_Decision_Making_(RO47005)/Project/RO47005-Project/drone_ws/install/drone_mpc/share/ament_index/resource_index/parent_prefix_path/drone_mpc
[1.153s] -- Installing: /home/mukil/MSc_Robotics/Quarter2/Planning_&_Decision_Making_(RO47005)/Project/RO47005-Project/drone_ws/install/drone_mpc/share/drone_mpc/environment/ament_prefix_path.sh
[1.153s] -- Installing: /home/mukil/MSc_Robotics/Quarter2/Planning_&_Decision_Making_(RO47005)/Project/RO47005-Project/drone_ws/install/drone_mpc/share/drone_mpc/environment/ament_prefix_path.dsv
[1.154s] -- Installing: /home/mukil/MSc_Robotics/Quarter2/Planning_&_Decision_Making_(RO47005)/Project/RO47005-Project/drone_ws/install/drone_mpc/share/drone_mpc/environment/path.sh
[1.154s] -- Installing: /home/mukil/MSc_Robotics/Quarter2/Planning_&_Decision_Making_(RO47005)/Project/RO47005-Project/drone_ws/install/drone_mpc/share/drone_mpc/environment/path.dsv
[1.154s] -- Installing: /home/mukil/MSc_Robotics/Quarter2/Planning_&_Decision_Making_(RO47005)/Project/RO47005-Project/drone_ws/install/drone_mpc/share/drone_mpc/local_setup.bash
[1.154s] -- Installing: /home/mukil/MSc_Robotics/Quarter2/Planning_&_Decision_Making_(RO47005)/Project/RO47005-Project/drone_ws/install/drone_mpc/share/drone_mpc/local_setup.sh
[1.155s] -- Installing: /home/mukil/MSc_Robotics/Quarter2/Planning_&_Decision_Making_(RO47005)/Project/RO47005-Project/drone_ws/install/drone_mpc/share/drone_mpc/local_setup.zsh
[1.155s] -- Installing: /home/mukil/MSc_Robotics/Quarter2/Planning_&_Decision_Making_(RO47005)/Project/RO47005-Project/drone_ws/install/drone_mpc/share/drone_mpc/local_setup.dsv
[1.155s] -- Installing: /home/mukil/MSc_Robotics/Quarter2/Planning_&_Decision_Making_(RO47005)/Project/RO47005-Project/drone_ws/install/drone_mpc/share/drone_mpc/package.dsv
[1.164s] -- Installing: /home/mukil/MSc_Robotics/Quarter2/Planning_&_Decision_Making_(RO47005)/Project/RO47005-Project/drone_ws/install/drone_mpc/share/ament_index/resource_index/packages/drone_mpc
[1.164s] -- Installing: /home/mukil/MSc_Robotics/Quarter2/Planning_&_Decision_Making_(RO47005)/Project/RO47005-Project/drone_ws/install/drone_mpc/share/drone_mpc/cmake/drone_mpcConfig.cmake
[1.165s] -- Installing: /home/mukil/MSc_Robotics/Quarter2/Planning_&_Decision_Making_(RO47005)/Project/RO47005-Project/drone_ws/install/drone_mpc/share/drone_mpc/cmake/drone_mpcConfig-version.cmake
[1.165s] -- Installing: /home/mukil/MSc_Robotics/Quarter2/Planning_&_Decision_Making_(RO47005)/Project/RO47005-Project/drone_ws/install/drone_mpc/share/drone_mpc/package.xml
[1.168s] Invoked command in '/home/mukil/MSc_Robotics/Quarter2/Planning_&_Decision_Making_(RO47005)/Project/RO47005-Project/drone_ws/build/drone_mpc' returned '0': CMAKE_PREFIX_PATH=/opt/ros/humble /usr/bin/cmake --install /home/mukil/MSc_Robotics/Quarter2/Planning_&_Decision_Making_(RO47005)/Project/RO47005-Project/drone_ws/build/drone_mpc
