running egg_info
writing ../../../build/drone_mpc_python/drone_mpc_python.egg-info/PKG-INFO
writing dependency_links to ../../../build/drone_mpc_python/drone_mpc_python.egg-info/dependency_links.txt
writing entry points to ../../../build/drone_mpc_python/drone_mpc_python.egg-info/entry_points.txt
writing requirements to ../../../build/drone_mpc_python/drone_mpc_python.egg-info/requires.txt
writing top-level names to ../../../build/drone_mpc_python/drone_mpc_python.egg-info/top_level.txt
reading manifest file '../../../build/drone_mpc_python/drone_mpc_python.egg-info/SOURCES.txt'
adding license file 'LICENSE'
writing manifest file '../../../build/drone_mpc_python/drone_mpc_python.egg-info/SOURCES.txt'
running build
running build_py
copying drone_mpc_python/drone_mpc_python.py -> /home/antreas/MsC/Q2/RO47005/finalAssignment/RO47005-Project/build/drone_mpc_python/build/lib/drone_mpc_python
running install
running install_lib
copying /home/antreas/MsC/Q2/RO47005/finalAssignment/RO47005-Project/build/drone_mpc_python/build/lib/drone_mpc_python/drone_mpc_python.py -> /home/antreas/MsC/Q2/RO47005/finalAssignment/RO47005-Project/install/drone_mpc_python/lib/python3.10/site-packages/drone_mpc_python
byte-compiling /home/antreas/MsC/Q2/RO47005/finalAssignment/RO47005-Project/install/drone_mpc_python/lib/python3.10/site-packages/drone_mpc_python/drone_mpc_python.py to drone_mpc_python.cpython-310.pyc
running install_data
running install_egg_info
removing '/home/antreas/MsC/Q2/RO47005/finalAssignment/RO47005-Project/install/drone_mpc_python/lib/python3.10/site-packages/drone_mpc_python-0.0.0-py3.10.egg-info' (and everything under it)
Copying ../../../build/drone_mpc_python/drone_mpc_python.egg-info to /home/antreas/MsC/Q2/RO47005/finalAssignment/RO47005-Project/install/drone_mpc_python/lib/python3.10/site-packages/drone_mpc_python-0.0.0-py3.10.egg-info
running install_scripts
Installing drone_mpc_python script to /home/antreas/MsC/Q2/RO47005/finalAssignment/RO47005-Project/install/drone_mpc_python/lib/drone_mpc_python
writing list of installed files to '/home/antreas/MsC/Q2/RO47005/finalAssignment/RO47005-Project/build/drone_mpc_python/install.log'
