[1.625s] Invoking command in '/home/antreas/MsC/Q2/RO47005/finalAssignment/RO47005-Project/drone_ws/src/scenario_creator': PYTHONPATH=/home/antreas/MsC/Q2/RO47005/finalAssignment/RO47005-Project/build/scenario_creator/prefix_override:/usr/lib/python3/dist-packages/colcon_core/task/python/colcon_distutils_commands:/home/antreas/MsC/Q2/RO47005/finalAssignment/RO47005-Project/install/scenario_creator/lib/python3.10/site-packages:${PYTHONPATH} /usr/bin/python3 -W ignore:setup.py install is deprecated setup.py egg_info --egg-base ../../../build/scenario_creator build --build-base /home/antreas/MsC/Q2/RO47005/finalAssignment/RO47005-Project/build/scenario_creator/build install --record /home/antreas/MsC/Q2/RO47005/finalAssignment/RO47005-Project/build/scenario_creator/install.log --single-version-externally-managed install_data
[2.004s] running egg_info
[2.005s] writing ../../../build/scenario_creator/scenario_creator.egg-info/PKG-INFO
[2.006s] writing dependency_links to ../../../build/scenario_creator/scenario_creator.egg-info/dependency_links.txt
[2.006s] writing entry points to ../../../build/scenario_creator/scenario_creator.egg-info/entry_points.txt
[2.006s] writing requirements to ../../../build/scenario_creator/scenario_creator.egg-info/requires.txt
[2.006s] writing top-level names to ../../../build/scenario_creator/scenario_creator.egg-info/top_level.txt
[2.009s] reading manifest file '../../../build/scenario_creator/scenario_creator.egg-info/SOURCES.txt'
[2.009s] adding license file 'LICENSE'
[2.010s] writing manifest file '../../../build/scenario_creator/scenario_creator.egg-info/SOURCES.txt'
[2.010s] running build
[2.011s] running build_py
[2.011s] running install
[2.011s] running install_lib
[2.013s] running install_data
[2.013s] running install_egg_info
[2.016s] removing '/home/antreas/MsC/Q2/RO47005/finalAssignment/RO47005-Project/install/scenario_creator/lib/python3.10/site-packages/scenario_creator-0.0.0-py3.10.egg-info' (and everything under it)
[2.017s] Copying ../../../build/scenario_creator/scenario_creator.egg-info to /home/antreas/MsC/Q2/RO47005/finalAssignment/RO47005-Project/install/scenario_creator/lib/python3.10/site-packages/scenario_creator-0.0.0-py3.10.egg-info
[2.019s] running install_scripts
[2.049s] writing list of installed files to '/home/antreas/MsC/Q2/RO47005/finalAssignment/RO47005-Project/build/scenario_creator/install.log'
[2.093s] Invoked command in '/home/antreas/MsC/Q2/RO47005/finalAssignment/RO47005-Project/drone_ws/src/scenario_creator' returned '0': PYTHONPATH=/home/antreas/MsC/Q2/RO47005/finalAssignment/RO47005-Project/build/scenario_creator/prefix_override:/usr/lib/python3/dist-packages/colcon_core/task/python/colcon_distutils_commands:/home/antreas/MsC/Q2/RO47005/finalAssignment/RO47005-Project/install/scenario_creator/lib/python3.10/site-packages:${PYTHONPATH} /usr/bin/python3 -W ignore:setup.py install is deprecated setup.py egg_info --egg-base ../../../build/scenario_creator build --build-base /home/antreas/MsC/Q2/RO47005/finalAssignment/RO47005-Project/build/scenario_creator/build install --record /home/antreas/MsC/Q2/RO47005/finalAssignment/RO47005-Project/build/scenario_creator/install.log --single-version-externally-managed install_data
