[1.299s] Invoking command in '/home/antreas/MsC/Q2/RO47005/finalAssignment/RO47005-Project/drone_ws/src/global_planner': PYTHONPATH=/home/antreas/MsC/Q2/RO47005/finalAssignment/RO47005-Project/drone_ws/build/global_planner/prefix_override:/usr/lib/python3/dist-packages/colcon_core/task/python/colcon_distutils_commands:/home/antreas/MsC/Q2/RO47005/finalAssignment/RO47005-Project/drone_ws/install/global_planner/lib/python3.10/site-packages:${PYTHONPATH} /usr/bin/python3 -W ignore:setup.py install is deprecated setup.py egg_info --egg-base ../../build/global_planner build --build-base /home/antreas/MsC/Q2/RO47005/finalAssignment/RO47005-Project/drone_ws/build/global_planner/build install --record /home/antreas/MsC/Q2/RO47005/finalAssignment/RO47005-Project/drone_ws/build/global_planner/install.log --single-version-externally-managed install_data
[1.598s] running egg_info
[1.599s] creating ../../build/global_planner/global_planner.egg-info
[1.599s] writing ../../build/global_planner/global_planner.egg-info/PKG-INFO
[1.600s] writing dependency_links to ../../build/global_planner/global_planner.egg-info/dependency_links.txt
[1.600s] writing entry points to ../../build/global_planner/global_planner.egg-info/entry_points.txt
[1.600s] writing requirements to ../../build/global_planner/global_planner.egg-info/requires.txt
[1.600s] writing top-level names to ../../build/global_planner/global_planner.egg-info/top_level.txt
[1.600s] writing manifest file '../../build/global_planner/global_planner.egg-info/SOURCES.txt'
[1.602s] reading manifest file '../../build/global_planner/global_planner.egg-info/SOURCES.txt'
[1.602s] adding license file 'LICENSE'
[1.603s] writing manifest file '../../build/global_planner/global_planner.egg-info/SOURCES.txt'
[1.603s] running build
[1.603s] running build_py
[1.603s] creating /home/antreas/MsC/Q2/RO47005/finalAssignment/RO47005-Project/drone_ws/build/global_planner/build
[1.604s] creating /home/antreas/MsC/Q2/RO47005/finalAssignment/RO47005-Project/drone_ws/build/global_planner/build/lib
[1.604s] creating /home/antreas/MsC/Q2/RO47005/finalAssignment/RO47005-Project/drone_ws/build/global_planner/build/lib/global_planner
[1.604s] copying global_planner/__init__.py -> /home/antreas/MsC/Q2/RO47005/finalAssignment/RO47005-Project/drone_ws/build/global_planner/build/lib/global_planner
[1.604s] running install
[1.604s] running install_lib
[1.605s] creating /home/antreas/MsC/Q2/RO47005/finalAssignment/RO47005-Project/drone_ws/install/global_planner/lib/python3.10/site-packages/global_planner
[1.605s] copying /home/antreas/MsC/Q2/RO47005/finalAssignment/RO47005-Project/drone_ws/build/global_planner/build/lib/global_planner/__init__.py -> /home/antreas/MsC/Q2/RO47005/finalAssignment/RO47005-Project/drone_ws/install/global_planner/lib/python3.10/site-packages/global_planner
[1.606s] byte-compiling /home/antreas/MsC/Q2/RO47005/finalAssignment/RO47005-Project/drone_ws/install/global_planner/lib/python3.10/site-packages/global_planner/__init__.py to __init__.cpython-310.pyc
[1.606s] running install_data
[1.606s] creating /home/antreas/MsC/Q2/RO47005/finalAssignment/RO47005-Project/drone_ws/install/global_planner/share/ament_index
[1.606s] creating /home/antreas/MsC/Q2/RO47005/finalAssignment/RO47005-Project/drone_ws/install/global_planner/share/ament_index/resource_index
[1.606s] creating /home/antreas/MsC/Q2/RO47005/finalAssignment/RO47005-Project/drone_ws/install/global_planner/share/ament_index/resource_index/packages
[1.606s] copying resource/global_planner -> /home/antreas/MsC/Q2/RO47005/finalAssignment/RO47005-Project/drone_ws/install/global_planner/share/ament_index/resource_index/packages
[1.606s] copying package.xml -> /home/antreas/MsC/Q2/RO47005/finalAssignment/RO47005-Project/drone_ws/install/global_planner/share/global_planner
[1.606s] running install_egg_info
[1.608s] Copying ../../build/global_planner/global_planner.egg-info to /home/antreas/MsC/Q2/RO47005/finalAssignment/RO47005-Project/drone_ws/install/global_planner/lib/python3.10/site-packages/global_planner-0.0.0-py3.10.egg-info
[1.609s] running install_scripts
[1.636s] writing list of installed files to '/home/antreas/MsC/Q2/RO47005/finalAssignment/RO47005-Project/drone_ws/build/global_planner/install.log'
[1.663s] Invoked command in '/home/antreas/MsC/Q2/RO47005/finalAssignment/RO47005-Project/drone_ws/src/global_planner' returned '0': PYTHONPATH=/home/antreas/MsC/Q2/RO47005/finalAssignment/RO47005-Project/drone_ws/build/global_planner/prefix_override:/usr/lib/python3/dist-packages/colcon_core/task/python/colcon_distutils_commands:/home/antreas/MsC/Q2/RO47005/finalAssignment/RO47005-Project/drone_ws/install/global_planner/lib/python3.10/site-packages:${PYTHONPATH} /usr/bin/python3 -W ignore:setup.py install is deprecated setup.py egg_info --egg-base ../../build/global_planner build --build-base /home/antreas/MsC/Q2/RO47005/finalAssignment/RO47005-Project/drone_ws/build/global_planner/build install --record /home/antreas/MsC/Q2/RO47005/finalAssignment/RO47005-Project/drone_ws/build/global_planner/install.log --single-version-externally-managed install_data
